nohup: ignoring input
[calib] tight-U0.1: K=75 medC=699 (target 700) cv=0.0122 [OK]
[calib] tight-U0.2: K=150 medC=1402 (target 1400) cv=0.0090 [OK]
[calib] tight-U0.3: K=225 medC=2100 (target 2100) cv=0.0077 [OK]
[calib] tight-U0.4: K=300 medC=2801 (target 2800) cv=0.0065 [OK]
[calib] tight-U0.5: K=375 medC=3504 (target 3500) cv=0.0145 [OK]
[calib] tight-U0.6: K=450 medC=4203 (target 4200) cv=0.0057 [OK]
[calib] tight-U0.7: K=524 medC=4892 (target 4900) cv=0.0054 [OK]
[calib] tight-U0.8: K=599 medC=5592 (target 5600) cv=0.0069 [OK]
[calib] tight-U0.9: K=674 medC=6290 (target 6300) cv=0.0047 [OK]
[calib] tight-U0.94: K=705 medC=6578 (target 6580) cv=0.0047 [OK]
[calib] soft-U0.1: K=4 medC=7157 (target 7000) cv=0.0080 [OK]
[calib] soft-U0.2: K=8 medC=13854 (target 14000) cv=0.0073 [OK]
[calib] soft-U0.3: K=12 medC=20688 (target 21000) cv=0.0040 [OK]
[calib] soft-U0.4: K=16 medC=28026 (target 28000) cv=0.0046 [OK]
[calib] soft-U0.5: K=20 medC=34755 (target 35000) cv=0.0031 [OK]
[calib] soft-U0.6: K=23 medC=40770 (target 42000) cv=0.0048 [OK]
[calib] soft-U0.7: K=28 medC=49851 (target 49000) cv=0.0028 [OK]
[calib] soft-U0.8: K=32 medC=55662 (target 56000) cv=0.0027 [OK]
[calib] soft-U0.9: K=36 medC=64059 (target 63000) cv=0.0026 [OK]
[calib] soft-U0.94: K=37 medC=64924 (target 65800) cv=0.0033 [OK]
[calib] wrote /home/azureuser/GraduationProject/research-questions/RQ1_final/models/model3-sib-res/k_table.json
[gen] wrote 20 manifest(s) under /home/azureuser/GraduationProject/research-questions/RQ1_final/models/model3-sib-res/generated
