nohup: ignoring input
[calib] tight-U0.1: K=66 medC=699 (target 700) cv=0.0257 [HIGH-CV]
[calib] tight-U0.2: K=132 medC=1395 (target 1400) cv=0.0189 [OK]
[calib] tight-U0.3: K=199 medC=2100 (target 2100) cv=0.0277 [HIGH-CV]
[calib] tight-U0.4: K=265 medC=2797 (target 2800) cv=0.0259 [HIGH-CV]
[calib] tight-U0.5: K=333 medC=3503 (target 3500) cv=0.0352 [HIGH-CV]
[calib] tight-U0.6: K=401 medC=4228 (target 4200) cv=0.0309 [HIGH-CV]
[calib] tight-U0.7: K=463 medC=4822 (target 4900) cv=0.0396 [HIGH-CV]
[calib] tight-U0.8: K=530 medC=5590 (target 5600) cv=0.0207 [HIGH-CV]
[calib] tight-U0.9: K=595 medC=6251 (target 6300) cv=0.0412 [HIGH-CV]
[calib] tight-U0.94: K=622 medC=6577 (target 6580) cv=0.0100 [OK]
[calib] soft-U0.1: K=3 medC=6231 (target 7000) cv=0.0174 [OK] -- OFF TARGET: effective U=0.062, not nominal 0.1
[calib] soft-U0.2: K=7 medC=14591 (target 14000) cv=0.0122 [OK] -- OFF TARGET: effective U=0.146, not nominal 0.2
[calib] soft-U0.3: K=10 medC=20846 (target 21000) cv=0.0106 [OK]
[calib] soft-U0.4: K=13 medC=27171 (target 28000) cv=0.0089 [OK]
[calib] soft-U0.5: K=17 medC=35443 (target 35000) cv=0.0072 [OK]
[calib] soft-U0.6: K=20 medC=41620 (target 42000) cv=0.0072 [OK]
[calib] soft-U0.7: K=24 medC=49932 (target 49000) cv=0.0091 [OK]
[calib] soft-U0.8: K=27 medC=56304 (target 56000) cv=0.0065 [OK]
[calib] soft-U0.9: K=30 medC=62640 (target 63000) cv=0.0067 [OK]
[calib] soft-U0.94: K=32 medC=66646 (target 65800) cv=0.0058 [OK]
[calib] wrote /home/azureuser/GraduationProject/research-questions/RQ1_final/models/model5-phys/k_table.json
[calib] NOTE off-target (kept deliberately, K=1 floor exceeds/undershoots target -- use effective_u from k_table.json, not the nominal label): ['soft-U0.1', 'soft-U0.2']
[calib] WARNING high CV (freq not pinned / core not isolated?): ['tight-U0.1', 'tight-U0.3', 'tight-U0.4', 'tight-U0.5', 'tight-U0.6', 'tight-U0.7', 'tight-U0.8', 'tight-U0.9']
[gen] wrote 20 manifest(s) under /home/azureuser/GraduationProject/research-questions/RQ1_final/models/model5-phys/generated
[gen] wrote 20 manifest(s) under /home/azureuser/GraduationProject/research-questions/RQ1_final/models/model5-phys/generated
