nohup: ignoring input
[calib] tight-U0.1: K=68 medC=695 (target 700) cv=0.0175 [OK]
[calib] tight-U0.2: K=137 medC=1393 (target 1400) cv=0.0376 [HIGH-CV]
[calib] tight-U0.3: K=205 medC=2099 (target 2100) cv=0.0253 [HIGH-CV]
[calib] tight-U0.4: K=276 medC=2821 (target 2800) cv=0.0155 [OK]
[calib] tight-U0.5: K=342 medC=3461 (target 3500) cv=0.0378 [HIGH-CV]
[calib] tight-U0.6: K=410 medC=4187 (target 4200) cv=0.0230 [HIGH-CV]
[calib] tight-U0.7: K=477 medC=4879 (target 4900) cv=0.0191 [OK]
[calib] tight-U0.8: K=547 medC=5478 (target 5600) cv=0.0528 [HIGH-CV]
[calib] tight-U0.9: K=617 medC=6312 (target 6300) cv=0.0264 [HIGH-CV]
[calib] tight-U0.94: K=657 medC=6466 (target 6580) cv=0.0376 [HIGH-CV]
[calib] soft-U0.1: K=3 medC=6024 (target 7000) cv=0.0115 [OK] -- OFF TARGET: effective U=0.060, not nominal 0.1
[calib] soft-U0.2: K=7 medC=14092 (target 14000) cv=0.0122 [OK]
[calib] soft-U0.3: K=10 medC=20094 (target 21000) cv=0.0064 [OK] -- OFF TARGET: effective U=0.201, not nominal 0.3
[calib] soft-U0.4: K=14 medC=28130 (target 28000) cv=0.0062 [OK]
[calib] soft-U0.5: K=17 medC=34221 (target 35000) cv=0.0061 [OK]
[calib] soft-U0.6: K=21 medC=42209 (target 42000) cv=0.0038 [OK]
[calib] soft-U0.7: K=24 medC=48401 (target 49000) cv=0.0062 [OK]
[calib] soft-U0.8: K=28 medC=56281 (target 56000) cv=0.0041 [OK]
[calib] soft-U0.9: K=31 medC=62353 (target 63000) cv=0.0043 [OK]
[calib] soft-U0.94: K=33 medC=66357 (target 65800) cv=0.0034 [OK]
[calib] wrote /home/azureuser/GraduationProject/research-questions/RQ1_final/models/model5-smt/k_table.json
[calib] NOTE off-target (kept deliberately, K=1 floor exceeds/undershoots target -- use effective_u from k_table.json, not the nominal label): ['soft-U0.1', 'soft-U0.3']
[calib] WARNING high CV (freq not pinned / core not isolated?): ['tight-U0.2', 'tight-U0.3', 'tight-U0.5', 'tight-U0.6', 'tight-U0.8', 'tight-U0.9', 'tight-U0.94']
[gen] wrote 20 manifest(s) under /home/azureuser/GraduationProject/research-questions/RQ1_final/models/model5-smt/generated
[gen] wrote 20 manifest(s) under /home/azureuser/GraduationProject/research-questions/RQ1_final/models/model5-smt/generated
[gen] wrote 20 manifest(s) under /home/azureuser/GraduationProject/research-questions/RQ1_final/models/model5-smt/generated
