nohup: ignoring input
[run] model=model5-phys ns=m5-phys agent=rq1-agent-tlf4m cells=20 has_neighbours=0 has_competitor=0
[run] *** workload=sieve (workload.c; the WORKLOAD_KIND=matmul label below is a harmless leftover default from RQ1's matmul/primes split -- RQ1_final only ever runs the sieve binary) GEN_DIR=generated k_table=k_table.json ***
[run] === soft/U0.1 (models/model5-phys/generated/soft/U0.1.yaml) ===
[run] running...
[run] collected 5000/5000 rows -> results/model5-phys/soft/U0.1
[run] === soft/U0.2 (models/model5-phys/generated/soft/U0.2.yaml) ===
[run] running...
./run_job.sh: line 693: results/model5-phys/soft/U0.2/jobs.csv: No such file or directory
./run_job.sh: line 694: results/model5-phys/soft/U0.2/jobs.csv: No such file or directory
[run] WARNING soft/U0.2: collected 0/5000 rows (attempt 1/4)
[run] --- retrying cell (attempt 2/4): collected 0/5000 rows ---
./run_job.sh: line 628: results/model5-phys/soft/U0.2/placement.json: No such file or directory
[run] running...
./run_job.sh: line 644: results/model5-phys/soft/U0.2/corunner_liveness.log: No such file or directory
./run_job.sh: line 693: results/model5-phys/soft/U0.2/jobs.csv: No such file or directory
./run_job.sh: line 694: results/model5-phys/soft/U0.2/jobs.csv: No such file or directory
[run] WARNING soft/U0.2: collected 0/5000 rows (attempt 2/4)
[run] --- retrying cell (attempt 3/4): collected 0/5000 rows ---
./run_job.sh: line 628: results/model5-phys/soft/U0.2/placement.json: No such file or directory
[run] running...
./run_job.sh: line 644: results/model5-phys/soft/U0.2/corunner_liveness.log: No such file or directory
./run_job.sh: line 693: results/model5-phys/soft/U0.2/jobs.csv: No such file or directory
./run_job.sh: line 694: results/model5-phys/soft/U0.2/jobs.csv: No such file or directory
[run] WARNING soft/U0.2: collected 0/5000 rows (attempt 3/4)
[run] --- retrying cell (attempt 4/4): collected 0/5000 rows ---
./run_job.sh: line 628: results/model5-phys/soft/U0.2/placement.json: No such file or directory
[run] running...
./run_job.sh: line 644: results/model5-phys/soft/U0.2/corunner_liveness.log: No such file or directory
./run_job.sh: line 693: results/model5-phys/soft/U0.2/jobs.csv: No such file or directory
./run_job.sh: line 694: results/model5-phys/soft/U0.2/jobs.csv: No such file or directory
[run] WARNING soft/U0.2: collected 0/5000 rows (attempt 4/4)
[run] FAILED soft/U0.2 after 4 attempt(s): collected 0/5000 rows
[run] === soft/U0.3 (models/model5-phys/generated/soft/U0.3.yaml) ===
[run] running...
[run] collected 5000/5000 rows -> results/model5-phys/soft/U0.3
[run] === soft/U0.4 (models/model5-phys/generated/soft/U0.4.yaml) ===
[run] running...
[run] collected 5000/5000 rows -> results/model5-phys/soft/U0.4
[run] === soft/U0.5 (models/model5-phys/generated/soft/U0.5.yaml) ===
[run] running...
[run] collected 5000/5000 rows -> results/model5-phys/soft/U0.5
[run] === soft/U0.6 (models/model5-phys/generated/soft/U0.6.yaml) ===
[run] running...
[run] collected 5000/5000 rows -> results/model5-phys/soft/U0.6
[run] === soft/U0.7 (models/model5-phys/generated/soft/U0.7.yaml) ===
[run] running...
[run] collected 5000/5000 rows -> results/model5-phys/soft/U0.7
[run] === soft/U0.8 (models/model5-phys/generated/soft/U0.8.yaml) ===
[run] running...
[run] collected 5000/5000 rows -> results/model5-phys/soft/U0.8
[run] === soft/U0.9 (models/model5-phys/generated/soft/U0.9.yaml) ===
[run] running...
[run] collected 5000/5000 rows -> results/model5-phys/soft/U0.9
[run] === soft/U0.94 (models/model5-phys/generated/soft/U0.94.yaml) ===
[run] running...
[run] collected 5000/5000 rows -> results/model5-phys/soft/U0.94
[run] kubepods-besteffort.slice period mismatch (have 100000, need 10000) -- resetting
[run] kubepods-besteffort.slice period now 10000, runtime cleared
[run] === tight/U0.1 (models/model5-phys/generated/tight/U0.1.yaml) ===
[run] running...
[run] collected 5000/5000 rows -> results/model5-phys/tight/U0.1
[run] === tight/U0.2 (models/model5-phys/generated/tight/U0.2.yaml) ===
[run] running...
[run] collected 5000/5000 rows -> results/model5-phys/tight/U0.2
[run] === tight/U0.3 (models/model5-phys/generated/tight/U0.3.yaml) ===
[run] running...
[run] collected 5000/5000 rows -> results/model5-phys/tight/U0.3
[run] === tight/U0.4 (models/model5-phys/generated/tight/U0.4.yaml) ===
[run] running...
[run] collected 5000/5000 rows -> results/model5-phys/tight/U0.4
[run] === tight/U0.5 (models/model5-phys/generated/tight/U0.5.yaml) ===
[run] running...
[run] collected 5000/5000 rows -> results/model5-phys/tight/U0.5
[run] === tight/U0.6 (models/model5-phys/generated/tight/U0.6.yaml) ===
[run] running...
[run] collected 5000/5000 rows -> results/model5-phys/tight/U0.6
[run] === tight/U0.7 (models/model5-phys/generated/tight/U0.7.yaml) ===
[run] running...
[run] collected 5000/5000 rows -> results/model5-phys/tight/U0.7
[run] === tight/U0.8 (models/model5-phys/generated/tight/U0.8.yaml) ===
[run] running...
[run] collected 5000/5000 rows -> results/model5-phys/tight/U0.8
[run] === tight/U0.9 (models/model5-phys/generated/tight/U0.9.yaml) ===
[run] running...
[run] collected 5000/5000 rows -> results/model5-phys/tight/U0.9
[run] === tight/U0.94 (models/model5-phys/generated/tight/U0.94.yaml) ===
[run] running...
[run] collected 5000/5000 rows -> results/model5-phys/tight/U0.94

[run] --- 1 cell(s) failed during the main sweep; retrying them once more now that the rest of the sweep is done ---
[run] === soft/U0.2 (models/model5-phys/generated/soft/U0.2.yaml) ===
[run] running...
[run] collected 5000/5000 rows -> results/model5-phys/soft/U0.2

[run] done. all 20 cell(s) collected their expected row count.
[run] results under results/model5-phys/
