nohup: ignoring input
[run] model=model1 ns=m1 agent=rq1-agent-4m4kc cells=20 has_neighbours=0 has_competitor=0
[run] *** workload=sieve (workload.c; the WORKLOAD_KIND=matmul label below is a harmless leftover default from RQ1's matmul/primes split -- RQ1_final only ever runs the sieve binary) GEN_DIR=generated k_table=k_table.json ***
[run] === soft/U0.1 (models/model1/generated/soft/U0.1.yaml) ===
Error from server (AlreadyExists): error when creating "STDIN": object is being deleted: pods "model1-soft-u10" already exists
[run] running...
[run] WARNING soft/U0.1: collected 344/5000 rows (attempt 1/4)
[run] --- retrying cell (attempt 2/4): collected 344/5000 rows ---
[run] running...
[run] collected 5000/5000 rows -> results/model1_round4/soft/U0.1
[run] === soft/U0.2 (models/model1/generated/soft/U0.2.yaml) ===
[run] running...
[run] collected 5000/5000 rows -> results/model1_round4/soft/U0.2
[run] === soft/U0.3 (models/model1/generated/soft/U0.3.yaml) ===
[run] running...
[run] collected 5000/5000 rows -> results/model1_round4/soft/U0.3
[run] === soft/U0.4 (models/model1/generated/soft/U0.4.yaml) ===
[run] running...
[run] collected 5000/5000 rows -> results/model1_round4/soft/U0.4
[run] === soft/U0.5 (models/model1/generated/soft/U0.5.yaml) ===
[run] running...
[run] collected 5000/5000 rows -> results/model1_round4/soft/U0.5
[run] === soft/U0.6 (models/model1/generated/soft/U0.6.yaml) ===
[run] running...
[run] collected 5000/5000 rows -> results/model1_round4/soft/U0.6
[run] === soft/U0.7 (models/model1/generated/soft/U0.7.yaml) ===
[run] running...
[run] collected 5000/5000 rows -> results/model1_round4/soft/U0.7
[run] === soft/U0.8 (models/model1/generated/soft/U0.8.yaml) ===
[run] running...
[run] collected 5000/5000 rows -> results/model1_round4/soft/U0.8
[run] === soft/U0.9 (models/model1/generated/soft/U0.9.yaml) ===
[run] running...
[run] collected 5000/5000 rows -> results/model1_round4/soft/U0.9
[run] === soft/U0.94 (models/model1/generated/soft/U0.94.yaml) ===
[run] running...
[run] collected 5000/5000 rows -> results/model1_round4/soft/U0.94
[run] kubepods-besteffort.slice period mismatch (have 100000, need 10000) -- resetting
[run] kubepods-besteffort.slice period now 10000, runtime cleared
[run] === tight/U0.1 (models/model1/generated/tight/U0.1.yaml) ===
[run] running...
[run] collected 5000/5000 rows -> results/model1_round4/tight/U0.1
[run] === tight/U0.2 (models/model1/generated/tight/U0.2.yaml) ===
[run] running...
[run] collected 5000/5000 rows -> results/model1_round4/tight/U0.2
[run] === tight/U0.3 (models/model1/generated/tight/U0.3.yaml) ===
[run] running...
[run] collected 5000/5000 rows -> results/model1_round4/tight/U0.3
[run] === tight/U0.4 (models/model1/generated/tight/U0.4.yaml) ===
[run] running...
[run] collected 5000/5000 rows -> results/model1_round4/tight/U0.4
[run] === tight/U0.5 (models/model1/generated/tight/U0.5.yaml) ===
[run] running...
[run] collected 5000/5000 rows -> results/model1_round4/tight/U0.5
[run] === tight/U0.6 (models/model1/generated/tight/U0.6.yaml) ===
[run] running...
[run] collected 5000/5000 rows -> results/model1_round4/tight/U0.6
[run] === tight/U0.7 (models/model1/generated/tight/U0.7.yaml) ===
[run] running...
[run] collected 5000/5000 rows -> results/model1_round4/tight/U0.7
[run] === tight/U0.8 (models/model1/generated/tight/U0.8.yaml) ===
[run] running...
[run] collected 5000/5000 rows -> results/model1_round4/tight/U0.8
[run] === tight/U0.9 (models/model1/generated/tight/U0.9.yaml) ===
[run] running...
[run] collected 5000/5000 rows -> results/model1_round4/tight/U0.9
[run] === tight/U0.94 (models/model1/generated/tight/U0.94.yaml) ===
[run] running...
[run] collected 5000/5000 rows -> results/model1_round4/tight/U0.94

[run] done. all 20 cell(s) collected their expected row count.
[run] results under results/model1_round4/
