nohup: ignoring input
[run] model=model3-phys-cfs ns=m3-physcfs agent=rq1-agent-kfmlz cells=20 has_neighbours=0 has_competitor=1
[run] *** workload=sieve (workload.c; the WORKLOAD_KIND=matmul label below is a harmless leftover default from RQ1's matmul/primes split -- RQ1_final only ever runs the sieve binary) GEN_DIR=generated k_table=k_table.json ***
[run] model3 arm: PAIR_TYPE=physical COMPETITOR_TYPE=unreserved
[run] kubepods-besteffort.slice period mismatch (have 10000, need 100000) -- resetting
[run] kubepods-besteffort.slice period now 100000, runtime cleared
[run] soft: unreserved competitor fixed on cpu1 (avoiding KEEP_CPU=0), confirmed actually executing, running for the whole scale
[run] soft: target will be forced onto {2 3} for every cell (PAIR_TYPE=physical vs competitor cpu1)
[run] === soft/U0.1 (models/model3-phys-cfs/generated/soft/U0.1.yaml) ===
[run] competitor fixed on cpu1, target forced to cpu2 -- confirmed, competitor already running for this whole scale
[run] competitor re-confirmed actually executing for this cell
[run] running...
[run] co-runner (interferer) own jobs.csv row count at cell end: 5203
[run] collected 5000/5000 rows -> results/model3-phys-cfs_round2/soft/U0.1
[run] === soft/U0.2 (models/model3-phys-cfs/generated/soft/U0.2.yaml) ===
[run] competitor fixed on cpu1, target forced to cpu2 -- confirmed, competitor already running for this whole scale
[run] competitor re-confirmed actually executing for this cell
[run] running...
[run] co-runner (interferer) own jobs.csv row count at cell end: 10579
[run] collected 5000/5000 rows -> results/model3-phys-cfs_round2/soft/U0.2
[run] === soft/U0.3 (models/model3-phys-cfs/generated/soft/U0.3.yaml) ===
[run] competitor fixed on cpu1, target forced to cpu2 -- confirmed, competitor already running for this whole scale
[run] competitor re-confirmed actually executing for this cell
[run] running...
[run] co-runner (interferer) own jobs.csv row count at cell end: 15919
[run] collected 5000/5000 rows -> results/model3-phys-cfs_round2/soft/U0.3
[run] === soft/U0.4 (models/model3-phys-cfs/generated/soft/U0.4.yaml) ===
[run] competitor fixed on cpu1, target forced to cpu2 -- confirmed, competitor already running for this whole scale
[run] competitor re-confirmed actually executing for this cell
[run] running...
[run] co-runner (interferer) own jobs.csv row count at cell end: 21289
[run] collected 5000/5000 rows -> results/model3-phys-cfs_round2/soft/U0.4
[run] === soft/U0.5 (models/model3-phys-cfs/generated/soft/U0.5.yaml) ===
[run] competitor fixed on cpu1, target forced to cpu2 -- confirmed, competitor already running for this whole scale
[run] competitor re-confirmed actually executing for this cell
[run] running...
[run] co-runner (interferer) own jobs.csv row count at cell end: 26629
[run] collected 5000/5000 rows -> results/model3-phys-cfs_round2/soft/U0.5
[run] === soft/U0.6 (models/model3-phys-cfs/generated/soft/U0.6.yaml) ===
[run] competitor fixed on cpu1, target forced to cpu2 -- confirmed, competitor already running for this whole scale
[run] competitor re-confirmed actually executing for this cell
[run] running...
[run] co-runner (interferer) own jobs.csv row count at cell end: 31969
[run] collected 5000/5000 rows -> results/model3-phys-cfs_round2/soft/U0.6
[run] === soft/U0.7 (models/model3-phys-cfs/generated/soft/U0.7.yaml) ===
[run] competitor fixed on cpu1, target forced to cpu2 -- confirmed, competitor already running for this whole scale
[run] competitor re-confirmed actually executing for this cell
[run] running...
[run] co-runner (interferer) own jobs.csv row count at cell end: 37309
[run] collected 5000/5000 rows -> results/model3-phys-cfs_round2/soft/U0.7
[run] === soft/U0.8 (models/model3-phys-cfs/generated/soft/U0.8.yaml) ===
[run] competitor fixed on cpu1, target forced to cpu2 -- confirmed, competitor already running for this whole scale
[run] competitor re-confirmed actually executing for this cell
[run] running...
[run] co-runner (interferer) own jobs.csv row count at cell end: 42679
[run] collected 5000/5000 rows -> results/model3-phys-cfs_round2/soft/U0.8
[run] === soft/U0.9 (models/model3-phys-cfs/generated/soft/U0.9.yaml) ===
[run] competitor fixed on cpu1, target forced to cpu2 -- confirmed, competitor already running for this whole scale
[run] competitor re-confirmed actually executing for this cell
[run] running...
[run] co-runner (interferer) own jobs.csv row count at cell end: 48019
[run] collected 5000/5000 rows -> results/model3-phys-cfs_round2/soft/U0.9
[run] === soft/U0.94 (models/model3-phys-cfs/generated/soft/U0.94.yaml) ===
[run] competitor fixed on cpu1, target forced to cpu2 -- confirmed, competitor already running for this whole scale
[run] competitor re-confirmed actually executing for this cell
[run] running...
[run] co-runner (interferer) own jobs.csv row count at cell end: 53389
[run] collected 5000/5000 rows -> results/model3-phys-cfs_round2/soft/U0.94
[run] kubepods-besteffort.slice period mismatch (have 100000, need 10000) -- resetting
[run] kubepods-besteffort.slice period now 10000, runtime cleared
[run] tight: unreserved competitor fixed on cpu1 (avoiding KEEP_CPU=0), confirmed actually executing, running for the whole scale
[run] tight: target will be forced onto {2 3} for every cell (PAIR_TYPE=physical vs competitor cpu1)
[run] === tight/U0.1 (models/model3-phys-cfs/generated/tight/U0.1.yaml) ===
[run] competitor fixed on cpu1, target forced to cpu2 -- confirmed, competitor already running for this whole scale
[run] competitor re-confirmed actually executing for this cell
[run] running...
[run] co-runner (interferer) own jobs.csv row count at cell end: 6215
[run] collected 5000/5000 rows -> results/model3-phys-cfs_round2/tight/U0.1
[run] === tight/U0.2 (models/model3-phys-cfs/generated/tight/U0.2.yaml) ===
[run] competitor fixed on cpu1, target forced to cpu2 -- confirmed, competitor already running for this whole scale
[run] competitor re-confirmed actually executing for this cell
[run] running...
[run] co-runner (interferer) own jobs.csv row count at cell end: 13321
[run] collected 5000/5000 rows -> results/model3-phys-cfs_round2/tight/U0.2
[run] === tight/U0.3 (models/model3-phys-cfs/generated/tight/U0.3.yaml) ===
[run] competitor fixed on cpu1, target forced to cpu2 -- confirmed, competitor already running for this whole scale
[run] competitor re-confirmed actually executing for this cell
[run] running...
[run] co-runner (interferer) own jobs.csv row count at cell end: 20458
[run] collected 5000/5000 rows -> results/model3-phys-cfs_round2/tight/U0.3
[run] === tight/U0.4 (models/model3-phys-cfs/generated/tight/U0.4.yaml) ===
[run] competitor fixed on cpu1, target forced to cpu2 -- confirmed, competitor already running for this whole scale
[run] competitor re-confirmed actually executing for this cell
[run] running...
[run] co-runner (interferer) own jobs.csv row count at cell end: 27579
[run] collected 5000/5000 rows -> results/model3-phys-cfs_round2/tight/U0.4
[run] === tight/U0.5 (models/model3-phys-cfs/generated/tight/U0.5.yaml) ===
[run] competitor fixed on cpu1, target forced to cpu2 -- confirmed, competitor already running for this whole scale
[run] competitor re-confirmed actually executing for this cell
[run] running...
[run] co-runner (interferer) own jobs.csv row count at cell end: 34787
[run] collected 5000/5000 rows -> results/model3-phys-cfs_round2/tight/U0.5
[run] === tight/U0.6 (models/model3-phys-cfs/generated/tight/U0.6.yaml) ===
[run] competitor fixed on cpu1, target forced to cpu2 -- confirmed, competitor already running for this whole scale
[run] competitor re-confirmed actually executing for this cell
[run] running...
[run] co-runner (interferer) own jobs.csv row count at cell end: 41912
[run] collected 5000/5000 rows -> results/model3-phys-cfs_round2/tight/U0.6
[run] === tight/U0.7 (models/model3-phys-cfs/generated/tight/U0.7.yaml) ===
[run] competitor fixed on cpu1, target forced to cpu2 -- confirmed, competitor already running for this whole scale
[run] competitor re-confirmed actually executing for this cell
[run] running...
[run] co-runner (interferer) own jobs.csv row count at cell end: 49070
[run] collected 5000/5000 rows -> results/model3-phys-cfs_round2/tight/U0.7
[run] === tight/U0.8 (models/model3-phys-cfs/generated/tight/U0.8.yaml) ===
[run] competitor fixed on cpu1, target forced to cpu2 -- confirmed, competitor already running for this whole scale
[run] competitor re-confirmed actually executing for this cell
[run] running...
[run] co-runner (interferer) own jobs.csv row count at cell end: 56228
[run] collected 5000/5000 rows -> results/model3-phys-cfs_round2/tight/U0.8
[run] === tight/U0.9 (models/model3-phys-cfs/generated/tight/U0.9.yaml) ===
[run] competitor fixed on cpu1, target forced to cpu2 -- confirmed, competitor already running for this whole scale
[run] competitor re-confirmed actually executing for this cell
[run] running...
[run] co-runner (interferer) own jobs.csv row count at cell end: 63479
[run] collected 5000/5000 rows -> results/model3-phys-cfs_round2/tight/U0.9
[run] === tight/U0.94 (models/model3-phys-cfs/generated/tight/U0.94.yaml) ===
[run] competitor fixed on cpu1, target forced to cpu3 -- confirmed, competitor already running for this whole scale
[run] competitor re-confirmed actually executing for this cell
[run] running...
[run] co-runner (interferer) own jobs.csv row count at cell end: 70690
[run] collected 5000/5000 rows -> results/model3-phys-cfs_round2/tight/U0.94

[run] done. all 20 cell(s) collected their expected row count.
[run] results under results/model3-phys-cfs_round2/
