nohup: ignoring input
[run] model=model3-sib-res ns=m3-sibres agent=rq1-agent-h22j2 cells=20 has_neighbours=0 has_competitor=1
[run] *** workload=sieve (workload.c; the WORKLOAD_KIND=matmul label below is a harmless leftover default from RQ1's matmul/primes split -- RQ1_final only ever runs the sieve binary) GEN_DIR=generated k_table=k_table.json ***
[run] model3 arm: PAIR_TYPE=sibling COMPETITOR_TYPE=reserved
[run] kubepods-besteffort.slice period mismatch (have 10000, need 100000) -- resetting
[run] kubepods-besteffort.slice period now 100000, runtime cleared
[run] soft: reserved competitor landed on cpu2 (avoiding KEEP_CPU=0), confirmed actually executing, running for the whole scale
[run] soft: target will be forced onto {3} for every cell (PAIR_TYPE=sibling vs competitor cpu2)
[run] === soft/U0.1 (models/model3-sib-res/generated/soft/U0.1.yaml) ===
[run] competitor fixed on cpu2, target forced to cpu3 -- confirmed, competitor already running for this whole scale
[run] competitor re-confirmed actually executing for this cell
[run] running...
[run] co-runner (competitor) own jobs.csv row count at cell end: 10246
[run] collected 5000/5000 rows -> results/model3-sib-res_round2/soft/U0.1
[run] === soft/U0.2 (models/model3-sib-res/generated/soft/U0.2.yaml) ===
[run] competitor fixed on cpu2, target forced to cpu3 -- confirmed, competitor already running for this whole scale
[run] competitor re-confirmed actually executing for this cell
[run] running...
[run] co-runner (competitor) own jobs.csv row count at cell end: 15591
[run] collected 5000/5000 rows -> results/model3-sib-res_round2/soft/U0.2
[run] === soft/U0.3 (models/model3-sib-res/generated/soft/U0.3.yaml) ===
[run] competitor fixed on cpu2, target forced to cpu3 -- confirmed, competitor already running for this whole scale
[run] competitor re-confirmed actually executing for this cell
[run] running...
[run] co-runner (competitor) own jobs.csv row count at cell end: 21750
[run] collected 5000/5000 rows -> results/model3-sib-res_round2/soft/U0.3
[run] === soft/U0.4 (models/model3-sib-res/generated/soft/U0.4.yaml) ===
[run] competitor fixed on cpu2, target forced to cpu3 -- confirmed, competitor already running for this whole scale
[run] competitor re-confirmed actually executing for this cell
[run] running...
[run] co-runner (competitor) own jobs.csv row count at cell end: 27093
[run] collected 5000/5000 rows -> results/model3-sib-res_round2/soft/U0.4
[run] === soft/U0.5 (models/model3-sib-res/generated/soft/U0.5.yaml) ===
[run] competitor fixed on cpu2, target forced to cpu3 -- confirmed, competitor already running for this whole scale
[run] competitor re-confirmed actually executing for this cell
[run] running...
[run] co-runner (competitor) own jobs.csv row count at cell end: 32421
[run] collected 5000/5000 rows -> results/model3-sib-res_round2/soft/U0.5
[run] === soft/U0.6 (models/model3-sib-res/generated/soft/U0.6.yaml) ===
[run] competitor fixed on cpu2, target forced to cpu3 -- confirmed, competitor already running for this whole scale
[run] competitor re-confirmed actually executing for this cell
[run] running...
[run] co-runner (competitor) own jobs.csv row count at cell end: 37444
[run] collected 5000/5000 rows -> results/model3-sib-res_round2/soft/U0.6
[run] === soft/U0.7 (models/model3-sib-res/generated/soft/U0.7.yaml) ===
[run] competitor fixed on cpu2, target forced to cpu3 -- confirmed, competitor already running for this whole scale
[run] competitor re-confirmed actually executing for this cell
[run] running...
[run] co-runner (competitor) own jobs.csv row count at cell end: 41275
[run] collected 5000/5000 rows -> results/model3-sib-res_round2/soft/U0.7
[run] === soft/U0.8 (models/model3-sib-res/generated/soft/U0.8.yaml) ===
[run] competitor fixed on cpu2, target forced to cpu3 -- confirmed, competitor already running for this whole scale
[run] competitor re-confirmed actually executing for this cell
[run] running...
[run] co-runner (competitor) own jobs.csv row count at cell end: 44058
[run] collected 5000/5000 rows -> results/model3-sib-res_round2/soft/U0.8
[run] === soft/U0.9 (models/model3-sib-res/generated/soft/U0.9.yaml) ===
[run] competitor fixed on cpu2, target forced to cpu3 -- confirmed, competitor already running for this whole scale
[run] competitor re-confirmed actually executing for this cell
[run] running...
[run] co-runner (competitor) own jobs.csv row count at cell end: 46912
[run] collected 5000/5000 rows -> results/model3-sib-res_round2/soft/U0.9
[run] === soft/U0.94 (models/model3-sib-res/generated/soft/U0.94.yaml) ===
[run] competitor fixed on cpu2, target forced to cpu3 -- confirmed, competitor already running for this whole scale
[run] competitor re-confirmed actually executing for this cell
[run] running...
[run] co-runner (competitor) own jobs.csv row count at cell end: 51802
[run] collected 5000/5000 rows -> results/model3-sib-res_round2/soft/U0.94
[run] kubepods-besteffort.slice period mismatch (have 100000, need 10000) -- resetting
[run] kubepods-besteffort.slice period now 10000, runtime cleared
[run] tight: reserved competitor landed on cpu2 (avoiding KEEP_CPU=0), confirmed actually executing, running for the whole scale
[run] tight: target will be forced onto {3} for every cell (PAIR_TYPE=sibling vs competitor cpu2)
[run] === tight/U0.1 (models/model3-sib-res/generated/tight/U0.1.yaml) ===
[run] competitor fixed on cpu2, target forced to cpu3 -- confirmed, competitor already running for this whole scale
[run] competitor re-confirmed actually executing for this cell
[run] running...
[run] co-runner (competitor) own jobs.csv row count at cell end: 11144
[run] collected 5000/5000 rows -> results/model3-sib-res_round2/tight/U0.1
[run] === tight/U0.2 (models/model3-sib-res/generated/tight/U0.2.yaml) ===
[run] competitor fixed on cpu2, target forced to cpu3 -- confirmed, competitor already running for this whole scale
[run] competitor re-confirmed actually executing for this cell
[run] running...
[run] co-runner (competitor) own jobs.csv row count at cell end: 22845
[run] collected 5000/5000 rows -> results/model3-sib-res_round2/tight/U0.2
[run] === tight/U0.3 (models/model3-sib-res/generated/tight/U0.3.yaml) ===
[run] competitor fixed on cpu2, target forced to cpu3 -- confirmed, competitor already running for this whole scale
[run] competitor re-confirmed actually executing for this cell
[run] running...
[run] co-runner (competitor) own jobs.csv row count at cell end: 30134
[run] collected 5000/5000 rows -> results/model3-sib-res_round2/tight/U0.3
[run] === tight/U0.4 (models/model3-sib-res/generated/tight/U0.4.yaml) ===
[run] competitor fixed on cpu2, target forced to cpu3 -- confirmed, competitor already running for this whole scale
[run] competitor re-confirmed actually executing for this cell
[run] running...
[run] co-runner (competitor) own jobs.csv row count at cell end: 37355
[run] collected 5000/5000 rows -> results/model3-sib-res_round2/tight/U0.4
[run] === tight/U0.5 (models/model3-sib-res/generated/tight/U0.5.yaml) ===
[run] competitor fixed on cpu2, target forced to cpu3 -- confirmed, competitor already running for this whole scale
[run] competitor re-confirmed actually executing for this cell
[run] running...
[run] co-runner (competitor) own jobs.csv row count at cell end: 44646
[run] collected 5000/5000 rows -> results/model3-sib-res_round2/tight/U0.5
[run] === tight/U0.6 (models/model3-sib-res/generated/tight/U0.6.yaml) ===
[run] competitor fixed on cpu2, target forced to cpu3 -- confirmed, competitor already running for this whole scale
[run] competitor re-confirmed actually executing for this cell
[run] running...
[run] co-runner (competitor) own jobs.csv row count at cell end: 49315
[run] collected 5000/5000 rows -> results/model3-sib-res_round2/tight/U0.6
[run] === tight/U0.7 (models/model3-sib-res/generated/tight/U0.7.yaml) ===
[run] competitor fixed on cpu2, target forced to cpu3 -- confirmed, competitor already running for this whole scale
[run] competitor re-confirmed actually executing for this cell
[run] running...
[run] co-runner (competitor) own jobs.csv row count at cell end: 56501
[run] collected 5000/5000 rows -> results/model3-sib-res_round2/tight/U0.7
[run] === tight/U0.8 (models/model3-sib-res/generated/tight/U0.8.yaml) ===
[run] competitor fixed on cpu2, target forced to cpu3 -- confirmed, competitor already running for this whole scale
[run] competitor re-confirmed actually executing for this cell
[run] running...
[run] co-runner (competitor) own jobs.csv row count at cell end: 63570
[run] collected 5000/5000 rows -> results/model3-sib-res_round2/tight/U0.8
[run] === tight/U0.9 (models/model3-sib-res/generated/tight/U0.9.yaml) ===
[run] competitor fixed on cpu2, target forced to cpu3 -- confirmed, competitor already running for this whole scale
[run] competitor re-confirmed actually executing for this cell
[run] running...
[run] co-runner (competitor) own jobs.csv row count at cell end: 70567
[run] collected 5000/5000 rows -> results/model3-sib-res_round2/tight/U0.9
[run] === tight/U0.94 (models/model3-sib-res/generated/tight/U0.94.yaml) ===
[run] competitor fixed on cpu2, target forced to cpu3 -- confirmed, competitor already running for this whole scale
[run] competitor re-confirmed actually executing for this cell
[run] running...
[run] co-runner (competitor) own jobs.csv row count at cell end: 77565
[run] collected 5000/5000 rows -> results/model3-sib-res_round2/tight/U0.94

[run] done. all 20 cell(s) collected their expected row count.
[run] results under results/model3-sib-res_round2/
