nohup: ignoring input
[calib] tight-U0.1: K=66 medC=699 (target 700) cv=0.0120 [OK]
[calib] tight-U0.2: K=132 medC=1395 (target 1400) cv=0.0166 [OK]
[calib] tight-U0.3: K=199 medC=2104 (target 2100) cv=0.0143 [OK]
[calib] tight-U0.4: K=264 medC=2760 (target 2800) cv=0.0535 [HIGH-CV]
[calib] tight-U0.5: K=331 medC=3495 (target 3500) cv=0.0170 [OK]
[calib] tight-U0.6: K=397 medC=4156 (target 4200) cv=0.0311 [HIGH-CV]
[calib] tight-U0.7: K=463 medC=4907 (target 4900) cv=0.0146 [OK]
[calib] tight-U0.8: K=529 medC=5567 (target 5600) cv=0.0445 [HIGH-CV]
[calib] tight-U0.9: K=597 medC=6316 (target 6300) cv=0.0207 [HIGH-CV]
[calib] tight-U0.94: K=621 medC=6576 (target 6580) cv=0.0112 [OK]
[calib] soft-U0.1: K=3 medC=6242 (target 7000) cv=0.0196 [OK] -- OFF TARGET: effective U=0.062, not nominal 0.1
[calib] soft-U0.2: K=7 medC=14621 (target 14000) cv=0.0118 [OK] -- OFF TARGET: effective U=0.146, not nominal 0.2
[calib] soft-U0.3: K=10 medC=20834 (target 21000) cv=0.0101 [OK]
[calib] soft-U0.4: K=13 medC=27059 (target 28000) cv=0.0085 [OK] -- OFF TARGET: effective U=0.271, not nominal 0.4
[calib] soft-U0.5: K=17 medC=35414 (target 35000) cv=0.0072 [OK]
[calib] soft-U0.6: K=20 medC=41674 (target 42000) cv=0.0059 [OK]
[calib] soft-U0.7: K=23 medC=48136 (target 49000) cv=0.0064 [OK]
[calib] soft-U0.8: K=27 medC=57216 (target 56000) cv=0.0052 [OK]
[calib] soft-U0.9: K=30 medC=62414 (target 63000) cv=0.0047 [OK]
[calib] soft-U0.94: K=32 medC=66593 (target 65800) cv=0.0049 [OK]
[calib] wrote /home/azureuser/GraduationProject/research-questions/RQ1_final/os-experiments/workloads/03-model1/k_table.json
[calib] NOTE off-target (kept deliberately, K=1 floor exceeds/undershoots target -- use effective_u from k_table.json, not the nominal label): ['soft-U0.1', 'soft-U0.2', 'soft-U0.4']
[calib] WARNING high CV (freq not pinned / core not isolated?): ['tight-U0.4', 'tight-U0.6', 'tight-U0.8', 'tight-U0.9']
