nohup: ignoring input
[calib] soft-U0.1: K=3 medC=6089 (target 7000) cv=0.0206 [HIGH-CV] -- OFF TARGET: effective U=0.061, not nominal 0.1
[calib] soft-U0.2: K=7 medC=14228 (target 14000) cv=0.0193 [OK]
[calib] soft-U0.3: K=10 medC=21288 (target 21000) cv=0.0115 [OK]
[calib] soft-U0.4: K=14 medC=28211 (target 28000) cv=0.0112 [OK]
[calib] soft-U0.5: K=17 medC=34398 (target 35000) cv=0.0094 [OK]
[calib] soft-U0.6: K=21 medC=42295 (target 42000) cv=0.0107 [OK]
[calib] soft-U0.7: K=24 medC=48476 (target 49000) cv=0.0141 [OK]
[calib] soft-U0.8: K=28 medC=56625 (target 56000) cv=0.0092 [OK]
[calib] soft-U0.9: K=31 medC=62829 (target 63000) cv=0.0087 [OK]
[calib] soft-U0.94: K=33 medC=67011 (target 65800) cv=0.0090 [OK]
[calib] tight-U0.1: K=69 medC=707 (target 700) cv=0.0343 [HIGH-CV]
[calib] tight-U0.2: K=136 medC=1402 (target 1400) cv=0.0293 [HIGH-CV]
[calib] tight-U0.3: K=205 medC=2089 (target 2100) cv=0.0522 [HIGH-CV]
[calib] tight-U0.4: K=272 medC=2787 (target 2800) cv=0.0302 [HIGH-CV]
[calib] tight-U0.5: K=341 medC=3526 (target 3500) cv=0.0297 [HIGH-CV]
[calib] tight-U0.6: K=408 medC=4189 (target 4200) cv=0.0537 [HIGH-CV]
[calib] tight-U0.7: K=485 medC=5001 (target 4900) cv=0.0258 [HIGH-CV]
[calib] tight-U0.8: K=545 medC=5660 (target 5600) cv=0.0465 [HIGH-CV]
[calib] tight-U0.9: K=610 medC=6283 (target 6300) cv=0.0360 [HIGH-CV]
[calib] tight-U0.94: K=641 medC=6634 (target 6580) cv=0.0198 [OK]
[calib] wrote /home/azureuser/GraduationProject/research-questions/RQ1_final/os-experiments/workloads/07-model1/k_table.json
[calib] NOTE off-target (kept deliberately, K=1 floor exceeds/undershoots target -- use effective_u from k_table.json, not the nominal label): ['soft-U0.1']
[calib] WARNING high CV (freq not pinned / core not isolated?): ['soft-U0.1', 'tight-U0.1', 'tight-U0.2', 'tight-U0.3', 'tight-U0.4', 'tight-U0.5', 'tight-U0.6', 'tight-U0.7', 'tight-U0.8', 'tight-U0.9']
