nohup: ignoring input
[calib] tight-U0.1: K=75 medC=699 (target 700) cv=0.0114 [OK]
[calib] tight-U0.2: K=150 medC=1397 (target 1400) cv=0.1269 [HIGH-CV]
[calib] tight-U0.3: K=225 medC=2098 (target 2100) cv=0.0063 [OK]
[calib] tight-U0.4: K=300 medC=2795 (target 2800) cv=0.0066 [OK]
[calib] tight-U0.5: K=375 medC=3495 (target 3500) cv=0.0051 [OK]
[calib] tight-U0.6: K=450 medC=4192 (target 4200) cv=0.0056 [OK]
[calib] tight-U0.7: K=525 medC=4887 (target 4900) cv=0.0037 [OK]
[calib] tight-U0.8: K=600 medC=5586 (target 5600) cv=0.0056 [OK]
[calib] tight-U0.9: K=676 medC=6298 (target 6300) cv=0.0043 [OK]
[calib] tight-U0.94: K=706 medC=6576 (target 6580) cv=0.0035 [OK]
[calib] soft-U0.1: K=4 medC=7157 (target 7000) cv=0.0073 [OK]
[calib] soft-U0.2: K=8 medC=14136 (target 14000) cv=0.0060 [OK]
[calib] soft-U0.3: K=12 medC=21439 (target 21000) cv=0.0051 [OK]
[calib] soft-U0.4: K=16 medC=28661 (target 28000) cv=0.0046 [OK]
[calib] soft-U0.5: K=20 medC=35072 (target 35000) cv=0.0039 [OK]
[calib] soft-U0.6: K=24 medC=41307 (target 42000) cv=0.0031 [OK]
[calib] soft-U0.7: K=29 medC=49585 (target 49000) cv=0.0029 [OK]
[calib] soft-U0.8: K=32 medC=54491 (target 56000) cv=0.0049 [OK]
[calib] soft-U0.9: K=37 medC=62684 (target 63000) cv=0.0034 [OK]
[calib] soft-U0.94: K=39 medC=66984 (target 65800) cv=0.0027 [OK]
[calib] wrote /home/azureuser/GraduationProject/research-questions/RQ1_final/os-experiments/workloads/03-model5/k_table.json
[calib] WARNING high CV (freq not pinned / core not isolated?): ['tight-U0.2']
