nohup: ignoring input
[calib] soft-U0.1: K=3 medC=6268 (target 7000) cv=0.0962 [HIGH-CV] -- OFF TARGET: effective U=0.063, not nominal 0.1
[calib] soft-U0.2: K=7 medC=14597 (target 14000) cv=0.0143 [OK] -- OFF TARGET: effective U=0.146, not nominal 0.2
[calib] soft-U0.3: K=10 medC=20810 (target 21000) cv=0.0166 [OK]
[calib] soft-U0.4: K=13 medC=26986 (target 28000) cv=0.0153 [OK] -- OFF TARGET: effective U=0.270, not nominal 0.4
[calib] soft-U0.5: K=17 medC=35247 (target 35000) cv=0.0081 [OK]
[calib] soft-U0.6: K=20 medC=41760 (target 42000) cv=0.0139 [OK]
[calib] soft-U0.7: K=24 medC=50057 (target 49000) cv=0.0143 [OK]
[calib] soft-U0.8: K=27 medC=56261 (target 56000) cv=0.0148 [OK]
[calib] soft-U0.9: K=30 medC=62363 (target 63000) cv=0.0082 [OK]
[calib] soft-U0.94: K=32 medC=66422 (target 65800) cv=0.0088 [OK]
[calib] tight-U0.1: K=66 medC=699 (target 700) cv=0.0216 [HIGH-CV]
[calib] tight-U0.2: K=132 medC=1392 (target 1400) cv=0.0457 [HIGH-CV]
[calib] tight-U0.3: K=199 medC=2099 (target 2100) cv=0.0446 [HIGH-CV]
[calib] tight-U0.4: K=264 medC=2764 (target 2800) cv=0.0498 [HIGH-CV]
[calib] tight-U0.5: K=330 medC=3481 (target 3500) cv=0.0632 [HIGH-CV]
[calib] tight-U0.6: K=396 medC=4179 (target 4200) cv=0.0196 [OK]
[calib] tight-U0.7: K=463 medC=4908 (target 4900) cv=0.0213 [HIGH-CV]
[calib] tight-U0.8: K=536 medC=5678 (target 5600) cv=0.0136 [OK]
[calib] tight-U0.9: K=595 medC=6265 (target 6300) cv=0.0376 [HIGH-CV]
[calib] tight-U0.94: K=622 medC=6565 (target 6580) cv=0.0242 [HIGH-CV]
[calib] wrote /home/azureuser/GraduationProject/research-questions/RQ1_final/os-experiments/workloads/07-model1/k_table.json
[calib] NOTE off-target (kept deliberately, K=1 floor exceeds/undershoots target -- use effective_u from k_table.json, not the nominal label): ['soft-U0.1', 'soft-U0.2', 'soft-U0.4']
[calib] WARNING high CV (freq not pinned / core not isolated?): ['soft-U0.1', 'tight-U0.1', 'tight-U0.2', 'tight-U0.3', 'tight-U0.4', 'tight-U0.5', 'tight-U0.7', 'tight-U0.9', 'tight-U0.94']
