nohup: ignoring input
[calib] soft-U0.1: K=3 medC=6039 (target 7000) cv=0.0445 [HIGH-CV] -- OFF TARGET: effective U=0.060, not nominal 0.1
[calib] soft-U0.2: K=7 medC=14106 (target 14000) cv=0.0286 [HIGH-CV]
[calib] soft-U0.3: K=10 medC=20152 (target 21000) cv=0.0127 [OK] -- OFF TARGET: effective U=0.202, not nominal 0.3
[calib] soft-U0.4: K=14 medC=28146 (target 28000) cv=0.0117 [OK]
[calib] soft-U0.5: K=17 medC=34220 (target 35000) cv=0.0079 [OK]
[calib] soft-U0.6: K=21 medC=42347 (target 42000) cv=0.0102 [OK]
[calib] soft-U0.7: K=24 medC=48348 (target 49000) cv=0.0120 [OK]
[calib] soft-U0.8: K=28 medC=56364 (target 56000) cv=0.0075 [OK]
[calib] soft-U0.9: K=31 medC=62365 (target 63000) cv=0.0078 [OK]
[calib] soft-U0.94: K=33 medC=66398 (target 65800) cv=0.0068 [OK]
[calib] tight-U0.1: K=68 medC=691 (target 700) cv=0.0554 [HIGH-CV]
[calib] tight-U0.2: K=137 medC=1403 (target 1400) cv=0.0356 [HIGH-CV]
[calib] tight-U0.3: K=205 medC=2095 (target 2100) cv=0.0561 [HIGH-CV]
[calib] tight-U0.4: K=273 medC=2789 (target 2800) cv=0.0471 [HIGH-CV]
[calib] tight-U0.5: K=342 medC=3504 (target 3500) cv=0.0139 [OK]
[calib] tight-U0.6: K=414 medC=4237 (target 4200) cv=0.0312 [HIGH-CV]
[calib] tight-U0.7: K=478 medC=4904 (target 4900) cv=0.0265 [HIGH-CV]
[calib] tight-U0.8: K=546 medC=5589 (target 5600) cv=0.0370 [HIGH-CV]
[calib] tight-U0.9: K=615 medC=6271 (target 6300) cv=0.0489 [HIGH-CV]
[calib] tight-U0.94: K=643 medC=6546 (target 6580) cv=0.0511 [HIGH-CV]
[calib] wrote /home/azureuser/GraduationProject/research-questions/RQ1_final/os-experiments/workloads/07-model5/k_table.json
[calib] NOTE off-target (kept deliberately, K=1 floor exceeds/undershoots target -- use effective_u from k_table.json, not the nominal label): ['soft-U0.1', 'soft-U0.3']
[calib] WARNING high CV (freq not pinned / core not isolated?): ['soft-U0.1', 'soft-U0.2', 'tight-U0.1', 'tight-U0.2', 'tight-U0.3', 'tight-U0.4', 'tight-U0.6', 'tight-U0.7', 'tight-U0.8', 'tight-U0.9', 'tight-U0.94']
