nohup: ignoring input
[calib] tight-U0.1: K=68 medC=697 (target 700) cv=0.0136 [OK]
[calib] tight-U0.2: K=137 medC=1393 (target 1400) cv=0.0411 [HIGH-CV]
[calib] tight-U0.3: K=205 medC=2096 (target 2100) cv=0.0160 [OK]
[calib] tight-U0.4: K=274 medC=2807 (target 2800) cv=0.0070 [OK]
[calib] tight-U0.5: K=342 medC=3499 (target 3500) cv=0.0103 [OK]
[calib] tight-U0.6: K=413 medC=4205 (target 4200) cv=0.0468 [HIGH-CV]
[calib] tight-U0.7: K=479 medC=4899 (target 4900) cv=0.0235 [HIGH-CV]
[calib] tight-U0.8: K=548 medC=5509 (target 5600) cv=0.0385 [HIGH-CV]
[calib] tight-U0.9: K=617 medC=6193 (target 6300) cv=0.0311 [HIGH-CV]
[calib] tight-U0.94: K=644 medC=6584 (target 6580) cv=0.0302 [HIGH-CV]
[calib] soft-U0.1: K=3 medC=6057 (target 7000) cv=0.0184 [OK] -- OFF TARGET: effective U=0.061, not nominal 0.1
[calib] soft-U0.2: K=7 medC=14136 (target 14000) cv=0.0120 [OK]
[calib] soft-U0.3: K=10 medC=20097 (target 21000) cv=0.0077 [OK] -- OFF TARGET: effective U=0.201, not nominal 0.3
[calib] soft-U0.4: K=14 medC=28196 (target 28000) cv=0.0065 [OK]
[calib] soft-U0.5: K=17 medC=34351 (target 35000) cv=0.0070 [OK]
[calib] soft-U0.6: K=21 medC=42345 (target 42000) cv=0.0067 [OK]
[calib] soft-U0.7: K=24 medC=48373 (target 49000) cv=0.0059 [OK]
[calib] soft-U0.8: K=28 medC=56277 (target 56000) cv=0.0035 [OK]
[calib] soft-U0.9: K=31 medC=62464 (target 63000) cv=0.0056 [OK]
[calib] soft-U0.94: K=33 medC=66573 (target 65800) cv=0.0055 [OK]
[calib] wrote /home/azureuser/GraduationProject/research-questions/RQ1_final/os-experiments/workloads/02-model5/k_table.json
[calib] NOTE off-target (kept deliberately, K=1 floor exceeds/undershoots target -- use effective_u from k_table.json, not the nominal label): ['soft-U0.1', 'soft-U0.3']
[calib] WARNING high CV (freq not pinned / core not isolated?): ['tight-U0.2', 'tight-U0.6', 'tight-U0.7', 'tight-U0.8', 'tight-U0.9', 'tight-U0.94']
