nohup: ignoring input
[calib] soft-U0.1: K=3 medC=6222 (target 7000) cv=0.0256 [HIGH-CV] -- OFF TARGET: effective U=0.062, not nominal 0.1
[calib] soft-U0.2: K=7 medC=14415 (target 14000) cv=0.0165 [OK]
[calib] soft-U0.3: K=10 medC=20599 (target 21000) cv=0.0163 [OK]
[calib] soft-U0.4: K=13 medC=26982 (target 28000) cv=0.0136 [OK] -- OFF TARGET: effective U=0.270, not nominal 0.4
[calib] soft-U0.5: K=17 medC=35339 (target 35000) cv=0.0129 [OK]
[calib] soft-U0.6: K=20 medC=41428 (target 42000) cv=0.0126 [OK]
[calib] soft-U0.7: K=24 medC=49643 (target 49000) cv=0.0115 [OK]
[calib] soft-U0.8: K=27 medC=56027 (target 56000) cv=0.0126 [OK]
[calib] soft-U0.9: K=30 medC=62124 (target 63000) cv=0.0110 [OK]
[calib] soft-U0.94: K=32 medC=65333 (target 65800) cv=0.0082 [OK]
[calib] tight-U0.1: K=67 medC=690 (target 700) cv=0.0400 [HIGH-CV]
[calib] tight-U0.2: K=136 medC=1408 (target 1400) cv=0.0304 [HIGH-CV]
[calib] tight-U0.3: K=202 medC=2087 (target 2100) cv=0.0242 [HIGH-CV]
[calib] tight-U0.4: K=270 medC=2795 (target 2800) cv=0.0226 [HIGH-CV]
[calib] tight-U0.5: K=342 medC=3525 (target 3500) cv=0.0279 [HIGH-CV]
[calib] tight-U0.6: K=407 medC=4203 (target 4200) cv=0.0192 [OK]
[calib] tight-U0.7: K=479 medC=4960 (target 4900) cv=0.0216 [HIGH-CV]
[calib] tight-U0.8: K=546 medC=5665 (target 5600) cv=0.0238 [HIGH-CV]
[calib] tight-U0.9: K=608 medC=6283 (target 6300) cv=0.0234 [HIGH-CV]
[calib] tight-U0.94: K=641 medC=6538 (target 6580) cv=0.0366 [HIGH-CV]
[calib] wrote /home/azureuser/GraduationProject/research-questions/RQ1_final/os-experiments/workloads/08-model5/k_table.json
[calib] NOTE off-target (kept deliberately, K=1 floor exceeds/undershoots target -- use effective_u from k_table.json, not the nominal label): ['soft-U0.1', 'soft-U0.4']
[calib] WARNING high CV (freq not pinned / core not isolated?): ['soft-U0.1', 'tight-U0.1', 'tight-U0.2', 'tight-U0.3', 'tight-U0.4', 'tight-U0.5', 'tight-U0.7', 'tight-U0.8', 'tight-U0.9', 'tight-U0.94']
