nohup: ignoring input
[run] U_MIN= U_MAX=0.7 applied: 14 cells remain
[run] model=07-model1 ns=07-model1 agent=rq1-agent-d87vj cells=14 has_neighbours=0 has_competitor=0
[run] *** workload=sieve (workload.c; the WORKLOAD_KIND=matmul label below is a harmless leftover default from RQ1's matmul/primes split -- RQ1_final only ever runs the sieve binary) GEN_DIR=generated k_table=k_table.json ***
[run] kubepods-besteffort.slice period mismatch (have 10000, need 100000) -- resetting
[run] kubepods-besteffort.slice period now 100000, runtime cleared
[run] === soft/U0.1 (workloads/07-model1/generated/soft/U0.1.yaml) ===
[run] running...
[run] target Failed
[run] WARNING soft/U0.1: collected 663/5000 rows (attempt 1/4)
[run] --- retrying cell (attempt 2/4): collected 663/5000 rows ---
[run] running...
[run] collected 5000/5000 rows -> results/07-model1_round2/soft/U0.1
[run] === soft/U0.2 (workloads/07-model1/generated/soft/U0.2.yaml) ===
[run] running...
[run] collected 5000/5000 rows -> results/07-model1_round2/soft/U0.2
[run] === soft/U0.3 (workloads/07-model1/generated/soft/U0.3.yaml) ===
[run] running...
[run] collected 5000/5000 rows -> results/07-model1_round2/soft/U0.3
[run] === soft/U0.4 (workloads/07-model1/generated/soft/U0.4.yaml) ===
[run] running...
[run] collected 5000/5000 rows -> results/07-model1_round2/soft/U0.4
[run] === soft/U0.5 (workloads/07-model1/generated/soft/U0.5.yaml) ===
[run] target not Ready (attempt 1/8)
[run] target not Ready (attempt 2/8)
[run] target not Ready (attempt 3/8)
[run] target not Ready (attempt 4/8)
[run] running...
[run] collected 5000/5000 rows -> results/07-model1_round2/soft/U0.5
[run] === soft/U0.6 (workloads/07-model1/generated/soft/U0.6.yaml) ===
[run] running...
[run] collected 5000/5000 rows -> results/07-model1_round2/soft/U0.6
[run] === soft/U0.7 (workloads/07-model1/generated/soft/U0.7.yaml) ===
[run] running...
[run] target Failed
[run] collected 5000/5000 rows -> results/07-model1_round2/soft/U0.7
[run] WARNING kubepods-besteffort.slice period is 100000, need 10000, but 1 pod(s) still alive in 07-model1 -- not resetting (previous teardown may still be in flight); this scale may fail admission
[run] === tight/U0.1 (workloads/07-model1/generated/tight/U0.1.yaml) ===
[run] target not Ready (attempt 1/8)
[run] target not Ready (attempt 2/8)
[run] target not Ready (attempt 3/8)
[run] target not Ready (attempt 4/8)
[run] target not Ready (attempt 5/8)
[run] target not Ready (attempt 6/8)
[run] target not Ready (attempt 7/8)
[run] target not Ready (attempt 8/8)
[run] could not place target after 8 attempts; giving up on this cell
[run] FAILED tight/U0.1 after 4 attempt(s): could not place target after 8 attempts
[run] === tight/U0.2 (workloads/07-model1/generated/tight/U0.2.yaml) ===
[run] target not Ready (attempt 1/8)
[run] target not Ready (attempt 2/8)
[run] target not Ready (attempt 3/8)
