nohup: ignoring input
[calib] workload=primes buf_kb=131072
[calib] tight-U0.1: K=2 medC=764 (target 700) cv=0.0424 [OK]
[calib] tight-U0.2: K=4 medC=1523 (target 1400) cv=0.0334 [OK]
[calib] tight-U0.3: K=6 medC=2286 (target 2100) cv=0.0256 [OK]
[calib] tight-U0.4: K=7 medC=2668 (target 2800) cv=0.0299 [OK]
[calib] tight-U0.5: K=9 medC=3422 (target 3500) cv=0.0218 [OK]
[calib] tight-U0.6: K=11 medC=4193 (target 4200) cv=0.0182 [OK]
[calib] tight-U0.7: K=13 medC=4948 (target 4900) cv=0.0179 [OK]
[calib] tight-U0.8: K=15 medC=5707 (target 5600) cv=0.0171 [OK]
[calib] tight-U0.9: K=17 medC=6466 (target 6300) cv=0.0163 [OK]
[calib] tight-U0.94: K=17 medC=6464 (target 6580) cv=0.0159 [OK]
[calib] soft-U0.1: K=18 medC=6851 (target 7000) cv=0.0162 [OK]
[calib] soft-U0.2: K=37 medC=14087 (target 14000) cv=0.0106 [OK]
[calib] soft-U0.3: K=55 medC=20962 (target 21000) cv=0.0114 [OK]
[calib] soft-U0.4: K=74 medC=28259 (target 28000) cv=0.0143 [OK]
[calib] soft-U0.5: K=92 medC=34994 (target 35000) cv=0.0068 [OK]
[calib] soft-U0.6: K=111 medC=42222 (target 42000) cv=0.0059 [OK]
[calib] soft-U0.7: K=130 medC=49456 (target 49000) cv=0.0061 [OK]
[calib] soft-U0.8: K=148 medC=56306 (target 56000) cv=0.0052 [OK]
[calib] soft-U0.9: K=166 medC=63166 (target 63000) cv=0.0060 [OK]
[calib] soft-U0.94: K=174 medC=66250 (target 65800) cv=0.0112 [OK]
[calib] wrote /home/azureuser/GraduationProject/research-questions/RQ1_new/models/model3-w4/k_table.primes.json
