nohup: ignoring input
[run] model=model3-w3 ns=rq1-model3-w3 agent=rq1-agent-mw29z cells=20 has_neighbours=0 has_competitor=1
[run] model3 arm: PAIR_TYPE=physical COMPETITOR_TYPE=unreserved
[run] kubepods-besteffort.slice period mismatch (have 0, need 100000) -- resetting
[run] kubepods-besteffort.slice period now 100000, runtime cleared
[run] soft: unreserved competitor fixed on cpu1 (avoiding KEEP_CPU=0), confirmed actually executing, running for the whole scale
[run] soft: target will be forced onto {2 3} for every cell (PAIR_TYPE=physical vs competitor cpu1)
[run] === soft/U0.1 (models/model3-w3/generated_primes/soft/U0.1.yaml) ===
[run] competitor fixed on cpu1, target forced to cpu2 -- confirmed, competitor already running for this whole scale
[run] competitor re-confirmed actually executing for this cell
[run] running...
[run] co-runner (interferer) own jobs.csv row count at cell end: 5182
[run] collected 5000/5000 rows -> results/model3-w3_phys_cfs_primes_round3/soft/U0.1
[run] === soft/U0.2 (models/model3-w3/generated_primes/soft/U0.2.yaml) ===
[run] competitor fixed on cpu1, target forced to cpu2 -- confirmed, competitor already running for this whole scale
[run] competitor re-confirmed actually executing for this cell
[run] running...
[run] co-runner (interferer) own jobs.csv row count at cell end: 10495
[run] collected 5000/5000 rows -> results/model3-w3_phys_cfs_primes_round3/soft/U0.2
[run] === soft/U0.3 (models/model3-w3/generated_primes/soft/U0.3.yaml) ===
[run] competitor fixed on cpu1, target forced to cpu2 -- confirmed, competitor already running for this whole scale
[run] competitor re-confirmed actually executing for this cell
[run] running...
[run] co-runner (interferer) own jobs.csv row count at cell end: 15820
[run] collected 5000/5000 rows -> results/model3-w3_phys_cfs_primes_round3/soft/U0.3
[run] === soft/U0.4 (models/model3-w3/generated_primes/soft/U0.4.yaml) ===
[run] competitor fixed on cpu1, target forced to cpu2 -- confirmed, competitor already running for this whole scale
[run] competitor re-confirmed actually executing for this cell
[run] running...
[run] co-runner (interferer) own jobs.csv row count at cell end: 21184
[run] collected 5000/5000 rows -> results/model3-w3_phys_cfs_primes_round3/soft/U0.4
[run] === soft/U0.5 (models/model3-w3/generated_primes/soft/U0.5.yaml) ===
[run] competitor fixed on cpu1, target forced to cpu2 -- confirmed, competitor already running for this whole scale
[run] competitor re-confirmed actually executing for this cell
[run] running...
[run] co-runner (interferer) own jobs.csv row count at cell end: 26515
[run] collected 5000/5000 rows -> results/model3-w3_phys_cfs_primes_round3/soft/U0.5
[run] === soft/U0.6 (models/model3-w3/generated_primes/soft/U0.6.yaml) ===
[run] competitor fixed on cpu1, target forced to cpu2 -- confirmed, competitor already running for this whole scale
[run] competitor re-confirmed actually executing for this cell
[run] running...
[run] co-runner (interferer) own jobs.csv row count at cell end: 31813
[run] collected 5000/5000 rows -> results/model3-w3_phys_cfs_primes_round3/soft/U0.6
[run] === soft/U0.7 (models/model3-w3/generated_primes/soft/U0.7.yaml) ===
[run] competitor fixed on cpu1, target forced to cpu3 -- confirmed, competitor already running for this whole scale
[run] competitor re-confirmed actually executing for this cell
[run] running...
[run] co-runner (interferer) own jobs.csv row count at cell end: 37152
[run] collected 5000/5000 rows -> results/model3-w3_phys_cfs_primes_round3/soft/U0.7
[run] === soft/U0.8 (models/model3-w3/generated_primes/soft/U0.8.yaml) ===
[run] competitor fixed on cpu1, target forced to cpu2 -- confirmed, competitor already running for this whole scale
[run] competitor re-confirmed actually executing for this cell
[run] running...
[run] co-runner (interferer) own jobs.csv row count at cell end: 42502
[run] collected 5000/5000 rows -> results/model3-w3_phys_cfs_primes_round3/soft/U0.8
[run] === soft/U0.9 (models/model3-w3/generated_primes/soft/U0.9.yaml) ===
[run] competitor fixed on cpu1, target forced to cpu3 -- confirmed, competitor already running for this whole scale
[run] competitor re-confirmed actually executing for this cell
[run] running...
[run] co-runner (interferer) own jobs.csv row count at cell end: 47841
[run] collected 5000/5000 rows -> results/model3-w3_phys_cfs_primes_round3/soft/U0.9
[run] === soft/U0.94 (models/model3-w3/generated_primes/soft/U0.94.yaml) ===
[run] competitor fixed on cpu1, target forced to cpu3 -- confirmed, competitor already running for this whole scale
[run] competitor re-confirmed actually executing for this cell
[run] running...
[run] co-runner (interferer) own jobs.csv row count at cell end: 53160
[run] collected 5000/5000 rows -> results/model3-w3_phys_cfs_primes_round3/soft/U0.94
[run] kubepods-besteffort.slice period mismatch (have 100000, need 10000) -- resetting
[run] kubepods-besteffort.slice period now 10000, runtime cleared
[run] tight: unreserved competitor fixed on cpu1 (avoiding KEEP_CPU=0), confirmed actually executing, running for the whole scale
[run] tight: target will be forced onto {2 3} for every cell (PAIR_TYPE=physical vs competitor cpu1)
[run] === tight/U0.1 (models/model3-w3/generated_primes/tight/U0.1.yaml) ===
[run] competitor fixed on cpu1, target forced to cpu2 -- confirmed, competitor already running for this whole scale
[run] competitor re-confirmed actually executing for this cell
[run] running...
[run] co-runner (interferer) own jobs.csv row count at cell end: 6224
[run] collected 5000/5000 rows -> results/model3-w3_phys_cfs_primes_round3/tight/U0.1
[run] === tight/U0.2 (models/model3-w3/generated_primes/tight/U0.2.yaml) ===
[run] competitor fixed on cpu1, target forced to cpu2 -- confirmed, competitor already running for this whole scale
[run] competitor re-confirmed actually executing for this cell
[run] running...
[run] co-runner (interferer) own jobs.csv row count at cell end: 13166
[run] collected 5000/5000 rows -> results/model3-w3_phys_cfs_primes_round3/tight/U0.2
[run] === tight/U0.3 (models/model3-w3/generated_primes/tight/U0.3.yaml) ===
[run] competitor fixed on cpu1, target forced to cpu2 -- confirmed, competitor already running for this whole scale
[run] competitor re-confirmed actually executing for this cell
[run] running...
[run] co-runner (interferer) own jobs.csv row count at cell end: 20252
[run] collected 5000/5000 rows -> results/model3-w3_phys_cfs_primes_round3/tight/U0.3
[run] === tight/U0.4 (models/model3-w3/generated_primes/tight/U0.4.yaml) ===
[run] competitor fixed on cpu1, target forced to cpu2 -- confirmed, competitor already running for this whole scale
[run] competitor re-confirmed actually executing for this cell
[run] running...
[run] co-runner (interferer) own jobs.csv row count at cell end: 27375
[run] collected 5000/5000 rows -> results/model3-w3_phys_cfs_primes_round3/tight/U0.4
[run] === tight/U0.5 (models/model3-w3/generated_primes/tight/U0.5.yaml) ===
[run] competitor fixed on cpu1, target forced to cpu2 -- confirmed, competitor already running for this whole scale
[run] competitor re-confirmed actually executing for this cell
[run] running...
[run] co-runner (interferer) own jobs.csv row count at cell end: 34462
[run] collected 5000/5000 rows -> results/model3-w3_phys_cfs_primes_round3/tight/U0.5
[run] === tight/U0.6 (models/model3-w3/generated_primes/tight/U0.6.yaml) ===
[run] competitor fixed on cpu1, target forced to cpu2 -- confirmed, competitor already running for this whole scale
[run] competitor re-confirmed actually executing for this cell
[run] running...
[run] co-runner (interferer) own jobs.csv row count at cell end: 41407
[run] collected 5000/5000 rows -> results/model3-w3_phys_cfs_primes_round3/tight/U0.6
[run] === tight/U0.7 (models/model3-w3/generated_primes/tight/U0.7.yaml) ===
[run] competitor fixed on cpu1, target forced to cpu2 -- confirmed, competitor already running for this whole scale
[run] competitor re-confirmed actually executing for this cell
[run] running...
[run] co-runner (interferer) own jobs.csv row count at cell end: 48601
[run] collected 5000/5000 rows -> results/model3-w3_phys_cfs_primes_round3/tight/U0.7
[run] === tight/U0.8 (models/model3-w3/generated_primes/tight/U0.8.yaml) ===
[run] competitor fixed on cpu1, target forced to cpu2 -- confirmed, competitor already running for this whole scale
[run] competitor re-confirmed actually executing for this cell
[run] running...
[run] co-runner (interferer) own jobs.csv row count at cell end: 55688
[run] collected 5000/5000 rows -> results/model3-w3_phys_cfs_primes_round3/tight/U0.8
[run] === tight/U0.9 (models/model3-w3/generated_primes/tight/U0.9.yaml) ===
[run] competitor fixed on cpu1, target forced to cpu2 -- confirmed, competitor already running for this whole scale
[run] competitor re-confirmed actually executing for this cell
[run] running...
[run] co-runner (interferer) own jobs.csv row count at cell end: 62810
[run] collected 5000/5000 rows -> results/model3-w3_phys_cfs_primes_round3/tight/U0.9
[run] === tight/U0.94 (models/model3-w3/generated_primes/tight/U0.94.yaml) ===
[run] competitor fixed on cpu1, target forced to cpu2 -- confirmed, competitor already running for this whole scale
[run] competitor re-confirmed actually executing for this cell
[run] running...
[run] co-runner (interferer) own jobs.csv row count at cell end: 69791
[run] collected 5000/5000 rows -> results/model3-w3_phys_cfs_primes_round3/tight/U0.94

[run] done. all 20 cell(s) collected their expected row count.
[run] analyze with: python result.py model3-w3_phys_cfs_primes_round3
