nohup: ignoring input
[run] U_MIN=0.8 U_MAX= applied: 3 cells remain
[run] model=model4-p ns=rq1-model4-p agent=rq1-agent-7pzm6 cells=3 has_neighbours=0 has_competitor=0
[run] model4: target_threads=2, forcing the claimed pair onto two DISTINCT PHYSICAL cores
[run] kubepods-besteffort.slice period mismatch (have unreadable, need 10000) -- resetting
[run] kubepods-besteffort.slice period now 10000, runtime cleared
[run] === tight/U0.8 (models/model4-p/generated_ptrchase/tight/U0.8.yaml) ===
[run] target pair {0,1} are SMT siblings, need distinct physical cores (1/8); re-placing
[run] target pair {2,3} are SMT siblings, need distinct physical cores (2/8); re-placing
[run] target RT_CPUSET=3-0 resolved to 0 cpu(s), need 2 (3/8); re-placing
[run] target pair {2,3} are SMT siblings, need distinct physical cores (4/8); re-placing
[run] running...
[run] collected 5000/5000 rows -> results/model4-p/tight/U0.8
[run] === tight/U0.9 (models/model4-p/generated_ptrchase/tight/U0.9.yaml) ===
[run] running...
[run] collected 5000/5000 rows -> results/model4-p/tight/U0.9
[run] === tight/U0.94 (models/model4-p/generated_ptrchase/tight/U0.94.yaml) ===
[run] target pair {0,1} are SMT siblings, need distinct physical cores (1/8); re-placing
[run] target pair {0,1} are SMT siblings, need distinct physical cores (2/8); re-placing
[run] running...
[run] collected 5000/5000 rows -> results/model4-p/tight/U0.94

[run] done. all 3 cell(s) collected their expected row count.
[run] analyze with: python result.py model4-p
