nohup: ignoring input
[run] model=model3-w4 ns=rq1-model3-w4 agent=rq1-agent-8rm8v cells=10 has_neighbours=0 has_competitor=1
[run] model3 arm: PAIR_TYPE=physical COMPETITOR_TYPE=reserved
[run] kubepods-besteffort.slice period mismatch (have 0, need 10000) -- resetting
[run] kubepods-besteffort.slice period now 10000, runtime cleared
[run] tight: reserved competitor landed on cpu1 (avoiding KEEP_CPU=0), confirmed actually executing, running for the whole scale
[run] tight: target will be forced onto {2 3} for every cell (PAIR_TYPE=physical vs competitor cpu1)
[run] === tight/U0.1 (models/model3-w4/generated/tight/U0.1.yaml) ===
[run] competitor fixed on cpu1, target forced to cpu3 -- confirmed, competitor already running for this whole scale
[run] competitor re-confirmed actually executing for this cell
[run] running...
[run] co-runner (competitor) own jobs.csv row count at cell end: 6226
[run] collected 5000/5000 rows -> results/model3-w4_round2/tight/U0.1
[run] === tight/U0.2 (models/model3-w4/generated/tight/U0.2.yaml) ===
[run] target on cpu0, wanted one of {2 3} (1/8); re-placing
[run] target on cpu0, wanted one of {2 3} (2/8); re-placing
[run] target on cpu0, wanted one of {2 3} (3/8); re-placing
[run] competitor fixed on cpu1, target forced to cpu3 -- confirmed, competitor already running for this whole scale
[run] competitor re-confirmed actually executing for this cell
[run] running...
[run] co-runner (competitor) own jobs.csv row count at cell end: 24165
[run] collected 5000/5000 rows -> results/model3-w4_round2/tight/U0.2
[run] === tight/U0.3 (models/model3-w4/generated/tight/U0.3.yaml) ===
[run] target on cpu0, wanted one of {2 3} (1/8); re-placing
[run] competitor fixed on cpu1, target forced to cpu2 -- confirmed, competitor already running for this whole scale
[run] competitor re-confirmed actually executing for this cell
[run] running...
[run] co-runner (competitor) own jobs.csv row count at cell end: 34857
[run] collected 5000/5000 rows -> results/model3-w4_round2/tight/U0.3
[run] === tight/U0.4 (models/model3-w4/generated/tight/U0.4.yaml) ===
[run] target on cpu0, wanted one of {2 3} (1/8); re-placing
[run] competitor fixed on cpu1, target forced to cpu2 -- confirmed, competitor already running for this whole scale
[run] competitor re-confirmed actually executing for this cell
[run] running...
[run] co-runner (competitor) own jobs.csv row count at cell end: 45695
[run] collected 5000/5000 rows -> results/model3-w4_round2/tight/U0.4
[run] === tight/U0.5 (models/model3-w4/generated/tight/U0.5.yaml) ===
[run] competitor fixed on cpu1, target forced to cpu2 -- confirmed, competitor already running for this whole scale
[run] competitor re-confirmed actually executing for this cell
[run] running...
[run] co-runner (competitor) own jobs.csv row count at cell end: 52690
[run] collected 5000/5000 rows -> results/model3-w4_round2/tight/U0.5
[run] === tight/U0.6 (models/model3-w4/generated/tight/U0.6.yaml) ===
[run] competitor fixed on cpu1, target forced to cpu2 -- confirmed, competitor already running for this whole scale
[run] competitor re-confirmed actually executing for this cell
[run] running...
[run] co-runner (competitor) own jobs.csv row count at cell end: 59903
[run] collected 5000/5000 rows -> results/model3-w4_round2/tight/U0.6
[run] === tight/U0.7 (models/model3-w4/generated/tight/U0.7.yaml) ===
[run] competitor fixed on cpu1, target forced to cpu2 -- confirmed, competitor already running for this whole scale
[run] competitor re-confirmed actually executing for this cell
[run] running...
[run] co-runner (competitor) own jobs.csv row count at cell end: 67115
[run] collected 5000/5000 rows -> results/model3-w4_round2/tight/U0.7
[run] === tight/U0.8 (models/model3-w4/generated/tight/U0.8.yaml) ===
[run] competitor fixed on cpu1, target forced to cpu2 -- confirmed, competitor already running for this whole scale
[run] competitor re-confirmed actually executing for this cell
[run] running...
[run] co-runner (competitor) own jobs.csv row count at cell end: 74291
[run] collected 5000/5000 rows -> results/model3-w4_round2/tight/U0.8
[run] === tight/U0.9 (models/model3-w4/generated/tight/U0.9.yaml) ===
[run] target on cpu0, wanted one of {2 3} (1/8); re-placing
[run] target on cpu0, wanted one of {2 3} (2/8); re-placing
[run] competitor fixed on cpu1, target forced to cpu2 -- confirmed, competitor already running for this whole scale
[run] competitor re-confirmed actually executing for this cell
[run] running...
[run] co-runner (competitor) own jobs.csv row count at cell end: 88729
[run] collected 5000/5000 rows -> results/model3-w4_round2/tight/U0.9
[run] === tight/U0.94 (models/model3-w4/generated/tight/U0.94.yaml) ===
[run] target on cpu0, wanted one of {2 3} (1/8); re-placing
[run] competitor fixed on cpu1, target forced to cpu2 -- confirmed, competitor already running for this whole scale
[run] competitor re-confirmed actually executing for this cell
[run] running...
[run] co-runner (competitor) own jobs.csv row count at cell end: 99498
[run] collected 5000/5000 rows -> results/model3-w4_round2/tight/U0.94

[run] done. all 10 cell(s) collected their expected row count.
[run] analyze with: python result.py model3-w4_round2
