nohup: ignoring input
[run] U_MIN=0.1 U_MAX=0.2 applied: 2 cells remain
[run] model=model3 ns=rq1-model3 agent=rq1-agent-jr52t cells=2 has_neighbours=0 has_competitor=1
[run] model3 arm: PAIR_TYPE=sibling COMPETITOR_TYPE=unreserved
[run] kubepods-besteffort.slice period mismatch (have 10000, need 100000) -- resetting
[run] kubepods-besteffort.slice period now 100000, runtime cleared
[run] soft: unreserved competitor fixed on cpu2 (avoiding KEEP_CPU=0), confirmed actually executing, running for the whole scale
[run] soft: target will be forced onto {3} for every cell (PAIR_TYPE=sibling vs competitor cpu2)
[run] === soft/U0.1 (models/model3/generated/soft/U0.1.yaml) ===
[run] target on cpu2, wanted one of {3} (1/8); re-placing
[run] target on cpu0, wanted one of {3} (2/8); re-placing
[run] target on cpu2, wanted one of {3} (3/8); re-placing
[run] competitor fixed on cpu2, target forced to cpu3 -- confirmed, competitor already running for this whole scale
[run] competitor re-confirmed actually executing for this cell
[run] running...
[run] co-runner (interferer) own jobs.csv row count at cell end: 6255
[run] collected 5000/5000 rows -> results/model3_sib_cfs_round4/soft/U0.1
[run] === soft/U0.2 (models/model3/generated/soft/U0.2.yaml) ===
[run] target on cpu0, wanted one of {3} (1/8); re-placing
[run] target on cpu0, wanted one of {3} (2/8); re-placing
[run] target on cpu0, wanted one of {3} (3/8); re-placing
[run] competitor fixed on cpu2, target forced to cpu3 -- confirmed, competitor already running for this whole scale
[run] competitor re-confirmed actually executing for this cell
[run] running...
[run] co-runner (interferer) own jobs.csv row count at cell end: 12684
[run] collected 5000/5000 rows -> results/model3_sib_cfs_round4/soft/U0.2

[run] done. all 2 cell(s) collected their expected row count.
[run] analyze with: python result.py model3_sib_cfs_round4
