nohup: ignoring input
[run] model=model4-m ns=rq1-model4-m agent=rq1-agent-5kjns cells=20 has_neighbours=0 has_competitor=0
[run] model4: target_threads=2, forcing the claimed pair onto two DISTINCT PHYSICAL cores
[run] WARNING kubepods-besteffort.slice period is 0, need 100000, but 1 pod(s) still alive in rq1-model4-m -- not resetting (previous teardown may still be in flight); this scale may fail admission
[run] === soft/U0.1 (models/model4-m/generated/soft/U0.1.yaml) ===
[run] target not Ready (attempt 1/8)
[run] target not Ready (attempt 2/8)
[run] target not Ready (attempt 3/8)
[run] target not Ready (attempt 4/8)
[run] target not Ready (attempt 5/8)
[run] target not Ready (attempt 6/8)
[run] target not Ready (attempt 7/8)
[run] target not Ready (attempt 8/8)
[run] could not place target after 8 attempts; giving up on this cell
[run] FAILED soft/U0.1 after 4 attempt(s): could not place target after 8 attempts
[run] === soft/U0.2 (models/model4-m/generated/soft/U0.2.yaml) ===
[run] target not Ready (attempt 1/8)
[run] target not Ready (attempt 2/8)
[run] target not Ready (attempt 3/8)
[run] target not Ready (attempt 4/8)
[run] target not Ready (attempt 5/8)
[run] target not Ready (attempt 6/8)
[run] target not Ready (attempt 7/8)
[run] target not Ready (attempt 8/8)
[run] could not place target after 8 attempts; giving up on this cell
[run] FAILED soft/U0.2 after 4 attempt(s): could not place target after 8 attempts
[run] === soft/U0.3 (models/model4-m/generated/soft/U0.3.yaml) ===
[run] target not Ready (attempt 1/8)
[run] target not Ready (attempt 2/8)
[run] target not Ready (attempt 3/8)
[run] target not Ready (attempt 4/8)
[run] target not Ready (attempt 5/8)
[run] target not Ready (attempt 6/8)
[run] target not Ready (attempt 7/8)
[run] target not Ready (attempt 8/8)
[run] could not place target after 8 attempts; giving up on this cell
[run] FAILED soft/U0.3 after 4 attempt(s): could not place target after 8 attempts
[run] === soft/U0.4 (models/model4-m/generated/soft/U0.4.yaml) ===
[run] target not Ready (attempt 1/8)
[run] target not Ready (attempt 2/8)
[run] target not Ready (attempt 3/8)
[run] target not Ready (attempt 4/8)
[run] target not Ready (attempt 5/8)
[run] target not Ready (attempt 6/8)
[run] target not Ready (attempt 7/8)
[run] target not Ready (attempt 8/8)
[run] could not place target after 8 attempts; giving up on this cell
[run] FAILED soft/U0.4 after 4 attempt(s): could not place target after 8 attempts
[run] === soft/U0.5 (models/model4-m/generated/soft/U0.5.yaml) ===
[run] target not Ready (attempt 1/8)
[run] target not Ready (attempt 2/8)
[run] target not Ready (attempt 3/8)
[run] target not Ready (attempt 4/8)
[run] target not Ready (attempt 5/8)
[run] target not Ready (attempt 6/8)
[run] target not Ready (attempt 7/8)
[run] target not Ready (attempt 8/8)
[run] could not place target after 8 attempts; giving up on this cell
[run] FAILED soft/U0.5 after 4 attempt(s): could not place target after 8 attempts
[run] === soft/U0.6 (models/model4-m/generated/soft/U0.6.yaml) ===
[run] target not Ready (attempt 1/8)
[run] target not Ready (attempt 2/8)
[run] target not Ready (attempt 3/8)
[run] target not Ready (attempt 4/8)
[run] target not Ready (attempt 5/8)
[run] target not Ready (attempt 6/8)
[run] target not Ready (attempt 7/8)
[run] target not Ready (attempt 8/8)
[run] could not place target after 8 attempts; giving up on this cell
[run] FAILED soft/U0.6 after 4 attempt(s): could not place target after 8 attempts
[run] === soft/U0.7 (models/model4-m/generated/soft/U0.7.yaml) ===
[run] running...
[run] collected 5000/5000 rows -> results/model4-m_round2/soft/U0.7
[run] === soft/U0.8 (models/model4-m/generated/soft/U0.8.yaml) ===
[run] running...
[run] collected 5000/5000 rows -> results/model4-m_round2/soft/U0.8
[run] === soft/U0.9 (models/model4-m/generated/soft/U0.9.yaml) ===
[run] running...
[run] collected 5000/5000 rows -> results/model4-m_round2/soft/U0.9
[run] === soft/U0.94 (models/model4-m/generated/soft/U0.94.yaml) ===
[run] running...
[run] collected 5000/5000 rows -> results/model4-m_round2/soft/U0.94
[run] kubepods-besteffort.slice period mismatch (have 100000, need 10000) -- resetting
[run] kubepods-besteffort.slice period now 10000, runtime cleared
[run] === tight/U0.1 (models/model4-m/generated/tight/U0.1.yaml) ===
[run] running...
[run] collected 5000/5000 rows -> results/model4-m_round2/tight/U0.1
[run] === tight/U0.2 (models/model4-m/generated/tight/U0.2.yaml) ===
[run] running...
[run] collected 5000/5000 rows -> results/model4-m_round2/tight/U0.2
[run] === tight/U0.3 (models/model4-m/generated/tight/U0.3.yaml) ===
[run] running...
[run] collected 5000/5000 rows -> results/model4-m_round2/tight/U0.3
[run] === tight/U0.4 (models/model4-m/generated/tight/U0.4.yaml) ===
[run] running...
[run] collected 5000/5000 rows -> results/model4-m_round2/tight/U0.4
[run] === tight/U0.5 (models/model4-m/generated/tight/U0.5.yaml) ===
[run] running...
[run] collected 5000/5000 rows -> results/model4-m_round2/tight/U0.5
[run] === tight/U0.6 (models/model4-m/generated/tight/U0.6.yaml) ===
[run] running...
[run] collected 5000/5000 rows -> results/model4-m_round2/tight/U0.6
[run] === tight/U0.7 (models/model4-m/generated/tight/U0.7.yaml) ===
[run] running...
[run] collected 5000/5000 rows -> results/model4-m_round2/tight/U0.7
[run] === tight/U0.8 (models/model4-m/generated/tight/U0.8.yaml) ===
[run] running...
[run] collected 5000/5000 rows -> results/model4-m_round2/tight/U0.8
[run] === tight/U0.9 (models/model4-m/generated/tight/U0.9.yaml) ===
[run] running...
[run] collected 5000/5000 rows -> results/model4-m_round2/tight/U0.9
[run] === tight/U0.94 (models/model4-m/generated/tight/U0.94.yaml) ===
[run] running...
[run] collected 5000/5000 rows -> results/model4-m_round2/tight/U0.94

[run] --- 6 cell(s) failed during the main sweep; retrying them once more now that the rest of the sweep is done ---
[run] === soft/U0.1 (models/model4-m/generated/soft/U0.1.yaml) ===
[run] running...
[run] collected 5000/5000 rows -> results/model4-m_round2/soft/U0.1
[run] === soft/U0.2 (models/model4-m/generated/soft/U0.2.yaml) ===
[run] running...
[run] collected 5000/5000 rows -> results/model4-m_round2/soft/U0.2
[run] === soft/U0.3 (models/model4-m/generated/soft/U0.3.yaml) ===
[run] running...
[run] collected 5000/5000 rows -> results/model4-m_round2/soft/U0.3
[run] === soft/U0.4 (models/model4-m/generated/soft/U0.4.yaml) ===
[run] running...
[run] collected 5000/5000 rows -> results/model4-m_round2/soft/U0.4
[run] === soft/U0.5 (models/model4-m/generated/soft/U0.5.yaml) ===
[run] running...
[run] collected 5000/5000 rows -> results/model4-m_round2/soft/U0.5
[run] === soft/U0.6 (models/model4-m/generated/soft/U0.6.yaml) ===
[run] running...
[run] collected 5000/5000 rows -> results/model4-m_round2/soft/U0.6

[run] done. all 20 cell(s) collected their expected row count.
[run] analyze with: python result.py model4-m_round2
