nohup: ignoring input
[run] model=model1 ns=rq1-model1 agent=rq1-agent-swlpd cells=20 has_neighbours=0 has_competitor=0
[run] === soft/U0.1 (models/model1/generated/soft/U0.1.yaml) ===
[run] running...
[run] collected 5000/5000 rows -> results/model1_round2/soft/U0.1
[run] === soft/U0.2 (models/model1/generated/soft/U0.2.yaml) ===
[run] running...
[run] collected 5000/5000 rows -> results/model1_round2/soft/U0.2
[run] === soft/U0.3 (models/model1/generated/soft/U0.3.yaml) ===
[run] running...
[run] collected 5000/5000 rows -> results/model1_round2/soft/U0.3
[run] === soft/U0.4 (models/model1/generated/soft/U0.4.yaml) ===
[run] running...
[run] collected 5000/5000 rows -> results/model1_round2/soft/U0.4
[run] === soft/U0.5 (models/model1/generated/soft/U0.5.yaml) ===
[run] target not Ready (attempt 1/8)
[run] running...
[run] collected 5000/5000 rows -> results/model1_round2/soft/U0.5
[run] === soft/U0.6 (models/model1/generated/soft/U0.6.yaml) ===
[run] running...
[run] collected 5000/5000 rows -> results/model1_round2/soft/U0.6
[run] === soft/U0.7 (models/model1/generated/soft/U0.7.yaml) ===
[run] running...
[run] collected 5000/5000 rows -> results/model1_round2/soft/U0.7
[run] === soft/U0.8 (models/model1/generated/soft/U0.8.yaml) ===
[run] running...
[run] collected 5000/5000 rows -> results/model1_round2/soft/U0.8
[run] === soft/U0.9 (models/model1/generated/soft/U0.9.yaml) ===
[run] running...
[run] collected 5000/5000 rows -> results/model1_round2/soft/U0.9
[run] === soft/U0.94 (models/model1/generated/soft/U0.94.yaml) ===
[run] running...
[run] collected 5000/5000 rows -> results/model1_round2/soft/U0.94
[run] === tight/U0.1 (models/model1/generated/tight/U0.1.yaml) ===
[run] running...
[run] collected 5000/5000 rows -> results/model1_round2/tight/U0.1
[run] === tight/U0.2 (models/model1/generated/tight/U0.2.yaml) ===
[run] running...
[run] collected 5000/5000 rows -> results/model1_round2/tight/U0.2
[run] === tight/U0.3 (models/model1/generated/tight/U0.3.yaml) ===
[run] running...
[run] collected 5000/5000 rows -> results/model1_round2/tight/U0.3
[run] === tight/U0.4 (models/model1/generated/tight/U0.4.yaml) ===
[run] running...
[run] collected 5000/5000 rows -> results/model1_round2/tight/U0.4
[run] === tight/U0.5 (models/model1/generated/tight/U0.5.yaml) ===
[run] running...
[run] collected 5000/5000 rows -> results/model1_round2/tight/U0.5
[run] === tight/U0.6 (models/model1/generated/tight/U0.6.yaml) ===
[run] running...
[run] collected 5000/5000 rows -> results/model1_round2/tight/U0.6
[run] === tight/U0.7 (models/model1/generated/tight/U0.7.yaml) ===
[run] running...
[run] collected 5000/5000 rows -> results/model1_round2/tight/U0.7
[run] === tight/U0.8 (models/model1/generated/tight/U0.8.yaml) ===
[run] running...
[run] collected 5000/5000 rows -> results/model1_round2/tight/U0.8
[run] === tight/U0.9 (models/model1/generated/tight/U0.9.yaml) ===
[run] target not Ready (attempt 1/8)
[run] target not Ready (attempt 2/8)
[run] running...
[run] collected 5000/5000 rows -> results/model1_round2/tight/U0.9
[run] === tight/U0.94 (models/model1/generated/tight/U0.94.yaml) ===
[run] running...
[run] collected 5000/5000 rows -> results/model1_round2/tight/U0.94

[run] done. all 20 cell(s) collected their expected row count.
[run] analyze with: python result.py model1_round2
