nohup: ignoring input
[run] model=model3 ns=rq1-model3 agent=rq1-agent-bqwzz cells=10 has_neighbours=0 has_competitor=1
[run] model3 arm: PAIR_TYPE=sibling COMPETITOR_TYPE=unreserved
[run] soft: unreserved competitor fixed on cpu2 (avoiding KEEP_CPU=0), confirmed actually executing, running for the whole scale
[run] soft: target will be forced onto {3} for every cell (PAIR_TYPE=sibling vs competitor cpu2)
[run] === soft/U0.1 (models/model3/generated_primes/soft/U0.1.yaml) ===
Error from server (AlreadyExists): error when creating "STDIN": rtclaimparameters.rt.resource.example.com "model3-soft-u10-params" already exists
Error from server (AlreadyExists): error when creating "STDIN": resourceclaimtemplates.resource.k8s.io "model3-soft-u10-claim" already exists
[run] competitor fixed on cpu2, target forced to cpu3 -- confirmed, competitor already running for this whole scale
[run] competitor re-confirmed actually executing for this cell
[run] running...
[run] co-runner (interferer) own jobs.csv row count at cell end: 5208
[run] collected 5000/5000 rows -> results/model3_sib_cfs_primes_round1/soft/U0.1
[run] === soft/U0.2 (models/model3/generated_primes/soft/U0.2.yaml) ===
Error from server (AlreadyExists): error when creating "STDIN": rtclaimparameters.rt.resource.example.com "model3-soft-u20-params" already exists
Error from server (AlreadyExists): error when creating "STDIN": resourceclaimtemplates.resource.k8s.io "model3-soft-u20-claim" already exists
[run] target not Ready (attempt 1/8)
Error from server (AlreadyExists): error when creating "STDIN": rtclaimparameters.rt.resource.example.com "model3-soft-u20-params" already exists
Error from server (AlreadyExists): error when creating "STDIN": resourceclaimtemplates.resource.k8s.io "model3-soft-u20-claim" already exists
Error from server (AlreadyExists): error when creating "STDIN": pods "model3-soft-u20" already exists
[run] target not Ready (attempt 2/8)
Error from server (AlreadyExists): error when creating "STDIN": rtclaimparameters.rt.resource.example.com "model3-soft-u20-params" already exists
Error from server (AlreadyExists): error when creating "STDIN": resourceclaimtemplates.resource.k8s.io "model3-soft-u20-claim" already exists
Error from server (AlreadyExists): error when creating "STDIN": pods "model3-soft-u20" already exists
[run] target not Ready (attempt 3/8)
Error from server (AlreadyExists): error when creating "STDIN": rtclaimparameters.rt.resource.example.com "model3-soft-u20-params" already exists
Error from server (AlreadyExists): error when creating "STDIN": resourceclaimtemplates.resource.k8s.io "model3-soft-u20-claim" already exists
Error from server (AlreadyExists): error when creating "STDIN": pods "model3-soft-u20" already exists
[run] target not Ready (attempt 4/8)
Error from server (AlreadyExists): error when creating "STDIN": rtclaimparameters.rt.resource.example.com "model3-soft-u20-params" already exists
Error from server (AlreadyExists): error when creating "STDIN": resourceclaimtemplates.resource.k8s.io "model3-soft-u20-claim" already exists
Error from server (AlreadyExists): error when creating "STDIN": pods "model3-soft-u20" already exists
[run] target not Ready (attempt 5/8)
Error from server (AlreadyExists): error when creating "STDIN": rtclaimparameters.rt.resource.example.com "model3-soft-u20-params" already exists
Error from server (AlreadyExists): error when creating "STDIN": resourceclaimtemplates.resource.k8s.io "model3-soft-u20-claim" already exists
Error from server (AlreadyExists): error when creating "STDIN": pods "model3-soft-u20" already exists
