[model1] node=rt-cluster-worker-0 sampler_pod=model1-sampler-dgdjz kernel=7.0.0+
[model1] starting continuous canary
[model1] === CELL tight-U0.2  P=10000us Q=2000us U=0.2 N_min=10000 N_max=10000 ===
[model1] ERROR: cell tight-u20 did not become Ready; skipping
[model1] === CELL tight-U0.4  P=10000us Q=4000us U=0.4 N_min=10000 N_max=10000 ===
[model1] ERROR: cell tight-u40 did not become Ready; skipping
[model1] === CELL tight-U0.6  P=10000us Q=6000us U=0.6 N_min=10000 N_max=10000 ===
[model1] ERROR: cell tight-u60 did not become Ready; skipping
[model1] === CELL tight-U0.8  P=10000us Q=8000us U=0.8 N_min=10000 N_max=10000 ===
[model1] ERROR: cell tight-u80 did not become Ready; skipping
[model1] === CELL tight-U0.9  P=10000us Q=9000us U=0.9 N_min=10000 N_max=10000 ===
[model1] ERROR: cell tight-u90 did not become Ready; skipping
[model1] === CELL tight-U0.95  P=10000us Q=9500us U=0.95 N_min=10000 N_max=10000 ===
[model1] ERROR: cell tight-u95 did not become Ready; skipping
[model1] === SWEEP SUMMARY (timeblock=tb-20260707-0928) ===
[model1] {"cell": "tight-U0.2", "stop_reason": "not_ready"}
[model1] {"cell": "tight-U0.4", "stop_reason": "not_ready"}
[model1] {"cell": "tight-U0.6", "stop_reason": "not_ready"}
[model1] {"cell": "tight-U0.8", "stop_reason": "not_ready"}
[model1] {"cell": "tight-U0.9", "stop_reason": "not_ready"}
[model1] {"cell": "tight-U0.95", "stop_reason": "not_ready"}
