nohup: ignoring input
[calib] workload=primes buf_kb=131072
[calib] tight-U0.1: K=2 medC=678 (target 700) cv=0.0422 [OK]
[calib] tight-U0.2: K=4 medC=1353 (target 1400) cv=0.0308 [OK]
[calib] tight-U0.3: K=6 medC=2030 (target 2100) cv=0.0260 [OK]
[calib] tight-U0.4: K=8 medC=2704 (target 2800) cv=0.0224 [OK]
[calib] tight-U0.5: K=10 medC=3375 (target 3500) cv=0.0195 [OK]
[calib] tight-U0.6: K=12 medC=4058 (target 4200) cv=0.0179 [OK]
[calib] tight-U0.7: K=15 medC=5065 (target 4900) cv=0.0174 [OK]
[calib] tight-U0.8: K=17 medC=5742 (target 5600) cv=0.0158 [OK]
[calib] tight-U0.9: K=19 medC=6415 (target 6300) cv=0.0148 [OK]
[calib] tight-U0.94: K=20 medC=6752 (target 6580) cv=0.0145 [OK]
[calib] soft-U0.1: K=21 medC=7095 (target 7000) cv=0.0133 [OK]
[calib] soft-U0.2: K=42 medC=14190 (target 14000) cv=0.0103 [OK]
[calib] soft-U0.3: K=62 medC=20943 (target 21000) cv=0.0074 [OK]
[calib] soft-U0.4: K=83 medC=28027 (target 28000) cv=0.0067 [OK]
[calib] soft-U0.5: K=104 medC=35114 (target 35000) cv=0.0058 [OK]
[calib] soft-U0.6: K=125 medC=42229 (target 42000) cv=0.0055 [OK]
[calib] soft-U0.7: K=145 medC=48983 (target 49000) cv=0.0050 [OK]
[calib] soft-U0.8: K=166 medC=56081 (target 56000) cv=0.0063 [OK]
[calib] soft-U0.9: K=187 medC=63156 (target 63000) cv=0.0047 [OK]
[calib] soft-U0.94: K=196 medC=66214 (target 65800) cv=0.0045 [OK]
[calib] wrote /home/azureuser/GraduationProject/research-questions/RQ1_new/models/model3/k_table.primes.json
