nohup: ignoring input
[run] model=model3-w2 ns=rq1-model3-w2 agent=rq1-agent-k84mk cells=20 has_neighbours=0 has_competitor=1
[run] model3 arm: PAIR_TYPE=sibling COMPETITOR_TYPE=reserved
[run] kubepods-besteffort.slice period mismatch (have 0, need 100000) -- resetting
[run] kubepods-besteffort.slice period now 100000, runtime cleared
[run] soft: reserved competitor landed on cpu2 (avoiding KEEP_CPU=0), confirmed actually executing, running for the whole scale
[run] soft: target will be forced onto {3} for every cell (PAIR_TYPE=sibling vs competitor cpu2)
[run] === soft/U0.1 (models/model3-w2/generated_primes/soft/U0.1.yaml) ===
[run] competitor fixed on cpu2, target forced to cpu3 -- confirmed, competitor already running for this whole scale
[run] competitor re-confirmed actually executing for this cell
[run] running...
[run] co-runner (competitor) own jobs.csv row count at cell end: 5111
[run] collected 5000/5000 rows -> results/model3-w2_sib_res_primes_round1/soft/U0.1
[run] === soft/U0.2 (models/model3-w2/generated_primes/soft/U0.2.yaml) ===
[run] target not Ready (attempt 1/8)
Error from server (AlreadyExists): error when creating "STDIN": rtclaimparameters.rt.resource.example.com "model3-w2-soft-u20-params" already exists
Error from server (AlreadyExists): error when creating "STDIN": resourceclaimtemplates.resource.k8s.io "model3-w2-soft-u20-claim" already exists
Error from server (AlreadyExists): error when creating "STDIN": pods "model3-w2-soft-u20" already exists
[run] target not Ready (attempt 2/8)
Error from server (AlreadyExists): error when creating "STDIN": rtclaimparameters.rt.resource.example.com "model3-w2-soft-u20-params" already exists
Error from server (AlreadyExists): error when creating "STDIN": resourceclaimtemplates.resource.k8s.io "model3-w2-soft-u20-claim" already exists
Error from server (AlreadyExists): error when creating "STDIN": pods "model3-w2-soft-u20" already exists
[run] target not Ready (attempt 3/8)
Error from server (AlreadyExists): error when creating "STDIN": rtclaimparameters.rt.resource.example.com "model3-w2-soft-u20-params" already exists
Error from server (AlreadyExists): error when creating "STDIN": resourceclaimtemplates.resource.k8s.io "model3-w2-soft-u20-claim" already exists
Error from server (AlreadyExists): error when creating "STDIN": pods "model3-w2-soft-u20" already exists
[run] target not Ready (attempt 4/8)
Error from server (AlreadyExists): error when creating "STDIN": rtclaimparameters.rt.resource.example.com "model3-w2-soft-u20-params" already exists
Error from server (AlreadyExists): error when creating "STDIN": resourceclaimtemplates.resource.k8s.io "model3-w2-soft-u20-claim" already exists
Error from server (AlreadyExists): error when creating "STDIN": pods "model3-w2-soft-u20" already exists
[run] target not Ready (attempt 5/8)
Error from server (AlreadyExists): error when creating "STDIN": rtclaimparameters.rt.resource.example.com "model3-w2-soft-u20-params" already exists
Error from server (AlreadyExists): error when creating "STDIN": resourceclaimtemplates.resource.k8s.io "model3-w2-soft-u20-claim" already exists
Error from server (AlreadyExists): error when creating "STDIN": pods "model3-w2-soft-u20" already exists
[run] target not Ready (attempt 6/8)
Error from server (AlreadyExists): error when creating "STDIN": rtclaimparameters.rt.resource.example.com "model3-w2-soft-u20-params" already exists
Error from server (AlreadyExists): error when creating "STDIN": resourceclaimtemplates.resource.k8s.io "model3-w2-soft-u20-claim" already exists
Error from server (AlreadyExists): error when creating "STDIN": pods "model3-w2-soft-u20" already exists
[run] target not Ready (attempt 7/8)
Error from server (AlreadyExists): error when creating "STDIN": rtclaimparameters.rt.resource.example.com "model3-w2-soft-u20-params" already exists
Error from server (AlreadyExists): error when creating "STDIN": resourceclaimtemplates.resource.k8s.io "model3-w2-soft-u20-claim" already exists
Error from server (AlreadyExists): error when creating "STDIN": pods "model3-w2-soft-u20" already exists
[run] target not Ready (attempt 8/8)
[run] could not place target on any of {3} after 8 attempts; giving up on this cell
[run] FAILED soft/U0.2 after 4 attempt(s): could not place target on any of {3} after 8 attempts
[run] === soft/U0.3 (models/model3-w2/generated_primes/soft/U0.3.yaml) ===
[run] target not Ready (attempt 1/8)
Error from server (AlreadyExists): error when creating "STDIN": rtclaimparameters.rt.resource.example.com "model3-w2-soft-u30-params" already exists
Error from server (AlreadyExists): error when creating "STDIN": resourceclaimtemplates.resource.k8s.io "model3-w2-soft-u30-claim" already exists
Error from server (AlreadyExists): error when creating "STDIN": pods "model3-w2-soft-u30" already exists
[run] target not Ready (attempt 2/8)
Error from server (AlreadyExists): error when creating "STDIN": rtclaimparameters.rt.resource.example.com "model3-w2-soft-u30-params" already exists
Error from server (AlreadyExists): error when creating "STDIN": resourceclaimtemplates.resource.k8s.io "model3-w2-soft-u30-claim" already exists
Error from server (AlreadyExists): error when creating "STDIN": pods "model3-w2-soft-u30" already exists
[run] target not Ready (attempt 3/8)
Error from server (AlreadyExists): error when creating "STDIN": rtclaimparameters.rt.resource.example.com "model3-w2-soft-u30-params" already exists
Error from server (AlreadyExists): error when creating "STDIN": resourceclaimtemplates.resource.k8s.io "model3-w2-soft-u30-claim" already exists
Error from server (AlreadyExists): error when creating "STDIN": pods "model3-w2-soft-u30" already exists
[run] target not Ready (attempt 4/8)
Error from server (AlreadyExists): error when creating "STDIN": rtclaimparameters.rt.resource.example.com "model3-w2-soft-u30-params" already exists
Error from server (AlreadyExists): error when creating "STDIN": resourceclaimtemplates.resource.k8s.io "model3-w2-soft-u30-claim" already exists
Error from server (AlreadyExists): error when creating "STDIN": pods "model3-w2-soft-u30" already exists
[run] target not Ready (attempt 5/8)
Error from server (AlreadyExists): error when creating "STDIN": rtclaimparameters.rt.resource.example.com "model3-w2-soft-u30-params" already exists
Error from server (AlreadyExists): error when creating "STDIN": resourceclaimtemplates.resource.k8s.io "model3-w2-soft-u30-claim" already exists
Error from server (AlreadyExists): error when creating "STDIN": pods "model3-w2-soft-u30" already exists
[run] target not Ready (attempt 6/8)
Error from server (AlreadyExists): error when creating "STDIN": rtclaimparameters.rt.resource.example.com "model3-w2-soft-u30-params" already exists
Error from server (AlreadyExists): error when creating "STDIN": resourceclaimtemplates.resource.k8s.io "model3-w2-soft-u30-claim" already exists
Error from server (AlreadyExists): error when creating "STDIN": pods "model3-w2-soft-u30" already exists
[run] target not Ready (attempt 7/8)
Error from server (AlreadyExists): error when creating "STDIN": rtclaimparameters.rt.resource.example.com "model3-w2-soft-u30-params" already exists
Error from server (AlreadyExists): error when creating "STDIN": resourceclaimtemplates.resource.k8s.io "model3-w2-soft-u30-claim" already exists
Error from server (AlreadyExists): error when creating "STDIN": pods "model3-w2-soft-u30" already exists
[run] target not Ready (attempt 8/8)
[run] could not place target on any of {3} after 8 attempts; giving up on this cell
[run] FAILED soft/U0.3 after 4 attempt(s): could not place target on any of {3} after 8 attempts
[run] === soft/U0.4 (models/model3-w2/generated_primes/soft/U0.4.yaml) ===
[run] target not Ready (attempt 1/8)
Error from server (AlreadyExists): error when creating "STDIN": rtclaimparameters.rt.resource.example.com "model3-w2-soft-u40-params" already exists
Error from server (AlreadyExists): error when creating "STDIN": resourceclaimtemplates.resource.k8s.io "model3-w2-soft-u40-claim" already exists
Error from server (AlreadyExists): error when creating "STDIN": pods "model3-w2-soft-u40" already exists
[run] target not Ready (attempt 2/8)
Error from server (AlreadyExists): error when creating "STDIN": rtclaimparameters.rt.resource.example.com "model3-w2-soft-u40-params" already exists
Error from server (AlreadyExists): error when creating "STDIN": resourceclaimtemplates.resource.k8s.io "model3-w2-soft-u40-claim" already exists
Error from server (AlreadyExists): error when creating "STDIN": pods "model3-w2-soft-u40" already exists
[run] target not Ready (attempt 3/8)
Error from server (AlreadyExists): error when creating "STDIN": rtclaimparameters.rt.resource.example.com "model3-w2-soft-u40-params" already exists
Error from server (AlreadyExists): error when creating "STDIN": resourceclaimtemplates.resource.k8s.io "model3-w2-soft-u40-claim" already exists
Error from server (AlreadyExists): error when creating "STDIN": pods "model3-w2-soft-u40" already exists
[run] target not Ready (attempt 4/8)
Error from server (AlreadyExists): error when creating "STDIN": rtclaimparameters.rt.resource.example.com "model3-w2-soft-u40-params" already exists
Error from server (AlreadyExists): error when creating "STDIN": resourceclaimtemplates.resource.k8s.io "model3-w2-soft-u40-claim" already exists
Error from server (AlreadyExists): error when creating "STDIN": pods "model3-w2-soft-u40" already exists
[run] target not Ready (attempt 5/8)
Error from server (AlreadyExists): error when creating "STDIN": rtclaimparameters.rt.resource.example.com "model3-w2-soft-u40-params" already exists
Error from server (AlreadyExists): error when creating "STDIN": resourceclaimtemplates.resource.k8s.io "model3-w2-soft-u40-claim" already exists
Error from server (AlreadyExists): error when creating "STDIN": pods "model3-w2-soft-u40" already exists
[run] target not Ready (attempt 6/8)
Error from server (AlreadyExists): error when creating "STDIN": rtclaimparameters.rt.resource.example.com "model3-w2-soft-u40-params" already exists
Error from server (AlreadyExists): error when creating "STDIN": resourceclaimtemplates.resource.k8s.io "model3-w2-soft-u40-claim" already exists
Error from server (AlreadyExists): error when creating "STDIN": pods "model3-w2-soft-u40" already exists
[run] target not Ready (attempt 7/8)
Error from server (AlreadyExists): error when creating "STDIN": rtclaimparameters.rt.resource.example.com "model3-w2-soft-u40-params" already exists
Error from server (AlreadyExists): error when creating "STDIN": resourceclaimtemplates.resource.k8s.io "model3-w2-soft-u40-claim" already exists
Error from server (AlreadyExists): error when creating "STDIN": pods "model3-w2-soft-u40" already exists
[run] target not Ready (attempt 8/8)
[run] could not place target on any of {3} after 8 attempts; giving up on this cell
[run] FAILED soft/U0.4 after 4 attempt(s): could not place target on any of {3} after 8 attempts
[run] === soft/U0.5 (models/model3-w2/generated_primes/soft/U0.5.yaml) ===
[run] target not Ready (attempt 1/8)
Error from server (AlreadyExists): error when creating "STDIN": rtclaimparameters.rt.resource.example.com "model3-w2-soft-u50-params" already exists
Error from server (AlreadyExists): error when creating "STDIN": resourceclaimtemplates.resource.k8s.io "model3-w2-soft-u50-claim" already exists
Error from server (AlreadyExists): error when creating "STDIN": pods "model3-w2-soft-u50" already exists
[run] target not Ready (attempt 2/8)
Error from server (AlreadyExists): error when creating "STDIN": rtclaimparameters.rt.resource.example.com "model3-w2-soft-u50-params" already exists
Error from server (AlreadyExists): error when creating "STDIN": resourceclaimtemplates.resource.k8s.io "model3-w2-soft-u50-claim" already exists
Error from server (AlreadyExists): error when creating "STDIN": pods "model3-w2-soft-u50" already exists
[run] target not Ready (attempt 3/8)
Error from server (AlreadyExists): error when creating "STDIN": rtclaimparameters.rt.resource.example.com "model3-w2-soft-u50-params" already exists
Error from server (AlreadyExists): error when creating "STDIN": resourceclaimtemplates.resource.k8s.io "model3-w2-soft-u50-claim" already exists
Error from server (AlreadyExists): error when creating "STDIN": pods "model3-w2-soft-u50" already exists
[run] target not Ready (attempt 4/8)
Error from server (AlreadyExists): error when creating "STDIN": rtclaimparameters.rt.resource.example.com "model3-w2-soft-u50-params" already exists
Error from server (AlreadyExists): error when creating "STDIN": resourceclaimtemplates.resource.k8s.io "model3-w2-soft-u50-claim" already exists
Error from server (AlreadyExists): error when creating "STDIN": pods "model3-w2-soft-u50" already exists
[run] target not Ready (attempt 5/8)
Error from server (AlreadyExists): error when creating "STDIN": rtclaimparameters.rt.resource.example.com "model3-w2-soft-u50-params" already exists
Error from server (AlreadyExists): error when creating "STDIN": resourceclaimtemplates.resource.k8s.io "model3-w2-soft-u50-claim" already exists
Error from server (AlreadyExists): error when creating "STDIN": pods "model3-w2-soft-u50" already exists
[run] target not Ready (attempt 6/8)
Error from server (AlreadyExists): error when creating "STDIN": rtclaimparameters.rt.resource.example.com "model3-w2-soft-u50-params" already exists
Error from server (AlreadyExists): error when creating "STDIN": resourceclaimtemplates.resource.k8s.io "model3-w2-soft-u50-claim" already exists
Error from server (AlreadyExists): error when creating "STDIN": pods "model3-w2-soft-u50" already exists
[run] target not Ready (attempt 7/8)
Error from server (AlreadyExists): error when creating "STDIN": rtclaimparameters.rt.resource.example.com "model3-w2-soft-u50-params" already exists
Error from server (AlreadyExists): error when creating "STDIN": resourceclaimtemplates.resource.k8s.io "model3-w2-soft-u50-claim" already exists
Error from server (AlreadyExists): error when creating "STDIN": pods "model3-w2-soft-u50" already exists
[run] target not Ready (attempt 8/8)
[run] could not place target on any of {3} after 8 attempts; giving up on this cell
[run] FAILED soft/U0.5 after 4 attempt(s): could not place target on any of {3} after 8 attempts
[run] === soft/U0.6 (models/model3-w2/generated_primes/soft/U0.6.yaml) ===
[run] target not Ready (attempt 1/8)
Error from server (AlreadyExists): error when creating "STDIN": rtclaimparameters.rt.resource.example.com "model3-w2-soft-u60-params" already exists
Error from server (AlreadyExists): error when creating "STDIN": resourceclaimtemplates.resource.k8s.io "model3-w2-soft-u60-claim" already exists
Error from server (AlreadyExists): error when creating "STDIN": pods "model3-w2-soft-u60" already exists
[run] target not Ready (attempt 2/8)
Error from server (AlreadyExists): error when creating "STDIN": rtclaimparameters.rt.resource.example.com "model3-w2-soft-u60-params" already exists
Error from server (AlreadyExists): error when creating "STDIN": resourceclaimtemplates.resource.k8s.io "model3-w2-soft-u60-claim" already exists
Error from server (AlreadyExists): error when creating "STDIN": pods "model3-w2-soft-u60" already exists
[run] target not Ready (attempt 3/8)
Error from server (AlreadyExists): error when creating "STDIN": rtclaimparameters.rt.resource.example.com "model3-w2-soft-u60-params" already exists
Error from server (AlreadyExists): error when creating "STDIN": resourceclaimtemplates.resource.k8s.io "model3-w2-soft-u60-claim" already exists
Error from server (AlreadyExists): error when creating "STDIN": pods "model3-w2-soft-u60" already exists
[run] target not Ready (attempt 4/8)
Error from server (AlreadyExists): error when creating "STDIN": rtclaimparameters.rt.resource.example.com "model3-w2-soft-u60-params" already exists
Error from server (AlreadyExists): error when creating "STDIN": resourceclaimtemplates.resource.k8s.io "model3-w2-soft-u60-claim" already exists
Error from server (AlreadyExists): error when creating "STDIN": pods "model3-w2-soft-u60" already exists
[run] target not Ready (attempt 5/8)
Error from server (AlreadyExists): error when creating "STDIN": rtclaimparameters.rt.resource.example.com "model3-w2-soft-u60-params" already exists
Error from server (AlreadyExists): error when creating "STDIN": resourceclaimtemplates.resource.k8s.io "model3-w2-soft-u60-claim" already exists
Error from server (AlreadyExists): error when creating "STDIN": pods "model3-w2-soft-u60" already exists
[run] target not Ready (attempt 6/8)
Error from server (AlreadyExists): error when creating "STDIN": rtclaimparameters.rt.resource.example.com "model3-w2-soft-u60-params" already exists
Error from server (AlreadyExists): error when creating "STDIN": resourceclaimtemplates.resource.k8s.io "model3-w2-soft-u60-claim" already exists
Error from server (AlreadyExists): error when creating "STDIN": pods "model3-w2-soft-u60" already exists
[run] target not Ready (attempt 7/8)
Error from server (AlreadyExists): error when creating "STDIN": rtclaimparameters.rt.resource.example.com "model3-w2-soft-u60-params" already exists
Error from server (AlreadyExists): error when creating "STDIN": resourceclaimtemplates.resource.k8s.io "model3-w2-soft-u60-claim" already exists
Error from server (AlreadyExists): error when creating "STDIN": pods "model3-w2-soft-u60" already exists
[run] target not Ready (attempt 8/8)
[run] could not place target on any of {3} after 8 attempts; giving up on this cell
[run] FAILED soft/U0.6 after 4 attempt(s): could not place target on any of {3} after 8 attempts
[run] === soft/U0.7 (models/model3-w2/generated_primes/soft/U0.7.yaml) ===
[run] target not Ready (attempt 1/8)
Error from server (AlreadyExists): error when creating "STDIN": rtclaimparameters.rt.resource.example.com "model3-w2-soft-u70-params" already exists
Error from server (AlreadyExists): error when creating "STDIN": resourceclaimtemplates.resource.k8s.io "model3-w2-soft-u70-claim" already exists
Error from server (AlreadyExists): error when creating "STDIN": pods "model3-w2-soft-u70" already exists
[run] target not Ready (attempt 2/8)
Error from server (AlreadyExists): error when creating "STDIN": rtclaimparameters.rt.resource.example.com "model3-w2-soft-u70-params" already exists
Error from server (AlreadyExists): error when creating "STDIN": resourceclaimtemplates.resource.k8s.io "model3-w2-soft-u70-claim" already exists
Error from server (AlreadyExists): error when creating "STDIN": pods "model3-w2-soft-u70" already exists
[run] target not Ready (attempt 3/8)
Error from server (AlreadyExists): error when creating "STDIN": rtclaimparameters.rt.resource.example.com "model3-w2-soft-u70-params" already exists
Error from server (AlreadyExists): error when creating "STDIN": resourceclaimtemplates.resource.k8s.io "model3-w2-soft-u70-claim" already exists
Error from server (AlreadyExists): error when creating "STDIN": pods "model3-w2-soft-u70" already exists
[run] target not Ready (attempt 4/8)
Error from server (AlreadyExists): error when creating "STDIN": rtclaimparameters.rt.resource.example.com "model3-w2-soft-u70-params" already exists
Error from server (AlreadyExists): error when creating "STDIN": resourceclaimtemplates.resource.k8s.io "model3-w2-soft-u70-claim" already exists
Error from server (AlreadyExists): error when creating "STDIN": pods "model3-w2-soft-u70" already exists
[run] target not Ready (attempt 5/8)
Error from server (AlreadyExists): error when creating "STDIN": rtclaimparameters.rt.resource.example.com "model3-w2-soft-u70-params" already exists
Error from server (AlreadyExists): error when creating "STDIN": resourceclaimtemplates.resource.k8s.io "model3-w2-soft-u70-claim" already exists
Error from server (AlreadyExists): error when creating "STDIN": pods "model3-w2-soft-u70" already exists
[run] target not Ready (attempt 6/8)
Error from server (AlreadyExists): error when creating "STDIN": rtclaimparameters.rt.resource.example.com "model3-w2-soft-u70-params" already exists
Error from server (AlreadyExists): error when creating "STDIN": resourceclaimtemplates.resource.k8s.io "model3-w2-soft-u70-claim" already exists
Error from server (AlreadyExists): error when creating "STDIN": pods "model3-w2-soft-u70" already exists
[run] target not Ready (attempt 7/8)
Error from server (AlreadyExists): error when creating "STDIN": rtclaimparameters.rt.resource.example.com "model3-w2-soft-u70-params" already exists
Error from server (AlreadyExists): error when creating "STDIN": resourceclaimtemplates.resource.k8s.io "model3-w2-soft-u70-claim" already exists
Error from server (AlreadyExists): error when creating "STDIN": pods "model3-w2-soft-u70" already exists
[run] target not Ready (attempt 8/8)
[run] could not place target on any of {3} after 8 attempts; giving up on this cell
[run] FAILED soft/U0.7 after 4 attempt(s): could not place target on any of {3} after 8 attempts
[run] === soft/U0.8 (models/model3-w2/generated_primes/soft/U0.8.yaml) ===
[run] target not Ready (attempt 1/8)
Error from server (AlreadyExists): error when creating "STDIN": rtclaimparameters.rt.resource.example.com "model3-w2-soft-u80-params" already exists
Error from server (AlreadyExists): error when creating "STDIN": resourceclaimtemplates.resource.k8s.io "model3-w2-soft-u80-claim" already exists
Error from server (AlreadyExists): error when creating "STDIN": pods "model3-w2-soft-u80" already exists
[run] target not Ready (attempt 2/8)
Error from server (AlreadyExists): error when creating "STDIN": rtclaimparameters.rt.resource.example.com "model3-w2-soft-u80-params" already exists
Error from server (AlreadyExists): error when creating "STDIN": resourceclaimtemplates.resource.k8s.io "model3-w2-soft-u80-claim" already exists
Error from server (AlreadyExists): error when creating "STDIN": pods "model3-w2-soft-u80" already exists
[run] target not Ready (attempt 3/8)
Error from server (AlreadyExists): error when creating "STDIN": rtclaimparameters.rt.resource.example.com "model3-w2-soft-u80-params" already exists
Error from server (AlreadyExists): error when creating "STDIN": resourceclaimtemplates.resource.k8s.io "model3-w2-soft-u80-claim" already exists
Error from server (AlreadyExists): error when creating "STDIN": pods "model3-w2-soft-u80" already exists
[run] target not Ready (attempt 4/8)
Error from server (AlreadyExists): error when creating "STDIN": rtclaimparameters.rt.resource.example.com "model3-w2-soft-u80-params" already exists
Error from server (AlreadyExists): error when creating "STDIN": resourceclaimtemplates.resource.k8s.io "model3-w2-soft-u80-claim" already exists
Error from server (AlreadyExists): error when creating "STDIN": pods "model3-w2-soft-u80" already exists
[run] target not Ready (attempt 5/8)
Error from server (AlreadyExists): error when creating "STDIN": rtclaimparameters.rt.resource.example.com "model3-w2-soft-u80-params" already exists
Error from server (AlreadyExists): error when creating "STDIN": resourceclaimtemplates.resource.k8s.io "model3-w2-soft-u80-claim" already exists
Error from server (AlreadyExists): error when creating "STDIN": pods "model3-w2-soft-u80" already exists
[run] target not Ready (attempt 6/8)
Error from server (AlreadyExists): error when creating "STDIN": rtclaimparameters.rt.resource.example.com "model3-w2-soft-u80-params" already exists
Error from server (AlreadyExists): error when creating "STDIN": resourceclaimtemplates.resource.k8s.io "model3-w2-soft-u80-claim" already exists
Error from server (AlreadyExists): error when creating "STDIN": pods "model3-w2-soft-u80" already exists
[run] target not Ready (attempt 7/8)
Error from server (AlreadyExists): error when creating "STDIN": rtclaimparameters.rt.resource.example.com "model3-w2-soft-u80-params" already exists
Error from server (AlreadyExists): error when creating "STDIN": resourceclaimtemplates.resource.k8s.io "model3-w2-soft-u80-claim" already exists
Error from server (AlreadyExists): error when creating "STDIN": pods "model3-w2-soft-u80" already exists
[run] target not Ready (attempt 8/8)
[run] could not place target on any of {3} after 8 attempts; giving up on this cell
[run] FAILED soft/U0.8 after 4 attempt(s): could not place target on any of {3} after 8 attempts
[run] === soft/U0.9 (models/model3-w2/generated_primes/soft/U0.9.yaml) ===
[run] target not Ready (attempt 1/8)
Error from server (AlreadyExists): error when creating "STDIN": rtclaimparameters.rt.resource.example.com "model3-w2-soft-u90-params" already exists
Error from server (AlreadyExists): error when creating "STDIN": resourceclaimtemplates.resource.k8s.io "model3-w2-soft-u90-claim" already exists
Error from server (AlreadyExists): error when creating "STDIN": pods "model3-w2-soft-u90" already exists
[run] target not Ready (attempt 2/8)
Error from server (AlreadyExists): error when creating "STDIN": rtclaimparameters.rt.resource.example.com "model3-w2-soft-u90-params" already exists
Error from server (AlreadyExists): error when creating "STDIN": resourceclaimtemplates.resource.k8s.io "model3-w2-soft-u90-claim" already exists
Error from server (AlreadyExists): error when creating "STDIN": pods "model3-w2-soft-u90" already exists
[run] target not Ready (attempt 3/8)
Error from server (AlreadyExists): error when creating "STDIN": rtclaimparameters.rt.resource.example.com "model3-w2-soft-u90-params" already exists
Error from server (AlreadyExists): error when creating "STDIN": resourceclaimtemplates.resource.k8s.io "model3-w2-soft-u90-claim" already exists
Error from server (AlreadyExists): error when creating "STDIN": pods "model3-w2-soft-u90" already exists
[run] target not Ready (attempt 4/8)
Error from server (AlreadyExists): error when creating "STDIN": rtclaimparameters.rt.resource.example.com "model3-w2-soft-u90-params" already exists
Error from server (AlreadyExists): error when creating "STDIN": resourceclaimtemplates.resource.k8s.io "model3-w2-soft-u90-claim" already exists
Error from server (AlreadyExists): error when creating "STDIN": pods "model3-w2-soft-u90" already exists
[run] target not Ready (attempt 5/8)
Error from server (AlreadyExists): error when creating "STDIN": rtclaimparameters.rt.resource.example.com "model3-w2-soft-u90-params" already exists
Error from server (AlreadyExists): error when creating "STDIN": resourceclaimtemplates.resource.k8s.io "model3-w2-soft-u90-claim" already exists
Error from server (AlreadyExists): error when creating "STDIN": pods "model3-w2-soft-u90" already exists
[run] target not Ready (attempt 6/8)
Error from server (AlreadyExists): error when creating "STDIN": rtclaimparameters.rt.resource.example.com "model3-w2-soft-u90-params" already exists
Error from server (AlreadyExists): error when creating "STDIN": resourceclaimtemplates.resource.k8s.io "model3-w2-soft-u90-claim" already exists
Error from server (AlreadyExists): error when creating "STDIN": pods "model3-w2-soft-u90" already exists
[run] target not Ready (attempt 7/8)
Error from server (AlreadyExists): error when creating "STDIN": rtclaimparameters.rt.resource.example.com "model3-w2-soft-u90-params" already exists
Error from server (AlreadyExists): error when creating "STDIN": resourceclaimtemplates.resource.k8s.io "model3-w2-soft-u90-claim" already exists
Error from server (AlreadyExists): error when creating "STDIN": pods "model3-w2-soft-u90" already exists
[run] target not Ready (attempt 8/8)
[run] could not place target on any of {3} after 8 attempts; giving up on this cell
[run] FAILED soft/U0.9 after 4 attempt(s): could not place target on any of {3} after 8 attempts
[run] === soft/U0.94 (models/model3-w2/generated_primes/soft/U0.94.yaml) ===
[run] target not Ready (attempt 1/8)
Error from server (AlreadyExists): error when creating "STDIN": rtclaimparameters.rt.resource.example.com "model3-w2-soft-u94-params" already exists
Error from server (AlreadyExists): error when creating "STDIN": resourceclaimtemplates.resource.k8s.io "model3-w2-soft-u94-claim" already exists
Error from server (AlreadyExists): error when creating "STDIN": pods "model3-w2-soft-u94" already exists
[run] target not Ready (attempt 2/8)
Error from server (AlreadyExists): error when creating "STDIN": rtclaimparameters.rt.resource.example.com "model3-w2-soft-u94-params" already exists
Error from server (AlreadyExists): error when creating "STDIN": resourceclaimtemplates.resource.k8s.io "model3-w2-soft-u94-claim" already exists
Error from server (AlreadyExists): error when creating "STDIN": pods "model3-w2-soft-u94" already exists
[run] target not Ready (attempt 3/8)
Error from server (AlreadyExists): error when creating "STDIN": rtclaimparameters.rt.resource.example.com "model3-w2-soft-u94-params" already exists
Error from server (AlreadyExists): error when creating "STDIN": resourceclaimtemplates.resource.k8s.io "model3-w2-soft-u94-claim" already exists
Error from server (AlreadyExists): error when creating "STDIN": pods "model3-w2-soft-u94" already exists
[run] target not Ready (attempt 4/8)
Error from server (AlreadyExists): error when creating "STDIN": rtclaimparameters.rt.resource.example.com "model3-w2-soft-u94-params" already exists
Error from server (AlreadyExists): error when creating "STDIN": resourceclaimtemplates.resource.k8s.io "model3-w2-soft-u94-claim" already exists
Error from server (AlreadyExists): error when creating "STDIN": pods "model3-w2-soft-u94" already exists
[run] target not Ready (attempt 5/8)
Error from server (AlreadyExists): error when creating "STDIN": rtclaimparameters.rt.resource.example.com "model3-w2-soft-u94-params" already exists
Error from server (AlreadyExists): error when creating "STDIN": resourceclaimtemplates.resource.k8s.io "model3-w2-soft-u94-claim" already exists
Error from server (AlreadyExists): error when creating "STDIN": pods "model3-w2-soft-u94" already exists
[run] target not Ready (attempt 6/8)
Error from server (AlreadyExists): error when creating "STDIN": rtclaimparameters.rt.resource.example.com "model3-w2-soft-u94-params" already exists
Error from server (AlreadyExists): error when creating "STDIN": resourceclaimtemplates.resource.k8s.io "model3-w2-soft-u94-claim" already exists
Error from server (AlreadyExists): error when creating "STDIN": pods "model3-w2-soft-u94" already exists
[run] target not Ready (attempt 7/8)
Error from server (AlreadyExists): error when creating "STDIN": rtclaimparameters.rt.resource.example.com "model3-w2-soft-u94-params" already exists
Error from server (AlreadyExists): error when creating "STDIN": resourceclaimtemplates.resource.k8s.io "model3-w2-soft-u94-claim" already exists
Error from server (AlreadyExists): error when creating "STDIN": pods "model3-w2-soft-u94" already exists
[run] target not Ready (attempt 8/8)
[run] could not place target on any of {3} after 8 attempts; giving up on this cell
[run] FAILED soft/U0.94 after 4 attempt(s): could not place target on any of {3} after 8 attempts

[run] --- 9 cell(s) failed in soft; retrying once more (competitor still running) ---
[run] === soft/U0.2 (models/model3-w2/generated_primes/soft/U0.2.yaml) ===
Error from server (AlreadyExists): error when creating "STDIN": rtclaimparameters.rt.resource.example.com "model3-w2-soft-u20-params" already exists
Error from server (AlreadyExists): error when creating "STDIN": resourceclaimtemplates.resource.k8s.io "model3-w2-soft-u20-claim" already exists
Error from server (AlreadyExists): error when creating "STDIN": pods "model3-w2-soft-u20" already exists
[run] target not Ready (attempt 1/8)
Error from server (AlreadyExists): error when creating "STDIN": rtclaimparameters.rt.resource.example.com "model3-w2-soft-u20-params" already exists
Error from server (AlreadyExists): error when creating "STDIN": resourceclaimtemplates.resource.k8s.io "model3-w2-soft-u20-claim" already exists
Error from server (AlreadyExists): error when creating "STDIN": pods "model3-w2-soft-u20" already exists
[run] target not Ready (attempt 2/8)
Error from server (AlreadyExists): error when creating "STDIN": rtclaimparameters.rt.resource.example.com "model3-w2-soft-u20-params" already exists
Error from server (AlreadyExists): error when creating "STDIN": resourceclaimtemplates.resource.k8s.io "model3-w2-soft-u20-claim" already exists
Error from server (AlreadyExists): error when creating "STDIN": pods "model3-w2-soft-u20" already exists
[run] target not Ready (attempt 3/8)
Error from server (AlreadyExists): error when creating "STDIN": rtclaimparameters.rt.resource.example.com "model3-w2-soft-u20-params" already exists
Error from server (AlreadyExists): error when creating "STDIN": resourceclaimtemplates.resource.k8s.io "model3-w2-soft-u20-claim" already exists
Error from server (AlreadyExists): error when creating "STDIN": pods "model3-w2-soft-u20" already exists
[run] target not Ready (attempt 4/8)
Error from server (AlreadyExists): error when creating "STDIN": rtclaimparameters.rt.resource.example.com "model3-w2-soft-u20-params" already exists
Error from server (AlreadyExists): error when creating "STDIN": resourceclaimtemplates.resource.k8s.io "model3-w2-soft-u20-claim" already exists
Error from server (AlreadyExists): error when creating "STDIN": pods "model3-w2-soft-u20" already exists
[run] target not Ready (attempt 5/8)
Error from server (AlreadyExists): error when creating "STDIN": rtclaimparameters.rt.resource.example.com "model3-w2-soft-u20-params" already exists
Error from server (AlreadyExists): error when creating "STDIN": resourceclaimtemplates.resource.k8s.io "model3-w2-soft-u20-claim" already exists
Error from server (AlreadyExists): error when creating "STDIN": pods "model3-w2-soft-u20" already exists
[run] target not Ready (attempt 6/8)
Error from server (AlreadyExists): error when creating "STDIN": rtclaimparameters.rt.resource.example.com "model3-w2-soft-u20-params" already exists
Error from server (AlreadyExists): error when creating "STDIN": resourceclaimtemplates.resource.k8s.io "model3-w2-soft-u20-claim" already exists
Error from server (AlreadyExists): error when creating "STDIN": pods "model3-w2-soft-u20" already exists
[run] target not Ready (attempt 7/8)
Error from server (AlreadyExists): error when creating "STDIN": rtclaimparameters.rt.resource.example.com "model3-w2-soft-u20-params" already exists
Error from server (AlreadyExists): error when creating "STDIN": resourceclaimtemplates.resource.k8s.io "model3-w2-soft-u20-claim" already exists
Error from server (AlreadyExists): error when creating "STDIN": pods "model3-w2-soft-u20" already exists
[run] target not Ready (attempt 8/8)
[run] could not place target on any of {3} after 8 attempts; giving up on this cell
[run] FAILED soft/U0.2 after 4 attempt(s): could not place target on any of {3} after 8 attempts
[run] === soft/U0.3 (models/model3-w2/generated_primes/soft/U0.3.yaml) ===
Error from server (AlreadyExists): error when creating "STDIN": rtclaimparameters.rt.resource.example.com "model3-w2-soft-u30-params" already exists
Error from server (AlreadyExists): error when creating "STDIN": resourceclaimtemplates.resource.k8s.io "model3-w2-soft-u30-claim" already exists
Error from server (AlreadyExists): error when creating "STDIN": pods "model3-w2-soft-u30" already exists
[run] target not Ready (attempt 1/8)
Error from server (AlreadyExists): error when creating "STDIN": rtclaimparameters.rt.resource.example.com "model3-w2-soft-u30-params" already exists
Error from server (AlreadyExists): error when creating "STDIN": resourceclaimtemplates.resource.k8s.io "model3-w2-soft-u30-claim" already exists
Error from server (AlreadyExists): error when creating "STDIN": pods "model3-w2-soft-u30" already exists
[run] target not Ready (attempt 2/8)
Error from server (AlreadyExists): error when creating "STDIN": rtclaimparameters.rt.resource.example.com "model3-w2-soft-u30-params" already exists
Error from server (AlreadyExists): error when creating "STDIN": resourceclaimtemplates.resource.k8s.io "model3-w2-soft-u30-claim" already exists
Error from server (AlreadyExists): error when creating "STDIN": pods "model3-w2-soft-u30" already exists
[run] target not Ready (attempt 3/8)
Error from server (AlreadyExists): error when creating "STDIN": rtclaimparameters.rt.resource.example.com "model3-w2-soft-u30-params" already exists
Error from server (AlreadyExists): error when creating "STDIN": resourceclaimtemplates.resource.k8s.io "model3-w2-soft-u30-claim" already exists
Error from server (AlreadyExists): error when creating "STDIN": pods "model3-w2-soft-u30" already exists
[run] target not Ready (attempt 4/8)
Error from server (AlreadyExists): error when creating "STDIN": rtclaimparameters.rt.resource.example.com "model3-w2-soft-u30-params" already exists
Error from server (AlreadyExists): error when creating "STDIN": resourceclaimtemplates.resource.k8s.io "model3-w2-soft-u30-claim" already exists
Error from server (AlreadyExists): error when creating "STDIN": pods "model3-w2-soft-u30" already exists
[run] target not Ready (attempt 5/8)
Error from server (AlreadyExists): error when creating "STDIN": rtclaimparameters.rt.resource.example.com "model3-w2-soft-u30-params" already exists
Error from server (AlreadyExists): error when creating "STDIN": resourceclaimtemplates.resource.k8s.io "model3-w2-soft-u30-claim" already exists
Error from server (AlreadyExists): error when creating "STDIN": pods "model3-w2-soft-u30" already exists
[run] target not Ready (attempt 6/8)
Error from server (AlreadyExists): error when creating "STDIN": rtclaimparameters.rt.resource.example.com "model3-w2-soft-u30-params" already exists
Error from server (AlreadyExists): error when creating "STDIN": resourceclaimtemplates.resource.k8s.io "model3-w2-soft-u30-claim" already exists
Error from server (AlreadyExists): error when creating "STDIN": pods "model3-w2-soft-u30" already exists
[run] target not Ready (attempt 7/8)
Error from server (AlreadyExists): error when creating "STDIN": rtclaimparameters.rt.resource.example.com "model3-w2-soft-u30-params" already exists
Error from server (AlreadyExists): error when creating "STDIN": resourceclaimtemplates.resource.k8s.io "model3-w2-soft-u30-claim" already exists
Error from server (AlreadyExists): error when creating "STDIN": pods "model3-w2-soft-u30" already exists
[run] target not Ready (attempt 8/8)
[run] could not place target on any of {3} after 8 attempts; giving up on this cell
[run] FAILED soft/U0.3 after 4 attempt(s): could not place target on any of {3} after 8 attempts
[run] === soft/U0.4 (models/model3-w2/generated_primes/soft/U0.4.yaml) ===
Error from server (AlreadyExists): error when creating "STDIN": rtclaimparameters.rt.resource.example.com "model3-w2-soft-u40-params" already exists
Error from server (AlreadyExists): error when creating "STDIN": resourceclaimtemplates.resource.k8s.io "model3-w2-soft-u40-claim" already exists
Error from server (AlreadyExists): error when creating "STDIN": pods "model3-w2-soft-u40" already exists
[run] target not Ready (attempt 1/8)
Error from server (AlreadyExists): error when creating "STDIN": rtclaimparameters.rt.resource.example.com "model3-w2-soft-u40-params" already exists
Error from server (AlreadyExists): error when creating "STDIN": resourceclaimtemplates.resource.k8s.io "model3-w2-soft-u40-claim" already exists
Error from server (AlreadyExists): error when creating "STDIN": pods "model3-w2-soft-u40" already exists
[run] target not Ready (attempt 2/8)
Error from server (AlreadyExists): error when creating "STDIN": rtclaimparameters.rt.resource.example.com "model3-w2-soft-u40-params" already exists
Error from server (AlreadyExists): error when creating "STDIN": resourceclaimtemplates.resource.k8s.io "model3-w2-soft-u40-claim" already exists
Error from server (AlreadyExists): error when creating "STDIN": pods "model3-w2-soft-u40" already exists
[run] target not Ready (attempt 3/8)
Error from server (AlreadyExists): error when creating "STDIN": rtclaimparameters.rt.resource.example.com "model3-w2-soft-u40-params" already exists
Error from server (AlreadyExists): error when creating "STDIN": resourceclaimtemplates.resource.k8s.io "model3-w2-soft-u40-claim" already exists
Error from server (AlreadyExists): error when creating "STDIN": pods "model3-w2-soft-u40" already exists
[run] target not Ready (attempt 4/8)
Error from server (AlreadyExists): error when creating "STDIN": rtclaimparameters.rt.resource.example.com "model3-w2-soft-u40-params" already exists
Error from server (AlreadyExists): error when creating "STDIN": resourceclaimtemplates.resource.k8s.io "model3-w2-soft-u40-claim" already exists
Error from server (AlreadyExists): error when creating "STDIN": pods "model3-w2-soft-u40" already exists
[run] target not Ready (attempt 5/8)
Error from server (AlreadyExists): error when creating "STDIN": rtclaimparameters.rt.resource.example.com "model3-w2-soft-u40-params" already exists
Error from server (AlreadyExists): error when creating "STDIN": resourceclaimtemplates.resource.k8s.io "model3-w2-soft-u40-claim" already exists
Error from server (AlreadyExists): error when creating "STDIN": pods "model3-w2-soft-u40" already exists
[run] target not Ready (attempt 6/8)
Error from server (AlreadyExists): error when creating "STDIN": rtclaimparameters.rt.resource.example.com "model3-w2-soft-u40-params" already exists
Error from server (AlreadyExists): error when creating "STDIN": resourceclaimtemplates.resource.k8s.io "model3-w2-soft-u40-claim" already exists
Error from server (AlreadyExists): error when creating "STDIN": pods "model3-w2-soft-u40" already exists
[run] target not Ready (attempt 7/8)
Error from server (AlreadyExists): error when creating "STDIN": rtclaimparameters.rt.resource.example.com "model3-w2-soft-u40-params" already exists
Error from server (AlreadyExists): error when creating "STDIN": resourceclaimtemplates.resource.k8s.io "model3-w2-soft-u40-claim" already exists
Error from server (AlreadyExists): error when creating "STDIN": pods "model3-w2-soft-u40" already exists
[run] target not Ready (attempt 8/8)
[run] could not place target on any of {3} after 8 attempts; giving up on this cell
[run] FAILED soft/U0.4 after 4 attempt(s): could not place target on any of {3} after 8 attempts
[run] === soft/U0.5 (models/model3-w2/generated_primes/soft/U0.5.yaml) ===
Error from server (AlreadyExists): error when creating "STDIN": rtclaimparameters.rt.resource.example.com "model3-w2-soft-u50-params" already exists
Error from server (AlreadyExists): error when creating "STDIN": resourceclaimtemplates.resource.k8s.io "model3-w2-soft-u50-claim" already exists
Error from server (AlreadyExists): error when creating "STDIN": pods "model3-w2-soft-u50" already exists
[run] target not Ready (attempt 1/8)
Error from server (AlreadyExists): error when creating "STDIN": rtclaimparameters.rt.resource.example.com "model3-w2-soft-u50-params" already exists
Error from server (AlreadyExists): error when creating "STDIN": resourceclaimtemplates.resource.k8s.io "model3-w2-soft-u50-claim" already exists
Error from server (AlreadyExists): error when creating "STDIN": pods "model3-w2-soft-u50" already exists
[run] target not Ready (attempt 2/8)
Error from server (AlreadyExists): error when creating "STDIN": rtclaimparameters.rt.resource.example.com "model3-w2-soft-u50-params" already exists
Error from server (AlreadyExists): error when creating "STDIN": resourceclaimtemplates.resource.k8s.io "model3-w2-soft-u50-claim" already exists
Error from server (AlreadyExists): error when creating "STDIN": pods "model3-w2-soft-u50" already exists
[run] target not Ready (attempt 3/8)
Error from server (AlreadyExists): error when creating "STDIN": rtclaimparameters.rt.resource.example.com "model3-w2-soft-u50-params" already exists
Error from server (AlreadyExists): error when creating "STDIN": resourceclaimtemplates.resource.k8s.io "model3-w2-soft-u50-claim" already exists
Error from server (AlreadyExists): error when creating "STDIN": pods "model3-w2-soft-u50" already exists
[run] target not Ready (attempt 4/8)
Error from server (AlreadyExists): error when creating "STDIN": rtclaimparameters.rt.resource.example.com "model3-w2-soft-u50-params" already exists
Error from server (AlreadyExists): error when creating "STDIN": resourceclaimtemplates.resource.k8s.io "model3-w2-soft-u50-claim" already exists
Error from server (AlreadyExists): error when creating "STDIN": pods "model3-w2-soft-u50" already exists
[run] target not Ready (attempt 5/8)
Error from server (AlreadyExists): error when creating "STDIN": rtclaimparameters.rt.resource.example.com "model3-w2-soft-u50-params" already exists
Error from server (AlreadyExists): error when creating "STDIN": resourceclaimtemplates.resource.k8s.io "model3-w2-soft-u50-claim" already exists
Error from server (AlreadyExists): error when creating "STDIN": pods "model3-w2-soft-u50" already exists
[run] target not Ready (attempt 6/8)
Error from server (AlreadyExists): error when creating "STDIN": rtclaimparameters.rt.resource.example.com "model3-w2-soft-u50-params" already exists
Error from server (AlreadyExists): error when creating "STDIN": resourceclaimtemplates.resource.k8s.io "model3-w2-soft-u50-claim" already exists
Error from server (AlreadyExists): error when creating "STDIN": pods "model3-w2-soft-u50" already exists
[run] target not Ready (attempt 7/8)
Error from server (AlreadyExists): error when creating "STDIN": rtclaimparameters.rt.resource.example.com "model3-w2-soft-u50-params" already exists
Error from server (AlreadyExists): error when creating "STDIN": resourceclaimtemplates.resource.k8s.io "model3-w2-soft-u50-claim" already exists
Error from server (AlreadyExists): error when creating "STDIN": pods "model3-w2-soft-u50" already exists
[run] target not Ready (attempt 8/8)
[run] could not place target on any of {3} after 8 attempts; giving up on this cell
[run] FAILED soft/U0.5 after 4 attempt(s): could not place target on any of {3} after 8 attempts
[run] === soft/U0.6 (models/model3-w2/generated_primes/soft/U0.6.yaml) ===
Error from server (AlreadyExists): error when creating "STDIN": rtclaimparameters.rt.resource.example.com "model3-w2-soft-u60-params" already exists
Error from server (AlreadyExists): error when creating "STDIN": resourceclaimtemplates.resource.k8s.io "model3-w2-soft-u60-claim" already exists
Error from server (AlreadyExists): error when creating "STDIN": pods "model3-w2-soft-u60" already exists
[run] target not Ready (attempt 1/8)
Error from server (AlreadyExists): error when creating "STDIN": rtclaimparameters.rt.resource.example.com "model3-w2-soft-u60-params" already exists
Error from server (AlreadyExists): error when creating "STDIN": resourceclaimtemplates.resource.k8s.io "model3-w2-soft-u60-claim" already exists
Error from server (AlreadyExists): error when creating "STDIN": pods "model3-w2-soft-u60" already exists
[run] target not Ready (attempt 2/8)
Error from server (AlreadyExists): error when creating "STDIN": rtclaimparameters.rt.resource.example.com "model3-w2-soft-u60-params" already exists
Error from server (AlreadyExists): error when creating "STDIN": resourceclaimtemplates.resource.k8s.io "model3-w2-soft-u60-claim" already exists
Error from server (AlreadyExists): error when creating "STDIN": pods "model3-w2-soft-u60" already exists
[run] target not Ready (attempt 3/8)
Error from server (AlreadyExists): error when creating "STDIN": rtclaimparameters.rt.resource.example.com "model3-w2-soft-u60-params" already exists
Error from server (AlreadyExists): error when creating "STDIN": resourceclaimtemplates.resource.k8s.io "model3-w2-soft-u60-claim" already exists
Error from server (AlreadyExists): error when creating "STDIN": pods "model3-w2-soft-u60" already exists
[run] target not Ready (attempt 4/8)
Error from server (AlreadyExists): error when creating "STDIN": rtclaimparameters.rt.resource.example.com "model3-w2-soft-u60-params" already exists
Error from server (AlreadyExists): error when creating "STDIN": resourceclaimtemplates.resource.k8s.io "model3-w2-soft-u60-claim" already exists
Error from server (AlreadyExists): error when creating "STDIN": pods "model3-w2-soft-u60" already exists
[run] target not Ready (attempt 5/8)
Error from server (AlreadyExists): error when creating "STDIN": rtclaimparameters.rt.resource.example.com "model3-w2-soft-u60-params" already exists
Error from server (AlreadyExists): error when creating "STDIN": resourceclaimtemplates.resource.k8s.io "model3-w2-soft-u60-claim" already exists
Error from server (AlreadyExists): error when creating "STDIN": pods "model3-w2-soft-u60" already exists
[run] target not Ready (attempt 6/8)
Error from server (AlreadyExists): error when creating "STDIN": rtclaimparameters.rt.resource.example.com "model3-w2-soft-u60-params" already exists
Error from server (AlreadyExists): error when creating "STDIN": resourceclaimtemplates.resource.k8s.io "model3-w2-soft-u60-claim" already exists
Error from server (AlreadyExists): error when creating "STDIN": pods "model3-w2-soft-u60" already exists
[run] target not Ready (attempt 7/8)
Error from server (AlreadyExists): error when creating "STDIN": rtclaimparameters.rt.resource.example.com "model3-w2-soft-u60-params" already exists
Error from server (AlreadyExists): error when creating "STDIN": resourceclaimtemplates.resource.k8s.io "model3-w2-soft-u60-claim" already exists
Error from server (AlreadyExists): error when creating "STDIN": pods "model3-w2-soft-u60" already exists
[run] target not Ready (attempt 8/8)
[run] could not place target on any of {3} after 8 attempts; giving up on this cell
[run] FAILED soft/U0.6 after 4 attempt(s): could not place target on any of {3} after 8 attempts
[run] === soft/U0.7 (models/model3-w2/generated_primes/soft/U0.7.yaml) ===
Error from server (AlreadyExists): error when creating "STDIN": rtclaimparameters.rt.resource.example.com "model3-w2-soft-u70-params" already exists
Error from server (AlreadyExists): error when creating "STDIN": resourceclaimtemplates.resource.k8s.io "model3-w2-soft-u70-claim" already exists
Error from server (AlreadyExists): error when creating "STDIN": pods "model3-w2-soft-u70" already exists
[run] target not Ready (attempt 1/8)
Error from server (AlreadyExists): error when creating "STDIN": rtclaimparameters.rt.resource.example.com "model3-w2-soft-u70-params" already exists
Error from server (AlreadyExists): error when creating "STDIN": resourceclaimtemplates.resource.k8s.io "model3-w2-soft-u70-claim" already exists
Error from server (AlreadyExists): error when creating "STDIN": pods "model3-w2-soft-u70" already exists
[run] target not Ready (attempt 2/8)
Error from server (AlreadyExists): error when creating "STDIN": rtclaimparameters.rt.resource.example.com "model3-w2-soft-u70-params" already exists
Error from server (AlreadyExists): error when creating "STDIN": resourceclaimtemplates.resource.k8s.io "model3-w2-soft-u70-claim" already exists
Error from server (AlreadyExists): error when creating "STDIN": pods "model3-w2-soft-u70" already exists
[run] target not Ready (attempt 3/8)
Error from server (AlreadyExists): error when creating "STDIN": rtclaimparameters.rt.resource.example.com "model3-w2-soft-u70-params" already exists
Error from server (AlreadyExists): error when creating "STDIN": resourceclaimtemplates.resource.k8s.io "model3-w2-soft-u70-claim" already exists
Error from server (AlreadyExists): error when creating "STDIN": pods "model3-w2-soft-u70" already exists
[run] target not Ready (attempt 4/8)
Error from server (AlreadyExists): error when creating "STDIN": rtclaimparameters.rt.resource.example.com "model3-w2-soft-u70-params" already exists
Error from server (AlreadyExists): error when creating "STDIN": resourceclaimtemplates.resource.k8s.io "model3-w2-soft-u70-claim" already exists
Error from server (AlreadyExists): error when creating "STDIN": pods "model3-w2-soft-u70" already exists
[run] target not Ready (attempt 5/8)
Error from server (AlreadyExists): error when creating "STDIN": rtclaimparameters.rt.resource.example.com "model3-w2-soft-u70-params" already exists
Error from server (AlreadyExists): error when creating "STDIN": resourceclaimtemplates.resource.k8s.io "model3-w2-soft-u70-claim" already exists
Error from server (AlreadyExists): error when creating "STDIN": pods "model3-w2-soft-u70" already exists
[run] target not Ready (attempt 6/8)
Error from server (AlreadyExists): error when creating "STDIN": rtclaimparameters.rt.resource.example.com "model3-w2-soft-u70-params" already exists
Error from server (AlreadyExists): error when creating "STDIN": resourceclaimtemplates.resource.k8s.io "model3-w2-soft-u70-claim" already exists
Error from server (AlreadyExists): error when creating "STDIN": pods "model3-w2-soft-u70" already exists
[run] target not Ready (attempt 7/8)
Error from server (AlreadyExists): error when creating "STDIN": rtclaimparameters.rt.resource.example.com "model3-w2-soft-u70-params" already exists
Error from server (AlreadyExists): error when creating "STDIN": resourceclaimtemplates.resource.k8s.io "model3-w2-soft-u70-claim" already exists
Error from server (AlreadyExists): error when creating "STDIN": pods "model3-w2-soft-u70" already exists
[run] target not Ready (attempt 8/8)
[run] could not place target on any of {3} after 8 attempts; giving up on this cell
[run] FAILED soft/U0.7 after 4 attempt(s): could not place target on any of {3} after 8 attempts
[run] === soft/U0.8 (models/model3-w2/generated_primes/soft/U0.8.yaml) ===
Error from server (AlreadyExists): error when creating "STDIN": rtclaimparameters.rt.resource.example.com "model3-w2-soft-u80-params" already exists
Error from server (AlreadyExists): error when creating "STDIN": resourceclaimtemplates.resource.k8s.io "model3-w2-soft-u80-claim" already exists
Error from server (AlreadyExists): error when creating "STDIN": pods "model3-w2-soft-u80" already exists
[run] target not Ready (attempt 1/8)
Error from server (AlreadyExists): error when creating "STDIN": rtclaimparameters.rt.resource.example.com "model3-w2-soft-u80-params" already exists
Error from server (AlreadyExists): error when creating "STDIN": resourceclaimtemplates.resource.k8s.io "model3-w2-soft-u80-claim" already exists
Error from server (AlreadyExists): error when creating "STDIN": pods "model3-w2-soft-u80" already exists
[run] target not Ready (attempt 2/8)
Error from server (AlreadyExists): error when creating "STDIN": rtclaimparameters.rt.resource.example.com "model3-w2-soft-u80-params" already exists
Error from server (AlreadyExists): error when creating "STDIN": resourceclaimtemplates.resource.k8s.io "model3-w2-soft-u80-claim" already exists
Error from server (AlreadyExists): error when creating "STDIN": pods "model3-w2-soft-u80" already exists
[run] target not Ready (attempt 3/8)
Error from server (AlreadyExists): error when creating "STDIN": rtclaimparameters.rt.resource.example.com "model3-w2-soft-u80-params" already exists
Error from server (AlreadyExists): error when creating "STDIN": resourceclaimtemplates.resource.k8s.io "model3-w2-soft-u80-claim" already exists
Error from server (AlreadyExists): error when creating "STDIN": pods "model3-w2-soft-u80" already exists
[run] target not Ready (attempt 4/8)
Error from server (AlreadyExists): error when creating "STDIN": rtclaimparameters.rt.resource.example.com "model3-w2-soft-u80-params" already exists
Error from server (AlreadyExists): error when creating "STDIN": resourceclaimtemplates.resource.k8s.io "model3-w2-soft-u80-claim" already exists
Error from server (AlreadyExists): error when creating "STDIN": pods "model3-w2-soft-u80" already exists
[run] target not Ready (attempt 5/8)
Error from server (AlreadyExists): error when creating "STDIN": rtclaimparameters.rt.resource.example.com "model3-w2-soft-u80-params" already exists
Error from server (AlreadyExists): error when creating "STDIN": resourceclaimtemplates.resource.k8s.io "model3-w2-soft-u80-claim" already exists
Error from server (AlreadyExists): error when creating "STDIN": pods "model3-w2-soft-u80" already exists
[run] target not Ready (attempt 6/8)
Error from server (AlreadyExists): error when creating "STDIN": rtclaimparameters.rt.resource.example.com "model3-w2-soft-u80-params" already exists
Error from server (AlreadyExists): error when creating "STDIN": resourceclaimtemplates.resource.k8s.io "model3-w2-soft-u80-claim" already exists
Error from server (AlreadyExists): error when creating "STDIN": pods "model3-w2-soft-u80" already exists
[run] target not Ready (attempt 7/8)
Error from server (AlreadyExists): error when creating "STDIN": rtclaimparameters.rt.resource.example.com "model3-w2-soft-u80-params" already exists
Error from server (AlreadyExists): error when creating "STDIN": resourceclaimtemplates.resource.k8s.io "model3-w2-soft-u80-claim" already exists
Error from server (AlreadyExists): error when creating "STDIN": pods "model3-w2-soft-u80" already exists
[run] target not Ready (attempt 8/8)
[run] could not place target on any of {3} after 8 attempts; giving up on this cell
[run] FAILED soft/U0.8 after 4 attempt(s): could not place target on any of {3} after 8 attempts
[run] === soft/U0.9 (models/model3-w2/generated_primes/soft/U0.9.yaml) ===
Error from server (AlreadyExists): error when creating "STDIN": rtclaimparameters.rt.resource.example.com "model3-w2-soft-u90-params" already exists
Error from server (AlreadyExists): error when creating "STDIN": resourceclaimtemplates.resource.k8s.io "model3-w2-soft-u90-claim" already exists
Error from server (AlreadyExists): error when creating "STDIN": pods "model3-w2-soft-u90" already exists
[run] target not Ready (attempt 1/8)
Error from server (AlreadyExists): error when creating "STDIN": rtclaimparameters.rt.resource.example.com "model3-w2-soft-u90-params" already exists
Error from server (AlreadyExists): error when creating "STDIN": resourceclaimtemplates.resource.k8s.io "model3-w2-soft-u90-claim" already exists
Error from server (AlreadyExists): error when creating "STDIN": pods "model3-w2-soft-u90" already exists
[run] target not Ready (attempt 2/8)
Error from server (AlreadyExists): error when creating "STDIN": rtclaimparameters.rt.resource.example.com "model3-w2-soft-u90-params" already exists
Error from server (AlreadyExists): error when creating "STDIN": resourceclaimtemplates.resource.k8s.io "model3-w2-soft-u90-claim" already exists
Error from server (AlreadyExists): error when creating "STDIN": pods "model3-w2-soft-u90" already exists
[run] target not Ready (attempt 3/8)
Error from server (AlreadyExists): error when creating "STDIN": rtclaimparameters.rt.resource.example.com "model3-w2-soft-u90-params" already exists
Error from server (AlreadyExists): error when creating "STDIN": resourceclaimtemplates.resource.k8s.io "model3-w2-soft-u90-claim" already exists
Error from server (AlreadyExists): error when creating "STDIN": pods "model3-w2-soft-u90" already exists
[run] target not Ready (attempt 4/8)
Error from server (AlreadyExists): error when creating "STDIN": rtclaimparameters.rt.resource.example.com "model3-w2-soft-u90-params" already exists
Error from server (AlreadyExists): error when creating "STDIN": resourceclaimtemplates.resource.k8s.io "model3-w2-soft-u90-claim" already exists
Error from server (AlreadyExists): error when creating "STDIN": pods "model3-w2-soft-u90" already exists
[run] target not Ready (attempt 5/8)
Error from server (AlreadyExists): error when creating "STDIN": rtclaimparameters.rt.resource.example.com "model3-w2-soft-u90-params" already exists
Error from server (AlreadyExists): error when creating "STDIN": resourceclaimtemplates.resource.k8s.io "model3-w2-soft-u90-claim" already exists
Error from server (AlreadyExists): error when creating "STDIN": pods "model3-w2-soft-u90" already exists
[run] target not Ready (attempt 6/8)
Error from server (AlreadyExists): error when creating "STDIN": rtclaimparameters.rt.resource.example.com "model3-w2-soft-u90-params" already exists
Error from server (AlreadyExists): error when creating "STDIN": resourceclaimtemplates.resource.k8s.io "model3-w2-soft-u90-claim" already exists
Error from server (AlreadyExists): error when creating "STDIN": pods "model3-w2-soft-u90" already exists
[run] target not Ready (attempt 7/8)
Error from server (AlreadyExists): error when creating "STDIN": rtclaimparameters.rt.resource.example.com "model3-w2-soft-u90-params" already exists
Error from server (AlreadyExists): error when creating "STDIN": resourceclaimtemplates.resource.k8s.io "model3-w2-soft-u90-claim" already exists
Error from server (AlreadyExists): error when creating "STDIN": pods "model3-w2-soft-u90" already exists
[run] target not Ready (attempt 8/8)
[run] could not place target on any of {3} after 8 attempts; giving up on this cell
[run] FAILED soft/U0.9 after 4 attempt(s): could not place target on any of {3} after 8 attempts
[run] === soft/U0.94 (models/model3-w2/generated_primes/soft/U0.94.yaml) ===
Error from server (AlreadyExists): error when creating "STDIN": rtclaimparameters.rt.resource.example.com "model3-w2-soft-u94-params" already exists
Error from server (AlreadyExists): error when creating "STDIN": resourceclaimtemplates.resource.k8s.io "model3-w2-soft-u94-claim" already exists
Error from server (AlreadyExists): error when creating "STDIN": pods "model3-w2-soft-u94" already exists
[run] target not Ready (attempt 1/8)
Error from server (AlreadyExists): error when creating "STDIN": rtclaimparameters.rt.resource.example.com "model3-w2-soft-u94-params" already exists
Error from server (AlreadyExists): error when creating "STDIN": resourceclaimtemplates.resource.k8s.io "model3-w2-soft-u94-claim" already exists
Error from server (AlreadyExists): error when creating "STDIN": pods "model3-w2-soft-u94" already exists
[run] target not Ready (attempt 2/8)
Error from server (AlreadyExists): error when creating "STDIN": rtclaimparameters.rt.resource.example.com "model3-w2-soft-u94-params" already exists
Error from server (AlreadyExists): error when creating "STDIN": resourceclaimtemplates.resource.k8s.io "model3-w2-soft-u94-claim" already exists
Error from server (AlreadyExists): error when creating "STDIN": pods "model3-w2-soft-u94" already exists
[run] target not Ready (attempt 3/8)
Error from server (AlreadyExists): error when creating "STDIN": rtclaimparameters.rt.resource.example.com "model3-w2-soft-u94-params" already exists
Error from server (AlreadyExists): error when creating "STDIN": resourceclaimtemplates.resource.k8s.io "model3-w2-soft-u94-claim" already exists
Error from server (AlreadyExists): error when creating "STDIN": pods "model3-w2-soft-u94" already exists
[run] target not Ready (attempt 4/8)
Error from server (AlreadyExists): error when creating "STDIN": rtclaimparameters.rt.resource.example.com "model3-w2-soft-u94-params" already exists
Error from server (AlreadyExists): error when creating "STDIN": resourceclaimtemplates.resource.k8s.io "model3-w2-soft-u94-claim" already exists
Error from server (AlreadyExists): error when creating "STDIN": pods "model3-w2-soft-u94" already exists
[run] target not Ready (attempt 5/8)
Error from server (AlreadyExists): error when creating "STDIN": rtclaimparameters.rt.resource.example.com "model3-w2-soft-u94-params" already exists
Error from server (AlreadyExists): error when creating "STDIN": resourceclaimtemplates.resource.k8s.io "model3-w2-soft-u94-claim" already exists
Error from server (AlreadyExists): error when creating "STDIN": pods "model3-w2-soft-u94" already exists
[run] target not Ready (attempt 6/8)
Error from server (AlreadyExists): error when creating "STDIN": rtclaimparameters.rt.resource.example.com "model3-w2-soft-u94-params" already exists
Error from server (AlreadyExists): error when creating "STDIN": resourceclaimtemplates.resource.k8s.io "model3-w2-soft-u94-claim" already exists
Error from server (AlreadyExists): error when creating "STDIN": pods "model3-w2-soft-u94" already exists
[run] target not Ready (attempt 7/8)
Error from server (AlreadyExists): error when creating "STDIN": rtclaimparameters.rt.resource.example.com "model3-w2-soft-u94-params" already exists
Error from server (AlreadyExists): error when creating "STDIN": resourceclaimtemplates.resource.k8s.io "model3-w2-soft-u94-claim" already exists
Error from server (AlreadyExists): error when creating "STDIN": pods "model3-w2-soft-u94" already exists
[run] target not Ready (attempt 8/8)
[run] could not place target on any of {3} after 8 attempts; giving up on this cell
[run] FAILED soft/U0.94 after 4 attempt(s): could not place target on any of {3} after 8 attempts
[run] kubepods-besteffort.slice period mismatch (have 100000, need 10000) -- resetting
[run] kubepods-besteffort.slice period now 10000, runtime cleared
[run] tight: reserved competitor landed on cpu2 (avoiding KEEP_CPU=0), confirmed actually executing, running for the whole scale
[run] tight: target will be forced onto {3} for every cell (PAIR_TYPE=sibling vs competitor cpu2)
[run] === tight/U0.1 (models/model3-w2/generated_primes/tight/U0.1.yaml) ===
[run] target not Ready (attempt 1/8)
Error from server (AlreadyExists): error when creating "STDIN": rtclaimparameters.rt.resource.example.com "model3-w2-tight-u10-params" already exists
Error from server (AlreadyExists): error when creating "STDIN": resourceclaimtemplates.resource.k8s.io "model3-w2-tight-u10-claim" already exists
Error from server (AlreadyExists): error when creating "STDIN": pods "model3-w2-tight-u10" already exists
[run] target not Ready (attempt 2/8)
Error from server (AlreadyExists): error when creating "STDIN": rtclaimparameters.rt.resource.example.com "model3-w2-tight-u10-params" already exists
Error from server (AlreadyExists): error when creating "STDIN": resourceclaimtemplates.resource.k8s.io "model3-w2-tight-u10-claim" already exists
Error from server (AlreadyExists): error when creating "STDIN": pods "model3-w2-tight-u10" already exists
[run] target not Ready (attempt 3/8)
Error from server (AlreadyExists): error when creating "STDIN": rtclaimparameters.rt.resource.example.com "model3-w2-tight-u10-params" already exists
Error from server (AlreadyExists): error when creating "STDIN": resourceclaimtemplates.resource.k8s.io "model3-w2-tight-u10-claim" already exists
Error from server (AlreadyExists): error when creating "STDIN": pods "model3-w2-tight-u10" already exists
[run] target not Ready (attempt 4/8)
Error from server (AlreadyExists): error when creating "STDIN": rtclaimparameters.rt.resource.example.com "model3-w2-tight-u10-params" already exists
Error from server (AlreadyExists): error when creating "STDIN": resourceclaimtemplates.resource.k8s.io "model3-w2-tight-u10-claim" already exists
Error from server (AlreadyExists): error when creating "STDIN": pods "model3-w2-tight-u10" already exists
[run] target not Ready (attempt 5/8)
Error from server (AlreadyExists): error when creating "STDIN": rtclaimparameters.rt.resource.example.com "model3-w2-tight-u10-params" already exists
Error from server (AlreadyExists): error when creating "STDIN": resourceclaimtemplates.resource.k8s.io "model3-w2-tight-u10-claim" already exists
Error from server (AlreadyExists): error when creating "STDIN": pods "model3-w2-tight-u10" already exists
[run] target not Ready (attempt 6/8)
Error from server (AlreadyExists): error when creating "STDIN": rtclaimparameters.rt.resource.example.com "model3-w2-tight-u10-params" already exists
Error from server (AlreadyExists): error when creating "STDIN": resourceclaimtemplates.resource.k8s.io "model3-w2-tight-u10-claim" already exists
Error from server (AlreadyExists): error when creating "STDIN": pods "model3-w2-tight-u10" already exists
[run] target not Ready (attempt 7/8)
Error from server (AlreadyExists): error when creating "STDIN": rtclaimparameters.rt.resource.example.com "model3-w2-tight-u10-params" already exists
Error from server (AlreadyExists): error when creating "STDIN": resourceclaimtemplates.resource.k8s.io "model3-w2-tight-u10-claim" already exists
Error from server (AlreadyExists): error when creating "STDIN": pods "model3-w2-tight-u10" already exists
[run] target not Ready (attempt 8/8)
[run] could not place target on any of {3} after 8 attempts; giving up on this cell
[run] FAILED tight/U0.1 after 4 attempt(s): could not place target on any of {3} after 8 attempts
[run] === tight/U0.2 (models/model3-w2/generated_primes/tight/U0.2.yaml) ===
[run] target not Ready (attempt 1/8)
Error from server (AlreadyExists): error when creating "STDIN": rtclaimparameters.rt.resource.example.com "model3-w2-tight-u20-params" already exists
Error from server (AlreadyExists): error when creating "STDIN": resourceclaimtemplates.resource.k8s.io "model3-w2-tight-u20-claim" already exists
Error from server (AlreadyExists): error when creating "STDIN": pods "model3-w2-tight-u20" already exists
