nohup: ignoring input
[run] model=model3-w2 ns=rq1-model3-w2 agent=rq1-agent-2q7p4 cells=20 has_neighbours=0 has_competitor=1
[run] model3 arm: PAIR_TYPE=sibling COMPETITOR_TYPE=reserved
nohup: ignoring input
[run] model=model3-w2 ns=rq1-model3-w2 agent=rq1-agent-jvg2k cells=20 has_neighbours=0 has_competitor=1
[run] model3 arm: PAIR_TYPE=sibling COMPETITOR_TYPE=reserved
[run] reserved competitor on cpu1 has no usable pair avoiding KEEP_CPU=0 (soft, attempt 1/5); re-placing
[run] soft: reserved competitor landed on cpu3 (avoiding KEEP_CPU=0), running for the whole scale
[run] soft: target will be forced onto {2} for every cell (PAIR_TYPE=sibling vs competitor cpu3)
[run] === soft/U0.1 (models/model3-w2/generated/soft/U0.1.yaml) ===
[run] target on cpu0, wanted one of {2} (1/8); re-placing
[run] target on cpu0, wanted one of {2} (2/8); re-placing
[run] target on cpu0, wanted one of {2} (3/8); re-placing
[run] competitor fixed on cpu3, target forced to cpu2 -- confirmed, competitor already running for this whole scale
[run] running...
[run] collected 5000/5000 rows -> results/model3-w2_sib_res_round4/soft/U0.1
[run] === soft/U0.2 (models/model3-w2/generated/soft/U0.2.yaml) ===
[run] target on cpu0, wanted one of {2} (1/8); re-placing
[run] competitor fixed on cpu3, target forced to cpu2 -- confirmed, competitor already running for this whole scale
[run] running...
[run] collected 5000/5000 rows -> results/model3-w2_sib_res_round4/soft/U0.2
[run] === soft/U0.3 (models/model3-w2/generated/soft/U0.3.yaml) ===
[run] target on cpu1, wanted one of {2} (1/8); re-placing
[run] target on cpu0, wanted one of {2} (2/8); re-placing
[run] target on cpu0, wanted one of {2} (3/8); re-placing
[run] competitor fixed on cpu3, target forced to cpu2 -- confirmed, competitor already running for this whole scale
[run] running...
[run] collected 5000/5000 rows -> results/model3-w2_sib_res_round4/soft/U0.3
[run] === soft/U0.4 (models/model3-w2/generated/soft/U0.4.yaml) ===
[run] target on cpu0, wanted one of {2} (1/8); re-placing
[run] target on cpu1, wanted one of {2} (2/8); re-placing
[run] target on cpu0, wanted one of {2} (3/8); re-placing
[run] target on cpu0, wanted one of {2} (4/8); re-placing
[run] target on cpu0, wanted one of {2} (5/8); re-placing
[run] target on cpu0, wanted one of {2} (6/8); re-placing
[run] competitor fixed on cpu3, target forced to cpu2 -- confirmed, competitor already running for this whole scale
[run] running...
[run] collected 5000/5000 rows -> results/model3-w2_sib_res_round4/soft/U0.4
[run] === soft/U0.5 (models/model3-w2/generated/soft/U0.5.yaml) ===
[run] target on cpu0, wanted one of {2} (1/8); re-placing
[run] target on cpu0, wanted one of {2} (2/8); re-placing
[run] target on cpu0, wanted one of {2} (3/8); re-placing
[run] target on cpu1, wanted one of {2} (4/8); re-placing
[run] target on cpu1, wanted one of {2} (5/8); re-placing
[run] target on cpu0, wanted one of {2} (6/8); re-placing
[run] target on cpu0, wanted one of {2} (7/8); re-placing
[run] competitor fixed on cpu3, target forced to cpu2 -- confirmed, competitor already running for this whole scale
[run] running...
[run] collected 5000/5000 rows -> results/model3-w2_sib_res_round4/soft/U0.5
[run] === soft/U0.6 (models/model3-w2/generated/soft/U0.6.yaml) ===
[run] competitor fixed on cpu3, target forced to cpu2 -- confirmed, competitor already running for this whole scale
[run] running...
[run] collected 5000/5000 rows -> results/model3-w2_sib_res_round4/soft/U0.6
[run] === soft/U0.7 (models/model3-w2/generated/soft/U0.7.yaml) ===
[run] target on cpu1, wanted one of {2} (1/8); re-placing
[run] target on cpu0, wanted one of {2} (2/8); re-placing
[run] target on cpu0, wanted one of {2} (3/8); re-placing
[run] target on cpu0, wanted one of {2} (4/8); re-placing
[run] target on cpu0, wanted one of {2} (5/8); re-placing
[run] target on cpu0, wanted one of {2} (6/8); re-placing
[run] target on cpu0, wanted one of {2} (7/8); re-placing
[run] competitor fixed on cpu3, target forced to cpu2 -- confirmed, competitor already running for this whole scale
[run] running...
[run] collected 5000/5000 rows -> results/model3-w2_sib_res_round4/soft/U0.7
[run] === soft/U0.8 (models/model3-w2/generated/soft/U0.8.yaml) ===
[run] target on cpu0, wanted one of {2} (1/8); re-placing
[run] competitor fixed on cpu3, target forced to cpu2 -- confirmed, competitor already running for this whole scale
[run] running...
[run] collected 5000/5000 rows -> results/model3-w2_sib_res_round4/soft/U0.8
[run] === soft/U0.9 (models/model3-w2/generated/soft/U0.9.yaml) ===
[run] competitor fixed on cpu3, target forced to cpu2 -- confirmed, competitor already running for this whole scale
[run] running...
[run] collected 5000/5000 rows -> results/model3-w2_sib_res_round4/soft/U0.9
[run] === soft/U0.94 (models/model3-w2/generated/soft/U0.94.yaml) ===
[run] target on cpu0, wanted one of {2} (1/8); re-placing
[run] target on cpu0, wanted one of {2} (2/8); re-placing
[run] target on cpu1, wanted one of {2} (3/8); re-placing
[run] competitor fixed on cpu3, target forced to cpu2 -- confirmed, competitor already running for this whole scale
[run] running...
