nohup: ignoring input
[run] model=model3-w2 ns=rq1-model3-w2 agent=rq1-agent-9kqgs cells=20 has_neighbours=0 has_competitor=1
[run] model3 arm: PAIR_TYPE=sibling COMPETITOR_TYPE=reserved
[run] reserved competitor landed on KEEP_CPU=0 (soft, attempt 1/5); re-placing
[run] soft: reserved competitor landed on cpu3 (avoiding KEEP_CPU=0), confirmed actually executing, running for the whole scale
[run] soft: target will be forced onto {2} for every cell (PAIR_TYPE=sibling vs competitor cpu3)
[run] === soft/U0.1 (models/model3-w2/generated/soft/U0.1.yaml) ===
[run] target on cpu0, wanted one of {2} (1/8); re-placing
[run] target on cpu0, wanted one of {2} (2/8); re-placing
[run] target on cpu0, wanted one of {2} (3/8); re-placing
[run] target on cpu0, wanted one of {2} (4/8); re-placing
[run] target on cpu0, wanted one of {2} (5/8); re-placing
[run] target on cpu0, wanted one of {2} (6/8); re-placing
[run] target on cpu0, wanted one of {2} (7/8); re-placing
[run] target on cpu0, wanted one of {2} (8/8); re-placing
[run] could not place target on any of {2} after 8 attempts; giving up on this cell
[run] FAILED soft/U0.1 after 4 attempt(s): could not place target on any of {2} after 8 attempts
[run] === soft/U0.2 (models/model3-w2/generated/soft/U0.2.yaml) ===
[run] competitor fixed on cpu3, target forced to cpu2 -- confirmed, competitor already running for this whole scale
[run] competitor re-confirmed actually executing for this cell
[run] running...
[run] collected 5000/5000 rows -> results/model3-w2_sib_res_ptrchase_round1/soft/U0.2
[run] === soft/U0.3 (models/model3-w2/generated/soft/U0.3.yaml) ===
[run] target on cpu0, wanted one of {2} (1/8); re-placing
[run] target on cpu0, wanted one of {2} (2/8); re-placing
[run] target on cpu0, wanted one of {2} (3/8); re-placing
[run] target on cpu0, wanted one of {2} (4/8); re-placing
[run] target on cpu0, wanted one of {2} (5/8); re-placing
[run] competitor fixed on cpu3, target forced to cpu2 -- confirmed, competitor already running for this whole scale
[run] competitor re-confirmed actually executing for this cell
[run] running...
[run] collected 5000/5000 rows -> results/model3-w2_sib_res_ptrchase_round1/soft/U0.3
[run] === soft/U0.4 (models/model3-w2/generated/soft/U0.4.yaml) ===
[run] target on cpu0, wanted one of {2} (1/8); re-placing
[run] target on cpu0, wanted one of {2} (2/8); re-placing
[run] target on cpu0, wanted one of {2} (3/8); re-placing
[run] competitor fixed on cpu3, target forced to cpu2 -- confirmed, competitor already running for this whole scale
[run] competitor re-confirmed actually executing for this cell
[run] running...
[run] collected 5000/5000 rows -> results/model3-w2_sib_res_ptrchase_round1/soft/U0.4
[run] === soft/U0.5 (models/model3-w2/generated/soft/U0.5.yaml) ===
[run] target on cpu1, wanted one of {2} (1/8); re-placing
[run] target on cpu0, wanted one of {2} (2/8); re-placing
[run] target on cpu1, wanted one of {2} (3/8); re-placing
[run] target on cpu0, wanted one of {2} (4/8); re-placing
[run] target on cpu0, wanted one of {2} (5/8); re-placing
[run] target on cpu0, wanted one of {2} (6/8); re-placing
[run] target on cpu0, wanted one of {2} (7/8); re-placing
[run] target on cpu0, wanted one of {2} (8/8); re-placing
[run] could not place target on any of {2} after 8 attempts; giving up on this cell
[run] FAILED soft/U0.5 after 4 attempt(s): could not place target on any of {2} after 8 attempts
[run] === soft/U0.6 (models/model3-w2/generated/soft/U0.6.yaml) ===
[run] target on cpu0, wanted one of {2} (1/8); re-placing
[run] competitor fixed on cpu3, target forced to cpu2 -- confirmed, competitor already running for this whole scale
[run] competitor re-confirmed actually executing for this cell
[run] running...
[run] collected 5000/5000 rows -> results/model3-w2_sib_res_ptrchase_round1/soft/U0.6
[run] === soft/U0.7 (models/model3-w2/generated/soft/U0.7.yaml) ===
[run] target on cpu0, wanted one of {2} (1/8); re-placing
[run] target on cpu0, wanted one of {2} (2/8); re-placing
[run] target on cpu0, wanted one of {2} (3/8); re-placing
[run] target on cpu0, wanted one of {2} (4/8); re-placing
[run] competitor fixed on cpu3, target forced to cpu2 -- confirmed, competitor already running for this whole scale
[run] competitor re-confirmed actually executing for this cell
[run] running...
[run] collected 5000/5000 rows -> results/model3-w2_sib_res_ptrchase_round1/soft/U0.7
[run] === soft/U0.8 (models/model3-w2/generated/soft/U0.8.yaml) ===
[run] target on cpu0, wanted one of {2} (1/8); re-placing
[run] target on cpu0, wanted one of {2} (2/8); re-placing
[run] target on cpu1, wanted one of {2} (3/8); re-placing
[run] competitor fixed on cpu3, target forced to cpu2 -- confirmed, competitor already running for this whole scale
[run] competitor re-confirmed actually executing for this cell
[run] running...
[run] collected 5000/5000 rows -> results/model3-w2_sib_res_ptrchase_round1/soft/U0.8
[run] === soft/U0.9 (models/model3-w2/generated/soft/U0.9.yaml) ===
[run] target on cpu0, wanted one of {2} (1/8); re-placing
[run] competitor fixed on cpu3, target forced to cpu2 -- confirmed, competitor already running for this whole scale
[run] competitor re-confirmed actually executing for this cell
[run] running...
[run] collected 5000/5000 rows -> results/model3-w2_sib_res_ptrchase_round1/soft/U0.9
[run] === soft/U0.94 (models/model3-w2/generated/soft/U0.94.yaml) ===
[run] ERROR soft/U0.94: calibration cv=0.0538 > 0.05 (mis-calibrated K?) -- run: python calibrate.py model3-w2 --force -- skipping

[run] --- 2 cell(s) failed in soft; retrying once more (competitor still running) ---
[run] === soft/U0.1 (models/model3-w2/generated/soft/U0.1.yaml) ===
[run] target on cpu0, wanted one of {2} (1/8); re-placing
[run] target on cpu1, wanted one of {2} (2/8); re-placing
[run] competitor fixed on cpu3, target forced to cpu2 -- confirmed, competitor already running for this whole scale
[run] competitor re-confirmed actually executing for this cell
[run] running...
[run] collected 5000/5000 rows -> results/model3-w2_sib_res_ptrchase_round1/soft/U0.1
[run] === soft/U0.5 (models/model3-w2/generated/soft/U0.5.yaml) ===
[run] target on cpu0, wanted one of {2} (1/8); re-placing
[run] target on cpu1, wanted one of {2} (2/8); re-placing
[run] target on cpu1, wanted one of {2} (3/8); re-placing
[run] competitor fixed on cpu3, target forced to cpu2 -- confirmed, competitor already running for this whole scale
[run] competitor re-confirmed actually executing for this cell
[run] running...
[run] collected 5000/5000 rows -> results/model3-w2_sib_res_ptrchase_round1/soft/U0.5
[run] reserved competitor landed on KEEP_CPU=0 (tight, attempt 1/5); re-placing
[run] reserved competitor on cpu1 has no usable pair avoiding KEEP_CPU=0 (tight, attempt 2/5); re-placing
[run] reserved competitor landed on KEEP_CPU=0 (tight, attempt 3/5); re-placing
[run] reserved competitor on cpu1 has no usable pair avoiding KEEP_CPU=0 (tight, attempt 4/5); re-placing
[run] reserved competitor landed on KEEP_CPU=0 (tight, attempt 5/5); re-placing
[run] ERROR reserved competitor never landed on a usable, actually-running cpu (avoiding KEEP_CPU=0) for tight after 5 attempts
[run] skipping all of tight (competitor setup failed)

[run] done. 11/20 cell(s) did not produce valid data -- do not trust these:
  - soft/U0.94: high-cv calibration (0.0538 > 0.05) [not retried -- calibration issue, fix and rerun]
  - tight/U0.1: competitor setup failed for tight [failed even after end-of-sweep retry]
  - tight/U0.2: competitor setup failed for tight [failed even after end-of-sweep retry]
  - tight/U0.3: competitor setup failed for tight [failed even after end-of-sweep retry]
  - tight/U0.4: competitor setup failed for tight [failed even after end-of-sweep retry]
  - tight/U0.5: competitor setup failed for tight [failed even after end-of-sweep retry]
  - tight/U0.6: competitor setup failed for tight [failed even after end-of-sweep retry]
  - tight/U0.7: competitor setup failed for tight [failed even after end-of-sweep retry]
  - tight/U0.8: competitor setup failed for tight [failed even after end-of-sweep retry]
  - tight/U0.9: competitor setup failed for tight [failed even after end-of-sweep retry]
  - tight/U0.94: competitor setup failed for tight [failed even after end-of-sweep retry]
[run] analyze with: python result.py model3-w2_sib_res_ptrchase_round1
