nohup: ignoring input
[run] model=model3 ns=rq1-model3 agent=rq1-agent-nf6xm cells=20 has_neighbours=0 has_competitor=1
[run] model3 arm: PAIR_TYPE=sibling COMPETITOR_TYPE=unreserved
[run] soft: unreserved competitor fixed on cpu2 (avoiding KEEP_CPU=0), confirmed actually executing, running for the whole scale
[run] soft: target will be forced onto {3} for every cell (PAIR_TYPE=sibling vs competitor cpu2)
[run] === soft/U0.1 (models/model3/generated_ptrchase/soft/U0.1.yaml) ===
[run] target on cpu0, wanted one of {3} (1/8); re-placing
[run] target on cpu0, wanted one of {3} (2/8); re-placing
[run] target on cpu2, wanted one of {3} (3/8); re-placing
[run] competitor fixed on cpu2, target forced to cpu3 -- confirmed, competitor already running for this whole scale
[run] competitor re-confirmed actually executing for this cell
[run] running...
[run] co-runner (interferer) own jobs.csv row count at cell end: 7871
[run] collected 5000/5000 rows -> results/model3_sib_cfs_ptrchase_round1/soft/U0.1
[run] === soft/U0.2 (models/model3/generated_ptrchase/soft/U0.2.yaml) ===
[run] target on cpu2, wanted one of {3} (1/8); re-placing
[run] target on cpu0, wanted one of {3} (2/8); re-placing
[run] target on cpu0, wanted one of {3} (3/8); re-placing
[run] target on cpu0, wanted one of {3} (4/8); re-placing
[run] competitor fixed on cpu2, target forced to cpu3 -- confirmed, competitor already running for this whole scale
[run] competitor re-confirmed actually executing for this cell
[run] running...
[run] co-runner (interferer) own jobs.csv row count at cell end: 16259
[run] collected 5000/5000 rows -> results/model3_sib_cfs_ptrchase_round1/soft/U0.2
[run] === soft/U0.3 (models/model3/generated_ptrchase/soft/U0.3.yaml) ===
[run] target on cpu0, wanted one of {3} (1/8); re-placing
[run] target on cpu1, wanted one of {3} (2/8); re-placing
[run] target on cpu1, wanted one of {3} (3/8); re-placing
[run] competitor fixed on cpu2, target forced to cpu3 -- confirmed, competitor already running for this whole scale
[run] competitor re-confirmed actually executing for this cell
[run] running...
[run] co-runner (interferer) own jobs.csv row count at cell end: 24082
[run] collected 5000/5000 rows -> results/model3_sib_cfs_ptrchase_round1/soft/U0.3
[run] === soft/U0.4 (models/model3/generated_ptrchase/soft/U0.4.yaml) ===
[run] target on cpu0, wanted one of {3} (1/8); re-placing
[run] target on cpu2, wanted one of {3} (2/8); re-placing
[run] target on cpu2, wanted one of {3} (3/8); re-placing
[run] target on cpu1, wanted one of {3} (4/8); re-placing
[run] target on cpu0, wanted one of {3} (5/8); re-placing
[run] target on cpu1, wanted one of {3} (6/8); re-placing
[run] target on cpu0, wanted one of {3} (7/8); re-placing
[run] target on cpu2, wanted one of {3} (8/8); re-placing
[run] could not place target on any of {3} after 8 attempts; giving up on this cell
[run] FAILED soft/U0.4 after 4 attempt(s): could not place target on any of {3} after 8 attempts
[run] === soft/U0.5 (models/model3/generated_ptrchase/soft/U0.5.yaml) ===
[run] target on cpu0, wanted one of {3} (1/8); re-placing
[run] target on cpu0, wanted one of {3} (2/8); re-placing
[run] target on cpu1, wanted one of {3} (3/8); re-placing
[run] target on cpu1, wanted one of {3} (4/8); re-placing
[run] target on cpu2, wanted one of {3} (5/8); re-placing
[run] target on cpu0, wanted one of {3} (6/8); re-placing
[run] target on cpu0, wanted one of {3} (7/8); re-placing
[run] target on cpu0, wanted one of {3} (8/8); re-placing
[run] could not place target on any of {3} after 8 attempts; giving up on this cell
[run] FAILED soft/U0.5 after 4 attempt(s): could not place target on any of {3} after 8 attempts
[run] === soft/U0.6 (models/model3/generated_ptrchase/soft/U0.6.yaml) ===
[run] target on cpu0, wanted one of {3} (1/8); re-placing
[run] competitor fixed on cpu2, target forced to cpu3 -- confirmed, competitor already running for this whole scale
[run] competitor re-confirmed actually executing for this cell
[run] running...
[run] co-runner (interferer) own jobs.csv row count at cell end: 41524
[run] collected 5000/5000 rows -> results/model3_sib_cfs_ptrchase_round1/soft/U0.6
[run] === soft/U0.7 (models/model3/generated_ptrchase/soft/U0.7.yaml) ===
[run] target on cpu1, wanted one of {3} (1/8); re-placing
[run] target on cpu0, wanted one of {3} (2/8); re-placing
[run] competitor fixed on cpu2, target forced to cpu3 -- confirmed, competitor already running for this whole scale
[run] competitor re-confirmed actually executing for this cell
[run] running...
[run] co-runner (interferer) own jobs.csv row count at cell end: 48700
[run] collected 5000/5000 rows -> results/model3_sib_cfs_ptrchase_round1/soft/U0.7
[run] === soft/U0.8 (models/model3/generated_ptrchase/soft/U0.8.yaml) ===
[run] target on cpu0, wanted one of {3} (1/8); re-placing
[run] target on cpu0, wanted one of {3} (2/8); re-placing
[run] competitor fixed on cpu2, target forced to cpu3 -- confirmed, competitor already running for this whole scale
[run] competitor re-confirmed actually executing for this cell
[run] running...
[run] co-runner (interferer) own jobs.csv row count at cell end: 55919
[run] collected 5000/5000 rows -> results/model3_sib_cfs_ptrchase_round1/soft/U0.8
[run] === soft/U0.9 (models/model3/generated_ptrchase/soft/U0.9.yaml) ===
[run] target on cpu0, wanted one of {3} (1/8); re-placing
[run] target on cpu0, wanted one of {3} (2/8); re-placing
[run] target on cpu1, wanted one of {3} (3/8); re-placing
[run] competitor fixed on cpu2, target forced to cpu3 -- confirmed, competitor already running for this whole scale
[run] competitor re-confirmed actually executing for this cell
[run] running...
[run] co-runner (interferer) own jobs.csv row count at cell end: 63725
[run] collected 5000/5000 rows -> results/model3_sib_cfs_ptrchase_round1/soft/U0.9
[run] === soft/U0.94 (models/model3/generated_ptrchase/soft/U0.94.yaml) ===
[run] competitor fixed on cpu2, target forced to cpu3 -- confirmed, competitor already running for this whole scale
[run] competitor re-confirmed actually executing for this cell
[run] running...
[run] co-runner (interferer) own jobs.csv row count at cell end: 69907
[run] collected 5000/5000 rows -> results/model3_sib_cfs_ptrchase_round1/soft/U0.94

[run] --- 2 cell(s) failed in soft; retrying once more (competitor still running) ---
[run] === soft/U0.4 (models/model3/generated_ptrchase/soft/U0.4.yaml) ===
[run] target on cpu0, wanted one of {3} (1/8); re-placing
[run] target on cpu0, wanted one of {3} (2/8); re-placing
[run] target on cpu0, wanted one of {3} (3/8); re-placing
[run] target on cpu2, wanted one of {3} (4/8); re-placing
[run] target on cpu1, wanted one of {3} (5/8); re-placing
[run] target on cpu0, wanted one of {3} (6/8); re-placing
[run] target on cpu0, wanted one of {3} (7/8); re-placing
[run] competitor fixed on cpu2, target forced to cpu3 -- confirmed, competitor already running for this whole scale
[run] competitor re-confirmed actually executing for this cell
[run] running...
[run] co-runner (interferer) own jobs.csv row count at cell end: 80579
[run] collected 5000/5000 rows -> results/model3_sib_cfs_ptrchase_round1/soft/U0.4
[run] === soft/U0.5 (models/model3/generated_ptrchase/soft/U0.5.yaml) ===
[run] target on cpu0, wanted one of {3} (1/8); re-placing
[run] target on cpu1, wanted one of {3} (2/8); re-placing
[run] target on cpu0, wanted one of {3} (3/8); re-placing
[run] target on cpu0, wanted one of {3} (4/8); re-placing
[run] competitor fixed on cpu2, target forced to cpu3 -- confirmed, competitor already running for this whole scale
[run] competitor re-confirmed actually executing for this cell
[run] running...
[run] co-runner (interferer) own jobs.csv row count at cell end: 88971
[run] collected 5000/5000 rows -> results/model3_sib_cfs_ptrchase_round1/soft/U0.5
[run] tight: unreserved competitor fixed on cpu2 (avoiding KEEP_CPU=0), confirmed actually executing, running for the whole scale
[run] tight: target will be forced onto {3} for every cell (PAIR_TYPE=sibling vs competitor cpu2)
[run] === tight/U0.1 (models/model3/generated_ptrchase/tight/U0.1.yaml) ===
[run] target on cpu2, wanted one of {3} (1/8); re-placing
[run] competitor fixed on cpu2, target forced to cpu3 -- confirmed, competitor already running for this whole scale
[run] competitor re-confirmed actually executing for this cell
[run] running...
[run] co-runner (interferer) own jobs.csv row count at cell end: 21340
[run] collected 5000/5000 rows -> results/model3_sib_cfs_ptrchase_round1/tight/U0.1
[run] === tight/U0.2 (models/model3/generated_ptrchase/tight/U0.2.yaml) ===
[run] target on cpu2, wanted one of {3} (1/8); re-placing
[run] target on cpu0, wanted one of {3} (2/8); re-placing
[run] target on cpu0, wanted one of {3} (3/8); re-placing
[run] competitor fixed on cpu2, target forced to cpu3 -- confirmed, competitor already running for this whole scale
[run] competitor re-confirmed actually executing for this cell
[run] running...
[run] co-runner (interferer) own jobs.csv row count at cell end: 51402
[run] collected 5000/5000 rows -> results/model3_sib_cfs_ptrchase_round1/tight/U0.2
[run] === tight/U0.3 (models/model3/generated_ptrchase/tight/U0.3.yaml) ===
[run] target on cpu2, wanted one of {3} (1/8); re-placing
[run] target on cpu0, wanted one of {3} (2/8); re-placing
[run] target on cpu1, wanted one of {3} (3/8); re-placing
[run] target on cpu2, wanted one of {3} (4/8); re-placing
[run] target on cpu2, wanted one of {3} (5/8); re-placing
[run] target on cpu0, wanted one of {3} (6/8); re-placing
[run] target on cpu1, wanted one of {3} (7/8); re-placing
[run] target on cpu0, wanted one of {3} (8/8); re-placing
[run] could not place target on any of {3} after 8 attempts; giving up on this cell
[run] FAILED tight/U0.3 after 4 attempt(s): could not place target on any of {3} after 8 attempts
[run] === tight/U0.4 (models/model3/generated_ptrchase/tight/U0.4.yaml) ===
[run] target on cpu2, wanted one of {3} (1/8); re-placing
[run] target on cpu1, wanted one of {3} (2/8); re-placing
[run] target on cpu0, wanted one of {3} (3/8); re-placing
[run] target on cpu2, wanted one of {3} (4/8); re-placing
[run] target on cpu0, wanted one of {3} (5/8); re-placing
[run] target on cpu0, wanted one of {3} (6/8); re-placing
[run] target on cpu0, wanted one of {3} (7/8); re-placing
[run] target on cpu0, wanted one of {3} (8/8); re-placing
[run] could not place target on any of {3} after 8 attempts; giving up on this cell
[run] FAILED tight/U0.4 after 4 attempt(s): could not place target on any of {3} after 8 attempts
[run] === tight/U0.5 (models/model3/generated_ptrchase/tight/U0.5.yaml) ===
[run] target on cpu0, wanted one of {3} (1/8); re-placing
[run] target on cpu0, wanted one of {3} (2/8); re-placing
[run] target on cpu0, wanted one of {3} (3/8); re-placing
[run] competitor fixed on cpu2, target forced to cpu3 -- confirmed, competitor already running for this whole scale
[run] competitor re-confirmed actually executing for this cell
[run] running...
[run] co-runner (interferer) own jobs.csv row count at cell end: 189792
[run] collected 5000/5000 rows -> results/model3_sib_cfs_ptrchase_round1/tight/U0.5
[run] === tight/U0.6 (models/model3/generated_ptrchase/tight/U0.6.yaml) ===
[run] target on cpu0, wanted one of {3} (1/8); re-placing
[run] target on cpu0, wanted one of {3} (2/8); re-placing
[run] competitor fixed on cpu2, target forced to cpu3 -- confirmed, competitor already running for this whole scale
[run] competitor re-confirmed actually executing for this cell
[run] running...
[run] co-runner (interferer) own jobs.csv row count at cell end: 213742
[run] collected 5000/5000 rows -> results/model3_sib_cfs_ptrchase_round1/tight/U0.6
[run] === tight/U0.7 (models/model3/generated_ptrchase/tight/U0.7.yaml) ===
[run] target on cpu1, wanted one of {3} (1/8); re-placing
[run] competitor fixed on cpu2, target forced to cpu3 -- confirmed, competitor already running for this whole scale
[run] competitor re-confirmed actually executing for this cell
[run] running...
[run] co-runner (interferer) own jobs.csv row count at cell end: 231608
[run] collected 5000/5000 rows -> results/model3_sib_cfs_ptrchase_round1/tight/U0.7
[run] === tight/U0.8 (models/model3/generated_ptrchase/tight/U0.8.yaml) ===
[run] target on cpu1, wanted one of {3} (1/8); re-placing
[run] target on cpu0, wanted one of {3} (2/8); re-placing
[run] target on cpu1, wanted one of {3} (3/8); re-placing
[run] target on cpu0, wanted one of {3} (4/8); re-placing
[run] target on cpu0, wanted one of {3} (5/8); re-placing
[run] target on cpu1, wanted one of {3} (6/8); re-placing
[run] target on cpu1, wanted one of {3} (7/8); re-placing
[run] competitor fixed on cpu2, target forced to cpu3 -- confirmed, competitor already running for this whole scale
[run] competitor re-confirmed actually executing for this cell
[run] running...
[run] co-runner (interferer) own jobs.csv row count at cell end: 291932
[run] collected 5000/5000 rows -> results/model3_sib_cfs_ptrchase_round1/tight/U0.8
[run] === tight/U0.9 (models/model3/generated_ptrchase/tight/U0.9.yaml) ===
[run] competitor fixed on cpu2, target forced to cpu3 -- confirmed, competitor already running for this whole scale
[run] competitor re-confirmed actually executing for this cell
[run] running...
[run] co-runner (interferer) own jobs.csv row count at cell end: 305335
[run] collected 5000/5000 rows -> results/model3_sib_cfs_ptrchase_round1/tight/U0.9
[run] === tight/U0.94 (models/model3/generated_ptrchase/tight/U0.94.yaml) ===
[run] target not Ready (attempt 1/8)
[run] target not Ready (attempt 2/8)
[run] target not Ready (attempt 3/8)
[run] target not Ready (attempt 4/8)
[run] target not Ready (attempt 5/8)
[run] target not Ready (attempt 6/8)
[run] target not Ready (attempt 7/8)
[run] target not Ready (attempt 8/8)
[run] could not place target on any of {3} after 8 attempts; giving up on this cell
[run] FAILED tight/U0.94 after 4 attempt(s): could not place target on any of {3} after 8 attempts

[run] --- 3 cell(s) failed in tight; retrying once more (competitor still running) ---
[run] === tight/U0.3 (models/model3/generated_ptrchase/tight/U0.3.yaml) ===
[run] target on cpu2, wanted one of {3} (1/8); re-placing
[run] target on cpu0, wanted one of {3} (2/8); re-placing
[run] target on cpu0, wanted one of {3} (3/8); re-placing
[run] target on cpu1, wanted one of {3} (4/8); re-placing
[run] target on cpu0, wanted one of {3} (5/8); re-placing
[run] target on cpu2, wanted one of {3} (6/8); re-placing
[run] target on cpu0, wanted one of {3} (7/8); re-placing
[run] target on cpu2, wanted one of {3} (8/8); re-placing
[run] could not place target on any of {3} after 8 attempts; giving up on this cell
[run] FAILED tight/U0.3 after 4 attempt(s): could not place target on any of {3} after 8 attempts
[run] === tight/U0.4 (models/model3/generated_ptrchase/tight/U0.4.yaml) ===
[run] target on cpu1, wanted one of {3} (1/8); re-placing
[run] target on cpu2, wanted one of {3} (2/8); re-placing
[run] target on cpu2, wanted one of {3} (3/8); re-placing
[run] target on cpu0, wanted one of {3} (4/8); re-placing
[run] target on cpu0, wanted one of {3} (5/8); re-placing
[run] competitor fixed on cpu2, target forced to cpu3 -- confirmed, competitor already running for this whole scale
[run] competitor not consuming CPU for this cell (Ready/Running but quiet -- transient RT-bandwidth perturbation?); retrying cell
[run] --- retrying cell (attempt 2/4): competitor not consuming CPU for this cell (Ready/Running but quiet -- transient RT-bandwidth perturbation?) ---
[run] competitor fixed on cpu2, target forced to cpu3 -- confirmed, competitor already running for this whole scale
[run] competitor not consuming CPU for this cell (Ready/Running but quiet -- transient RT-bandwidth perturbation?); retrying cell
[run] --- retrying cell (attempt 3/4): competitor not consuming CPU for this cell (Ready/Running but quiet -- transient RT-bandwidth perturbation?) ---
[run] target on cpu0, wanted one of {3} (1/8); re-placing
[run] target on cpu0, wanted one of {3} (2/8); re-placing
[run] target on cpu0, wanted one of {3} (3/8); re-placing
[run] competitor fixed on cpu2, target forced to cpu3 -- confirmed, competitor already running for this whole scale
[run] competitor not consuming CPU for this cell (Ready/Running but quiet -- transient RT-bandwidth perturbation?); retrying cell
[run] --- retrying cell (attempt 4/4): competitor not consuming CPU for this cell (Ready/Running but quiet -- transient RT-bandwidth perturbation?) ---
[run] competitor fixed on cpu2, target forced to cpu3 -- confirmed, competitor already running for this whole scale
[run] competitor not consuming CPU for this cell (Ready/Running but quiet -- transient RT-bandwidth perturbation?); retrying cell
[run] FAILED tight/U0.4 after 4 attempt(s): competitor not consuming CPU for this cell (Ready/Running but quiet -- transient RT-bandwidth perturbation?)
[run] === tight/U0.94 (models/model3/generated_ptrchase/tight/U0.94.yaml) ===
[run] target on cpu0, wanted one of {3} (1/8); re-placing
[run] target on cpu1, wanted one of {3} (2/8); re-placing
[run] target on cpu0, wanted one of {3} (3/8); re-placing
[run] target on cpu0, wanted one of {3} (4/8); re-placing
[run] target on cpu0, wanted one of {3} (5/8); re-placing
[run] target on cpu0, wanted one of {3} (6/8); re-placing
[run] target on cpu1, wanted one of {3} (7/8); re-placing
[run] target on cpu0, wanted one of {3} (8/8); re-placing
[run] could not place target on any of {3} after 8 attempts; giving up on this cell
[run] FAILED tight/U0.94 after 4 attempt(s): could not place target on any of {3} after 8 attempts

[run] done. 3/20 cell(s) did not produce valid data -- do not trust these:
  - tight/U0.3: could not place target on any of {3} after 8 attempts [failed even after end-of-sweep retry]
  - tight/U0.4: competitor not consuming CPU for this cell (Ready/Running but quiet -- transient RT-bandwidth perturbation?) [failed even after end-of-sweep retry]
  - tight/U0.94: could not place target on any of {3} after 8 attempts [failed even after end-of-sweep retry]
[run] analyze with: python result.py model3_sib_cfs_ptrchase_round1
