nohup: ignoring input
[run] model=model3-w4 ns=rq1-model3-w4 agent=rq1-agent-txx6s cells=10 has_neighbours=0 has_competitor=1
[run] model3 arm: PAIR_TYPE=physical COMPETITOR_TYPE=reserved
[run] kubepods-besteffort.slice period mismatch (have 0, need 10000) -- resetting
[run] kubepods-besteffort.slice period now 10000, runtime cleared
[run] tight: reserved competitor landed on cpu2 (avoiding KEEP_CPU=0), confirmed actually executing, running for the whole scale
[run] tight: target will be forced onto {1} for every cell (PAIR_TYPE=physical vs competitor cpu2)
[run] === tight/U0.1 (models/model3-w4/generated_ptrchase/tight/U0.1.yaml) ===
[run] target on cpu3, wanted one of {1} (1/8); re-placing
[run] target on cpu3, wanted one of {1} (2/8); re-placing
[run] target on cpu3, wanted one of {1} (3/8); re-placing
[run] target on cpu3, wanted one of {1} (4/8); re-placing
[run] target on cpu3, wanted one of {1} (5/8); re-placing
[run] target on cpu3, wanted one of {1} (6/8); re-placing
[run] target on cpu3, wanted one of {1} (7/8); re-placing
[run] target on cpu3, wanted one of {1} (8/8); re-placing
[run] could not place target on any of {1} after 8 attempts; giving up on this cell
[run] FAILED tight/U0.1 after 4 attempt(s): could not place target on any of {1} after 8 attempts
[run] === tight/U0.2 (models/model3-w4/generated_ptrchase/tight/U0.2.yaml) ===
[run] target on cpu3, wanted one of {1} (1/8); re-placing
[run] target on cpu3, wanted one of {1} (2/8); re-placing
[run] target on cpu3, wanted one of {1} (3/8); re-placing
[run] target on cpu3, wanted one of {1} (4/8); re-placing
[run] target on cpu3, wanted one of {1} (5/8); re-placing
[run] target on cpu3, wanted one of {1} (6/8); re-placing
