nohup: ignoring input
[run] model=model3 ns=rq1-model3 agent=rq1-agent-wlb64 cells=20 has_neighbours=0 has_competitor=1
[run] model3 arm: PAIR_TYPE=sibling COMPETITOR_TYPE=unreserved
[run] soft: unreserved competitor fixed on cpu2 (avoiding KEEP_CPU=0), confirmed actually executing, running for the whole scale
[run] soft: target will be forced onto {3} for every cell (PAIR_TYPE=sibling vs competitor cpu2)
[run] === soft/U0.1 (models/model3/generated/soft/U0.1.yaml) ===
[run] target on cpu2, wanted one of {3} (1/8); re-placing
[run] competitor fixed on cpu2, target forced to cpu3 -- confirmed, competitor already running for this whole scale
[run] competitor re-confirmed actually executing for this cell
[run] running...
[run] co-runner (interferer) own jobs.csv row count at cell end: 5543
[run] collected 5000/5000 rows -> results/model3_round2/soft/U0.1
[run] === soft/U0.2 (models/model3/generated/soft/U0.2.yaml) ===
[run] competitor fixed on cpu2, target forced to cpu3 -- confirmed, competitor already running for this whole scale
[run] competitor re-confirmed actually executing for this cell
[run] running...
[run] co-runner (interferer) own jobs.csv row count at cell end: 10876
[run] collected 5000/5000 rows -> results/model3_round2/soft/U0.2
[run] === soft/U0.3 (models/model3/generated/soft/U0.3.yaml) ===
[run] target on cpu0, wanted one of {3} (1/8); re-placing
[run] target on cpu2, wanted one of {3} (2/8); re-placing
[run] target on cpu0, wanted one of {3} (3/8); re-placing
[run] target on cpu0, wanted one of {3} (4/8); re-placing
[run] target on cpu2, wanted one of {3} (5/8); re-placing
[run] target on cpu1, wanted one of {3} (6/8); re-placing
[run] target on cpu2, wanted one of {3} (7/8); re-placing
[run] target on cpu0, wanted one of {3} (8/8); re-placing
[run] could not place target on any of {3} after 8 attempts; giving up on this cell
[run] FAILED soft/U0.3 after 4 attempt(s): could not place target on any of {3} after 8 attempts
[run] === soft/U0.4 (models/model3/generated/soft/U0.4.yaml) ===
[run] target on cpu0, wanted one of {3} (1/8); re-placing
[run] target on cpu2, wanted one of {3} (2/8); re-placing
[run] competitor fixed on cpu2, target forced to cpu3 -- confirmed, competitor already running for this whole scale
[run] competitor re-confirmed actually executing for this cell
[run] running...
[run] co-runner (interferer) own jobs.csv row count at cell end: 19963
[run] collected 5000/5000 rows -> results/model3_round2/soft/U0.4
[run] === soft/U0.5 (models/model3/generated/soft/U0.5.yaml) ===
[run] target on cpu1, wanted one of {3} (1/8); re-placing
[run] target on cpu0, wanted one of {3} (2/8); re-placing
[run] competitor fixed on cpu2, target forced to cpu3 -- confirmed, competitor already running for this whole scale
[run] competitor re-confirmed actually executing for this cell
[run] running...
[run] co-runner (interferer) own jobs.csv row count at cell end: 26078
[run] collected 5000/5000 rows -> results/model3_round2/soft/U0.5
[run] === soft/U0.6 (models/model3/generated/soft/U0.6.yaml) ===
[run] target on cpu1, wanted one of {3} (1/8); re-placing
[run] competitor fixed on cpu2, target forced to cpu3 -- confirmed, competitor already running for this whole scale
[run] competitor re-confirmed actually executing for this cell
[run] running...
[run] co-runner (interferer) own jobs.csv row count at cell end: 31800
[run] collected 5000/5000 rows -> results/model3_round2/soft/U0.6
[run] === soft/U0.7 (models/model3/generated/soft/U0.7.yaml) ===
[run] competitor fixed on cpu2, target forced to cpu3 -- confirmed, competitor already running for this whole scale
[run] competitor re-confirmed actually executing for this cell
[run] running...
[run] co-runner (interferer) own jobs.csv row count at cell end: 42118
[run] collected 5000/5000 rows -> results/model3_round2/soft/U0.7
[run] === soft/U0.8 (models/model3/generated/soft/U0.8.yaml) ===
[run] target on cpu2, wanted one of {3} (1/8); re-placing
[run] target on cpu1, wanted one of {3} (2/8); re-placing
[run] target on cpu0, wanted one of {3} (3/8); re-placing
[run] competitor fixed on cpu2, target forced to cpu3 -- confirmed, competitor already running for this whole scale
[run] competitor re-confirmed actually executing for this cell
[run] running...
[run] co-runner (interferer) own jobs.csv row count at cell end: 48520
[run] collected 5000/5000 rows -> results/model3_round2/soft/U0.8
[run] === soft/U0.9 (models/model3/generated/soft/U0.9.yaml) ===
[run] target on cpu2, wanted one of {3} (1/8); re-placing
[run] competitor fixed on cpu2, target forced to cpu3 -- confirmed, competitor already running for this whole scale
[run] competitor re-confirmed actually executing for this cell
[run] running...
[run] co-runner (interferer) own jobs.csv row count at cell end: 54162
[run] collected 5000/5000 rows -> results/model3_round2/soft/U0.9
[run] === soft/U0.94 (models/model3/generated/soft/U0.94.yaml) ===
[run] target on cpu1, wanted one of {3} (1/8); re-placing
[run] competitor fixed on cpu2, target forced to cpu3 -- confirmed, competitor already running for this whole scale
[run] competitor re-confirmed actually executing for this cell
[run] running...
[run] co-runner (interferer) own jobs.csv row count at cell end: 59886
[run] collected 5000/5000 rows -> results/model3_round2/soft/U0.94

[run] --- 1 cell(s) failed in soft; retrying once more (competitor still running) ---
[run] === soft/U0.3 (models/model3/generated/soft/U0.3.yaml) ===
[run] target on cpu1, wanted one of {3} (1/8); re-placing
[run] target on cpu0, wanted one of {3} (2/8); re-placing
[run] competitor fixed on cpu2, target forced to cpu3 -- confirmed, competitor already running for this whole scale
[run] competitor re-confirmed actually executing for this cell
[run] running...
[run] co-runner (interferer) own jobs.csv row count at cell end: 71029
[run] collected 5000/5000 rows -> results/model3_round2/soft/U0.3
[run] tight: unreserved competitor fixed on cpu2 (avoiding KEEP_CPU=0), confirmed actually executing, running for the whole scale
[run] tight: target will be forced onto {3} for every cell (PAIR_TYPE=sibling vs competitor cpu2)
[run] === tight/U0.1 (models/model3/generated/tight/U0.1.yaml) ===
[run] target on cpu0, wanted one of {3} (1/8); re-placing
[run] target on cpu2, wanted one of {3} (2/8); re-placing
[run] competitor fixed on cpu2, target forced to cpu3 -- confirmed, competitor already running for this whole scale
[run] competitor re-confirmed actually executing for this cell
[run] running...
[run] co-runner (interferer) own jobs.csv row count at cell end: 13564
[run] collected 5000/5000 rows -> results/model3_round2/tight/U0.1
[run] === tight/U0.2 (models/model3/generated/tight/U0.2.yaml) ===
[run] target on cpu0, wanted one of {3} (1/8); re-placing
[run] target on cpu2, wanted one of {3} (2/8); re-placing
[run] target on cpu0, wanted one of {3} (3/8); re-placing
[run] target on cpu1, wanted one of {3} (4/8); re-placing
[run] target on cpu1, wanted one of {3} (5/8); re-placing
[run] target on cpu0, wanted one of {3} (6/8); re-placing
[run] target on cpu0, wanted one of {3} (7/8); re-placing
[run] target on cpu0, wanted one of {3} (8/8); re-placing
[run] could not place target on any of {3} after 8 attempts; giving up on this cell
[run] FAILED tight/U0.2 after 4 attempt(s): could not place target on any of {3} after 8 attempts
[run] === tight/U0.3 (models/model3/generated/tight/U0.3.yaml) ===
[run] target on cpu0, wanted one of {3} (1/8); re-placing
[run] target on cpu0, wanted one of {3} (2/8); re-placing
[run] target on cpu1, wanted one of {3} (3/8); re-placing
[run] target on cpu0, wanted one of {3} (4/8); re-placing
[run] competitor fixed on cpu2, target forced to cpu3 -- confirmed, competitor already running for this whole scale
[run] competitor re-confirmed actually executing for this cell
[run] running...
[run] co-runner (interferer) own jobs.csv row count at cell end: 65411
[run] collected 5000/5000 rows -> results/model3_round2/tight/U0.3
[run] === tight/U0.4 (models/model3/generated/tight/U0.4.yaml) ===
[run] target not Ready (attempt 1/8)
[run] target not Ready (attempt 2/8)
[run] target not Ready (attempt 3/8)
[run] target not Ready (attempt 4/8)
[run] target not Ready (attempt 5/8)
[run] target not Ready (attempt 6/8)
[run] target not Ready (attempt 7/8)
[run] target not Ready (attempt 8/8)
[run] could not place target on any of {3} after 8 attempts; giving up on this cell
[run] FAILED tight/U0.4 after 4 attempt(s): could not place target on any of {3} after 8 attempts
[run] === tight/U0.5 (models/model3/generated/tight/U0.5.yaml) ===
[run] target not Ready (attempt 1/8)
[run] target not Ready (attempt 2/8)
[run] target not Ready (attempt 3/8)
[run] target not Ready (attempt 4/8)
[run] target not Ready (attempt 5/8)
[run] target not Ready (attempt 6/8)
[run] target not Ready (attempt 7/8)
[run] target not Ready (attempt 8/8)
[run] could not place target on any of {3} after 8 attempts; giving up on this cell
[run] FAILED tight/U0.5 after 4 attempt(s): could not place target on any of {3} after 8 attempts
[run] === tight/U0.6 (models/model3/generated/tight/U0.6.yaml) ===
[run] target not Ready (attempt 1/8)
[run] target not Ready (attempt 2/8)
[run] target not Ready (attempt 3/8)
[run] target not Ready (attempt 4/8)
[run] target not Ready (attempt 5/8)
[run] target not Ready (attempt 6/8)
[run] target not Ready (attempt 7/8)
[run] target not Ready (attempt 8/8)
[run] could not place target on any of {3} after 8 attempts; giving up on this cell
[run] FAILED tight/U0.6 after 4 attempt(s): could not place target on any of {3} after 8 attempts
[run] === tight/U0.7 (models/model3/generated/tight/U0.7.yaml) ===
[run] target not Ready (attempt 1/8)
[run] target not Ready (attempt 2/8)
[run] target not Ready (attempt 3/8)
[run] target not Ready (attempt 4/8)
[run] target not Ready (attempt 5/8)
[run] target not Ready (attempt 6/8)
[run] target not Ready (attempt 7/8)
[run] target not Ready (attempt 8/8)
[run] could not place target on any of {3} after 8 attempts; giving up on this cell
[run] FAILED tight/U0.7 after 4 attempt(s): could not place target on any of {3} after 8 attempts
[run] === tight/U0.8 (models/model3/generated/tight/U0.8.yaml) ===
[run] target not Ready (attempt 1/8)
[run] target not Ready (attempt 2/8)
[run] target not Ready (attempt 3/8)
[run] target not Ready (attempt 4/8)
[run] target not Ready (attempt 5/8)
[run] target not Ready (attempt 6/8)
[run] target not Ready (attempt 7/8)
[run] target not Ready (attempt 8/8)
[run] could not place target on any of {3} after 8 attempts; giving up on this cell
[run] FAILED tight/U0.8 after 4 attempt(s): could not place target on any of {3} after 8 attempts
[run] === tight/U0.9 (models/model3/generated/tight/U0.9.yaml) ===
[run] target not Ready (attempt 1/8)
[run] target not Ready (attempt 2/8)
[run] target not Ready (attempt 3/8)
[run] target not Ready (attempt 4/8)
[run] target not Ready (attempt 5/8)
[run] target not Ready (attempt 6/8)
[run] target not Ready (attempt 7/8)
[run] target not Ready (attempt 8/8)
[run] could not place target on any of {3} after 8 attempts; giving up on this cell
[run] FAILED tight/U0.9 after 4 attempt(s): could not place target on any of {3} after 8 attempts
[run] === tight/U0.94 (models/model3/generated/tight/U0.94.yaml) ===
[run] target not Ready (attempt 1/8)
Error from server (Forbidden): error when creating "models/model3/generated/tight/U0.94.yaml": rtclaimparameters.rt.resource.example.com "model3-tight-u94-params" is forbidden: unable to create new content in namespace rq1-model3 because it is being terminated
Error from server (Forbidden): error when creating "models/model3/generated/tight/U0.94.yaml": resourceclaimtemplates.resource.k8s.io "model3-tight-u94-claim" is forbidden: unable to create new content in namespace rq1-model3 because it is being terminated
Error from server (Forbidden): error when creating "models/model3/generated/tight/U0.94.yaml": pods "model3-tight-u94" is forbidden: unable to create new content in namespace rq1-model3 because it is being terminated
[run] target not Ready (attempt 2/8)
Error from server (Forbidden): error when creating "models/model3/generated/tight/U0.94.yaml": rtclaimparameters.rt.resource.example.com "model3-tight-u94-params" is forbidden: unable to create new content in namespace rq1-model3 because it is being terminated
Error from server (Forbidden): error when creating "models/model3/generated/tight/U0.94.yaml": resourceclaimtemplates.resource.k8s.io "model3-tight-u94-claim" is forbidden: unable to create new content in namespace rq1-model3 because it is being terminated
Error from server (Forbidden): error when creating "models/model3/generated/tight/U0.94.yaml": pods "model3-tight-u94" is forbidden: unable to create new content in namespace rq1-model3 because it is being terminated
[run] target not Ready (attempt 3/8)
Error from server (Forbidden): error when creating "models/model3/generated/tight/U0.94.yaml": rtclaimparameters.rt.resource.example.com "model3-tight-u94-params" is forbidden: unable to create new content in namespace rq1-model3 because it is being terminated
Error from server (Forbidden): error when creating "models/model3/generated/tight/U0.94.yaml": resourceclaimtemplates.resource.k8s.io "model3-tight-u94-claim" is forbidden: unable to create new content in namespace rq1-model3 because it is being terminated
Error from server (Forbidden): error when creating "models/model3/generated/tight/U0.94.yaml": pods "model3-tight-u94" is forbidden: unable to create new content in namespace rq1-model3 because it is being terminated
[run] target not Ready (attempt 4/8)
Error from server (Forbidden): error when creating "models/model3/generated/tight/U0.94.yaml": rtclaimparameters.rt.resource.example.com "model3-tight-u94-params" is forbidden: unable to create new content in namespace rq1-model3 because it is being terminated
Error from server (Forbidden): error when creating "models/model3/generated/tight/U0.94.yaml": resourceclaimtemplates.resource.k8s.io "model3-tight-u94-claim" is forbidden: unable to create new content in namespace rq1-model3 because it is being terminated
Error from server (Forbidden): error when creating "models/model3/generated/tight/U0.94.yaml": pods "model3-tight-u94" is forbidden: unable to create new content in namespace rq1-model3 because it is being terminated
[run] target not Ready (attempt 5/8)
Error from server (Forbidden): error when creating "models/model3/generated/tight/U0.94.yaml": rtclaimparameters.rt.resource.example.com "model3-tight-u94-params" is forbidden: unable to create new content in namespace rq1-model3 because it is being terminated
Error from server (Forbidden): error when creating "models/model3/generated/tight/U0.94.yaml": resourceclaimtemplates.resource.k8s.io "model3-tight-u94-claim" is forbidden: unable to create new content in namespace rq1-model3 because it is being terminated
Error from server (Forbidden): error when creating "models/model3/generated/tight/U0.94.yaml": pods "model3-tight-u94" is forbidden: unable to create new content in namespace rq1-model3 because it is being terminated
[run] target not Ready (attempt 6/8)
Error from server (Forbidden): error when creating "models/model3/generated/tight/U0.94.yaml": rtclaimparameters.rt.resource.example.com "model3-tight-u94-params" is forbidden: unable to create new content in namespace rq1-model3 because it is being terminated
Error from server (Forbidden): error when creating "models/model3/generated/tight/U0.94.yaml": resourceclaimtemplates.resource.k8s.io "model3-tight-u94-claim" is forbidden: unable to create new content in namespace rq1-model3 because it is being terminated
Error from server (Forbidden): error when creating "models/model3/generated/tight/U0.94.yaml": pods "model3-tight-u94" is forbidden: unable to create new content in namespace rq1-model3 because it is being terminated
[run] target not Ready (attempt 7/8)
Error from server (Forbidden): error when creating "models/model3/generated/tight/U0.94.yaml": rtclaimparameters.rt.resource.example.com "model3-tight-u94-params" is forbidden: unable to create new content in namespace rq1-model3 because it is being terminated
Error from server (Forbidden): error when creating "models/model3/generated/tight/U0.94.yaml": resourceclaimtemplates.resource.k8s.io "model3-tight-u94-claim" is forbidden: unable to create new content in namespace rq1-model3 because it is being terminated
Error from server (Forbidden): error when creating "models/model3/generated/tight/U0.94.yaml": pods "model3-tight-u94" is forbidden: unable to create new content in namespace rq1-model3 because it is being terminated
[run] target not Ready (attempt 8/8)
[run] could not place target on any of {3} after 8 attempts; giving up on this cell
[run] FAILED tight/U0.94 after 4 attempt(s): could not place target on any of {3} after 8 attempts

[run] --- 8 cell(s) failed in tight; retrying once more (competitor still running) ---
[run] === tight/U0.2 (models/model3/generated/tight/U0.2.yaml) ===
Error from server (NotFound): error when creating "models/model3/generated/tight/U0.2.yaml": namespaces "rq1-model3" not found
Error from server (NotFound): error when creating "models/model3/generated/tight/U0.2.yaml": namespaces "rq1-model3" not found
Error from server (NotFound): error when creating "models/model3/generated/tight/U0.2.yaml": namespaces "rq1-model3" not found
[run] target not Ready (attempt 1/8)
Error from server (NotFound): error when creating "models/model3/generated/tight/U0.2.yaml": namespaces "rq1-model3" not found
Error from server (NotFound): error when creating "models/model3/generated/tight/U0.2.yaml": namespaces "rq1-model3" not found
Error from server (NotFound): error when creating "models/model3/generated/tight/U0.2.yaml": namespaces "rq1-model3" not found
[run] target not Ready (attempt 2/8)
Error from server (NotFound): error when creating "models/model3/generated/tight/U0.2.yaml": namespaces "rq1-model3" not found
Error from server (NotFound): error when creating "models/model3/generated/tight/U0.2.yaml": namespaces "rq1-model3" not found
Error from server (NotFound): error when creating "models/model3/generated/tight/U0.2.yaml": namespaces "rq1-model3" not found
[run] target not Ready (attempt 3/8)
Error from server (NotFound): error when creating "models/model3/generated/tight/U0.2.yaml": namespaces "rq1-model3" not found
Error from server (NotFound): error when creating "models/model3/generated/tight/U0.2.yaml": namespaces "rq1-model3" not found
Error from server (NotFound): error when creating "models/model3/generated/tight/U0.2.yaml": namespaces "rq1-model3" not found
[run] target not Ready (attempt 4/8)
Error from server (NotFound): error when creating "models/model3/generated/tight/U0.2.yaml": namespaces "rq1-model3" not found
Error from server (NotFound): error when creating "models/model3/generated/tight/U0.2.yaml": namespaces "rq1-model3" not found
Error from server (NotFound): error when creating "models/model3/generated/tight/U0.2.yaml": namespaces "rq1-model3" not found
[run] target not Ready (attempt 5/8)
Error from server (NotFound): error when creating "models/model3/generated/tight/U0.2.yaml": namespaces "rq1-model3" not found
Error from server (NotFound): error when creating "models/model3/generated/tight/U0.2.yaml": namespaces "rq1-model3" not found
Error from server (NotFound): error when creating "models/model3/generated/tight/U0.2.yaml": namespaces "rq1-model3" not found
[run] target not Ready (attempt 6/8)
Error from server (NotFound): error when creating "models/model3/generated/tight/U0.2.yaml": namespaces "rq1-model3" not found
Error from server (NotFound): error when creating "models/model3/generated/tight/U0.2.yaml": namespaces "rq1-model3" not found
Error from server (NotFound): error when creating "models/model3/generated/tight/U0.2.yaml": namespaces "rq1-model3" not found
[run] target not Ready (attempt 7/8)
Error from server (NotFound): error when creating "models/model3/generated/tight/U0.2.yaml": namespaces "rq1-model3" not found
Error from server (NotFound): error when creating "models/model3/generated/tight/U0.2.yaml": namespaces "rq1-model3" not found
Error from server (NotFound): error when creating "models/model3/generated/tight/U0.2.yaml": namespaces "rq1-model3" not found
[run] target not Ready (attempt 8/8)
[run] could not place target on any of {3} after 8 attempts; giving up on this cell
[run] FAILED tight/U0.2 after 4 attempt(s): could not place target on any of {3} after 8 attempts
[run] === tight/U0.4 (models/model3/generated/tight/U0.4.yaml) ===
Error from server (NotFound): error when creating "models/model3/generated/tight/U0.4.yaml": namespaces "rq1-model3" not found
Error from server (NotFound): error when creating "models/model3/generated/tight/U0.4.yaml": namespaces "rq1-model3" not found
Error from server (NotFound): error when creating "models/model3/generated/tight/U0.4.yaml": namespaces "rq1-model3" not found
[run] target not Ready (attempt 1/8)
Error from server (NotFound): error when creating "models/model3/generated/tight/U0.4.yaml": namespaces "rq1-model3" not found
Error from server (NotFound): error when creating "models/model3/generated/tight/U0.4.yaml": namespaces "rq1-model3" not found
Error from server (NotFound): error when creating "models/model3/generated/tight/U0.4.yaml": namespaces "rq1-model3" not found
[run] target not Ready (attempt 2/8)
Error from server (NotFound): error when creating "models/model3/generated/tight/U0.4.yaml": namespaces "rq1-model3" not found
Error from server (NotFound): error when creating "models/model3/generated/tight/U0.4.yaml": namespaces "rq1-model3" not found
Error from server (NotFound): error when creating "models/model3/generated/tight/U0.4.yaml": namespaces "rq1-model3" not found
[run] target not Ready (attempt 3/8)
Error from server (NotFound): error when creating "models/model3/generated/tight/U0.4.yaml": namespaces "rq1-model3" not found
Error from server (NotFound): error when creating "models/model3/generated/tight/U0.4.yaml": namespaces "rq1-model3" not found
Error from server (NotFound): error when creating "models/model3/generated/tight/U0.4.yaml": namespaces "rq1-model3" not found
[run] target not Ready (attempt 4/8)
Error from server (NotFound): error when creating "models/model3/generated/tight/U0.4.yaml": namespaces "rq1-model3" not found
Error from server (NotFound): error when creating "models/model3/generated/tight/U0.4.yaml": namespaces "rq1-model3" not found
Error from server (NotFound): error when creating "models/model3/generated/tight/U0.4.yaml": namespaces "rq1-model3" not found
[run] target not Ready (attempt 5/8)
Error from server (NotFound): error when creating "models/model3/generated/tight/U0.4.yaml": namespaces "rq1-model3" not found
Error from server (NotFound): error when creating "models/model3/generated/tight/U0.4.yaml": namespaces "rq1-model3" not found
Error from server (NotFound): error when creating "models/model3/generated/tight/U0.4.yaml": namespaces "rq1-model3" not found
[run] target not Ready (attempt 6/8)
Error from server (NotFound): error when creating "models/model3/generated/tight/U0.4.yaml": namespaces "rq1-model3" not found
Error from server (NotFound): error when creating "models/model3/generated/tight/U0.4.yaml": namespaces "rq1-model3" not found
Error from server (NotFound): error when creating "models/model3/generated/tight/U0.4.yaml": namespaces "rq1-model3" not found
[run] target not Ready (attempt 7/8)
Error from server (NotFound): error when creating "models/model3/generated/tight/U0.4.yaml": namespaces "rq1-model3" not found
Error from server (NotFound): error when creating "models/model3/generated/tight/U0.4.yaml": namespaces "rq1-model3" not found
Error from server (NotFound): error when creating "models/model3/generated/tight/U0.4.yaml": namespaces "rq1-model3" not found
[run] target not Ready (attempt 8/8)
[run] could not place target on any of {3} after 8 attempts; giving up on this cell
[run] FAILED tight/U0.4 after 4 attempt(s): could not place target on any of {3} after 8 attempts
[run] === tight/U0.5 (models/model3/generated/tight/U0.5.yaml) ===
Error from server (NotFound): error when creating "models/model3/generated/tight/U0.5.yaml": namespaces "rq1-model3" not found
Error from server (NotFound): error when creating "models/model3/generated/tight/U0.5.yaml": namespaces "rq1-model3" not found
Error from server (NotFound): error when creating "models/model3/generated/tight/U0.5.yaml": namespaces "rq1-model3" not found
[run] target not Ready (attempt 1/8)
Error from server (NotFound): error when creating "models/model3/generated/tight/U0.5.yaml": namespaces "rq1-model3" not found
Error from server (NotFound): error when creating "models/model3/generated/tight/U0.5.yaml": namespaces "rq1-model3" not found
Error from server (NotFound): error when creating "models/model3/generated/tight/U0.5.yaml": namespaces "rq1-model3" not found
[run] target not Ready (attempt 2/8)
Error from server (NotFound): error when creating "models/model3/generated/tight/U0.5.yaml": namespaces "rq1-model3" not found
Error from server (NotFound): error when creating "models/model3/generated/tight/U0.5.yaml": namespaces "rq1-model3" not found
Error from server (NotFound): error when creating "models/model3/generated/tight/U0.5.yaml": namespaces "rq1-model3" not found
[run] target not Ready (attempt 3/8)
Error from server (NotFound): error when creating "models/model3/generated/tight/U0.5.yaml": namespaces "rq1-model3" not found
Error from server (NotFound): error when creating "models/model3/generated/tight/U0.5.yaml": namespaces "rq1-model3" not found
Error from server (NotFound): error when creating "models/model3/generated/tight/U0.5.yaml": namespaces "rq1-model3" not found
[run] target not Ready (attempt 4/8)
Error from server (NotFound): error when creating "models/model3/generated/tight/U0.5.yaml": namespaces "rq1-model3" not found
Error from server (NotFound): error when creating "models/model3/generated/tight/U0.5.yaml": namespaces "rq1-model3" not found
Error from server (NotFound): error when creating "models/model3/generated/tight/U0.5.yaml": namespaces "rq1-model3" not found
[run] target not Ready (attempt 5/8)
Error from server (NotFound): error when creating "models/model3/generated/tight/U0.5.yaml": namespaces "rq1-model3" not found
Error from server (NotFound): error when creating "models/model3/generated/tight/U0.5.yaml": namespaces "rq1-model3" not found
Error from server (NotFound): error when creating "models/model3/generated/tight/U0.5.yaml": namespaces "rq1-model3" not found
[run] target not Ready (attempt 6/8)
Error from server (NotFound): error when creating "models/model3/generated/tight/U0.5.yaml": namespaces "rq1-model3" not found
Error from server (NotFound): error when creating "models/model3/generated/tight/U0.5.yaml": namespaces "rq1-model3" not found
Error from server (NotFound): error when creating "models/model3/generated/tight/U0.5.yaml": namespaces "rq1-model3" not found
[run] target not Ready (attempt 7/8)
Error from server (NotFound): error when creating "models/model3/generated/tight/U0.5.yaml": namespaces "rq1-model3" not found
Error from server (NotFound): error when creating "models/model3/generated/tight/U0.5.yaml": namespaces "rq1-model3" not found
Error from server (NotFound): error when creating "models/model3/generated/tight/U0.5.yaml": namespaces "rq1-model3" not found
[run] target not Ready (attempt 8/8)
[run] could not place target on any of {3} after 8 attempts; giving up on this cell
[run] FAILED tight/U0.5 after 4 attempt(s): could not place target on any of {3} after 8 attempts
[run] === tight/U0.6 (models/model3/generated/tight/U0.6.yaml) ===
Error from server (NotFound): error when creating "models/model3/generated/tight/U0.6.yaml": namespaces "rq1-model3" not found
Error from server (NotFound): error when creating "models/model3/generated/tight/U0.6.yaml": namespaces "rq1-model3" not found
Error from server (NotFound): error when creating "models/model3/generated/tight/U0.6.yaml": namespaces "rq1-model3" not found
[run] target not Ready (attempt 1/8)
Error from server (NotFound): error when creating "models/model3/generated/tight/U0.6.yaml": namespaces "rq1-model3" not found
Error from server (NotFound): error when creating "models/model3/generated/tight/U0.6.yaml": namespaces "rq1-model3" not found
Error from server (NotFound): error when creating "models/model3/generated/tight/U0.6.yaml": namespaces "rq1-model3" not found
[run] target not Ready (attempt 2/8)
Error from server (NotFound): error when creating "models/model3/generated/tight/U0.6.yaml": namespaces "rq1-model3" not found
Error from server (NotFound): error when creating "models/model3/generated/tight/U0.6.yaml": namespaces "rq1-model3" not found
Error from server (NotFound): error when creating "models/model3/generated/tight/U0.6.yaml": namespaces "rq1-model3" not found
[run] target not Ready (attempt 3/8)
Error from server (NotFound): error when creating "models/model3/generated/tight/U0.6.yaml": namespaces "rq1-model3" not found
Error from server (NotFound): error when creating "models/model3/generated/tight/U0.6.yaml": namespaces "rq1-model3" not found
Error from server (NotFound): error when creating "models/model3/generated/tight/U0.6.yaml": namespaces "rq1-model3" not found
[run] target not Ready (attempt 4/8)
Error from server (NotFound): error when creating "models/model3/generated/tight/U0.6.yaml": namespaces "rq1-model3" not found
Error from server (NotFound): error when creating "models/model3/generated/tight/U0.6.yaml": namespaces "rq1-model3" not found
Error from server (NotFound): error when creating "models/model3/generated/tight/U0.6.yaml": namespaces "rq1-model3" not found
[run] target not Ready (attempt 5/8)
Error from server (NotFound): error when creating "models/model3/generated/tight/U0.6.yaml": namespaces "rq1-model3" not found
Error from server (NotFound): error when creating "models/model3/generated/tight/U0.6.yaml": namespaces "rq1-model3" not found
Error from server (NotFound): error when creating "models/model3/generated/tight/U0.6.yaml": namespaces "rq1-model3" not found
[run] target not Ready (attempt 6/8)
Error from server (NotFound): error when creating "models/model3/generated/tight/U0.6.yaml": namespaces "rq1-model3" not found
Error from server (NotFound): error when creating "models/model3/generated/tight/U0.6.yaml": namespaces "rq1-model3" not found
Error from server (NotFound): error when creating "models/model3/generated/tight/U0.6.yaml": namespaces "rq1-model3" not found
[run] target not Ready (attempt 7/8)
Error from server (NotFound): error when creating "models/model3/generated/tight/U0.6.yaml": namespaces "rq1-model3" not found
Error from server (NotFound): error when creating "models/model3/generated/tight/U0.6.yaml": namespaces "rq1-model3" not found
Error from server (NotFound): error when creating "models/model3/generated/tight/U0.6.yaml": namespaces "rq1-model3" not found
[run] target not Ready (attempt 8/8)
[run] could not place target on any of {3} after 8 attempts; giving up on this cell
[run] FAILED tight/U0.6 after 4 attempt(s): could not place target on any of {3} after 8 attempts
[run] === tight/U0.7 (models/model3/generated/tight/U0.7.yaml) ===
Error from server (NotFound): error when creating "models/model3/generated/tight/U0.7.yaml": namespaces "rq1-model3" not found
Error from server (NotFound): error when creating "models/model3/generated/tight/U0.7.yaml": namespaces "rq1-model3" not found
Error from server (NotFound): error when creating "models/model3/generated/tight/U0.7.yaml": namespaces "rq1-model3" not found
[run] target not Ready (attempt 1/8)
Error from server (NotFound): error when creating "models/model3/generated/tight/U0.7.yaml": namespaces "rq1-model3" not found
Error from server (NotFound): error when creating "models/model3/generated/tight/U0.7.yaml": namespaces "rq1-model3" not found
Error from server (NotFound): error when creating "models/model3/generated/tight/U0.7.yaml": namespaces "rq1-model3" not found
[run] target not Ready (attempt 2/8)
Error from server (NotFound): error when creating "models/model3/generated/tight/U0.7.yaml": namespaces "rq1-model3" not found
Error from server (NotFound): error when creating "models/model3/generated/tight/U0.7.yaml": namespaces "rq1-model3" not found
Error from server (NotFound): error when creating "models/model3/generated/tight/U0.7.yaml": namespaces "rq1-model3" not found
[run] target not Ready (attempt 3/8)
Error from server (NotFound): error when creating "models/model3/generated/tight/U0.7.yaml": namespaces "rq1-model3" not found
Error from server (NotFound): error when creating "models/model3/generated/tight/U0.7.yaml": namespaces "rq1-model3" not found
Error from server (NotFound): error when creating "models/model3/generated/tight/U0.7.yaml": namespaces "rq1-model3" not found
[run] target not Ready (attempt 4/8)
