nohup: ignoring input
[run] model=model3-w4 ns=rq1-model3-w4 agent=rq1-agent-rlg6w cells=20 has_neighbours=0 has_competitor=1
[run] model3 arm: PAIR_TYPE=physical COMPETITOR_TYPE=reserved
[run] soft: reserved competitor landed on cpu3 (avoiding KEEP_CPU=0), confirmed actually executing, running for the whole scale
[run] soft: target will be forced onto {1} for every cell (PAIR_TYPE=physical vs competitor cpu3)
[run] === soft/U0.1 (models/model3-w4/generated_ptrchase/soft/U0.1.yaml) ===
[run] target on cpu0, wanted one of {1} (1/8); re-placing
[run] target on cpu0, wanted one of {1} (2/8); re-placing
[run] competitor fixed on cpu3, target forced to cpu1 -- confirmed, competitor already running for this whole scale
[run] competitor re-confirmed actually executing for this cell
[run] running...
[run] co-runner (competitor) own jobs.csv row count at cell end: 5823
[run] collected 5000/5000 rows -> results/model3-w4_phys_res_ptrchase_round3/soft/U0.1
[run] === soft/U0.2 (models/model3-w4/generated_ptrchase/soft/U0.2.yaml) ===
[run] target on cpu0, wanted one of {1} (1/8); re-placing
[run] competitor fixed on cpu3, target forced to cpu1 -- confirmed, competitor already running for this whole scale
[run] competitor re-confirmed actually executing for this cell
[run] running...
[run] co-runner (competitor) own jobs.csv row count at cell end: 11528
[run] collected 5000/5000 rows -> results/model3-w4_phys_res_ptrchase_round3/soft/U0.2
[run] === soft/U0.3 (models/model3-w4/generated_ptrchase/soft/U0.3.yaml) ===
[run] target on cpu2, wanted one of {1} (1/8); re-placing
[run] competitor fixed on cpu3, target forced to cpu1 -- confirmed, competitor already running for this whole scale
[run] competitor re-confirmed actually executing for this cell
[run] running...
[run] co-runner (competitor) own jobs.csv row count at cell end: 17199
[run] collected 5000/5000 rows -> results/model3-w4_phys_res_ptrchase_round3/soft/U0.3
[run] === soft/U0.4 (models/model3-w4/generated_ptrchase/soft/U0.4.yaml) ===
[run] target on cpu0, wanted one of {1} (1/8); re-placing
[run] target on cpu0, wanted one of {1} (2/8); re-placing
[run] target on cpu2, wanted one of {1} (3/8); re-placing
[run] target on cpu2, wanted one of {1} (4/8); re-placing
[run] target on cpu0, wanted one of {1} (5/8); re-placing
[run] target on cpu0, wanted one of {1} (6/8); re-placing
[run] competitor fixed on cpu3, target forced to cpu1 -- confirmed, competitor already running for this whole scale
[run] competitor re-confirmed actually executing for this cell
[run] running...
[run] co-runner (competitor) own jobs.csv row count at cell end: 24710
[run] collected 5000/5000 rows -> results/model3-w4_phys_res_ptrchase_round3/soft/U0.4
[run] === soft/U0.5 (models/model3-w4/generated_ptrchase/soft/U0.5.yaml) ===
[run] target on cpu2, wanted one of {1} (1/8); re-placing
[run] competitor fixed on cpu3, target forced to cpu1 -- confirmed, competitor already running for this whole scale
[run] competitor re-confirmed actually executing for this cell
[run] running...
[run] co-runner (competitor) own jobs.csv row count at cell end: 30417
[run] collected 5000/5000 rows -> results/model3-w4_phys_res_ptrchase_round3/soft/U0.5
[run] === soft/U0.6 (models/model3-w4/generated_ptrchase/soft/U0.6.yaml) ===
[run] target on cpu2, wanted one of {1} (1/8); re-placing
[run] competitor fixed on cpu3, target forced to cpu1 -- confirmed, competitor already running for this whole scale
[run] competitor re-confirmed actually executing for this cell
[run] running...
[run] co-runner (competitor) own jobs.csv row count at cell end: 36094
[run] collected 5000/5000 rows -> results/model3-w4_phys_res_ptrchase_round3/soft/U0.6
[run] === soft/U0.7 (models/model3-w4/generated_ptrchase/soft/U0.7.yaml) ===
[run] target on cpu0, wanted one of {1} (1/8); re-placing
[run] target on cpu2, wanted one of {1} (2/8); re-placing
[run] competitor fixed on cpu3, target forced to cpu1 -- confirmed, competitor already running for this whole scale
[run] competitor re-confirmed actually executing for this cell
[run] running...
[run] co-runner (competitor) own jobs.csv row count at cell end: 42196
[run] collected 5000/5000 rows -> results/model3-w4_phys_res_ptrchase_round3/soft/U0.7
[run] === soft/U0.8 (models/model3-w4/generated_ptrchase/soft/U0.8.yaml) ===
[run] target on cpu0, wanted one of {1} (1/8); re-placing
[run] target on cpu2, wanted one of {1} (2/8); re-placing
[run] target on cpu2, wanted one of {1} (3/8); re-placing
[run] target on cpu0, wanted one of {1} (4/8); re-placing
[run] target on cpu2, wanted one of {1} (5/8); re-placing
[run] target on cpu0, wanted one of {1} (6/8); re-placing
[run] target on cpu0, wanted one of {1} (7/8); re-placing
[run] target on cpu0, wanted one of {1} (8/8); re-placing
[run] could not place target on any of {1} after 8 attempts; giving up on this cell
[run] FAILED soft/U0.8 after 4 attempt(s): could not place target on any of {1} after 8 attempts
[run] === soft/U0.9 (models/model3-w4/generated_ptrchase/soft/U0.9.yaml) ===
[run] target on cpu0, wanted one of {1} (1/8); re-placing
[run] competitor fixed on cpu3, target forced to cpu1 -- confirmed, competitor already running for this whole scale
[run] competitor re-confirmed actually executing for this cell
[run] running...
[run] co-runner (competitor) own jobs.csv row count at cell end: 50963
[run] collected 5000/5000 rows -> results/model3-w4_phys_res_ptrchase_round3/soft/U0.9
[run] === soft/U0.94 (models/model3-w4/generated_ptrchase/soft/U0.94.yaml) ===
[run] competitor fixed on cpu3, target forced to cpu1 -- confirmed, competitor already running for this whole scale
[run] competitor re-confirmed actually executing for this cell
[run] running...
[run] co-runner (competitor) own jobs.csv row count at cell end: 56274
[run] collected 5000/5000 rows -> results/model3-w4_phys_res_ptrchase_round3/soft/U0.94

[run] --- 1 cell(s) failed in soft; retrying once more (competitor still running) ---
[run] === soft/U0.8 (models/model3-w4/generated_ptrchase/soft/U0.8.yaml) ===
[run] competitor fixed on cpu3, target forced to cpu1 -- confirmed, competitor already running for this whole scale
[run] competitor re-confirmed actually executing for this cell
[run] running...
[run] co-runner (competitor) own jobs.csv row count at cell end: 61618
[run] collected 5000/5000 rows -> results/model3-w4_phys_res_ptrchase_round3/soft/U0.8
[run] tight: reserved competitor landed on cpu3 (avoiding KEEP_CPU=0), confirmed actually executing, running for the whole scale
[run] tight: target will be forced onto {1} for every cell (PAIR_TYPE=physical vs competitor cpu3)
[run] === tight/U0.1 (models/model3-w4/generated_ptrchase/tight/U0.1.yaml) ===
[run] target on cpu2, wanted one of {1} (1/8); re-placing
[run] target on cpu0, wanted one of {1} (2/8); re-placing
[run] target on cpu0, wanted one of {1} (3/8); re-placing
[run] target on cpu0, wanted one of {1} (4/8); re-placing
[run] target on cpu0, wanted one of {1} (5/8); re-placing
[run] competitor fixed on cpu3, target forced to cpu1 -- confirmed, competitor already running for this whole scale
[run] competitor re-confirmed actually executing for this cell
[run] running...
[run] co-runner (competitor) own jobs.csv row count at cell end: 24695
[run] collected 5000/5000 rows -> results/model3-w4_phys_res_ptrchase_round3/tight/U0.1
[run] === tight/U0.2 (models/model3-w4/generated_ptrchase/tight/U0.2.yaml) ===
[run] target on cpu2, wanted one of {1} (1/8); re-placing
[run] target on cpu0, wanted one of {1} (2/8); re-placing
[run] target on cpu2, wanted one of {1} (3/8); re-placing
[run] target on cpu0, wanted one of {1} (4/8); re-placing
[run] target on cpu0, wanted one of {1} (5/8); re-placing
[run] target on cpu2, wanted one of {1} (6/8); re-placing
[run] target on cpu0, wanted one of {1} (7/8); re-placing
[run] target on cpu0, wanted one of {1} (8/8); re-placing
[run] could not place target on any of {1} after 8 attempts; giving up on this cell
[run] FAILED tight/U0.2 after 4 attempt(s): could not place target on any of {1} after 8 attempts
[run] === tight/U0.3 (models/model3-w4/generated_ptrchase/tight/U0.3.yaml) ===
[run] target on cpu0, wanted one of {1} (1/8); re-placing
[run] target on cpu2, wanted one of {1} (2/8); re-placing
[run] target on cpu2, wanted one of {1} (3/8); re-placing
[run] target on cpu0, wanted one of {1} (4/8); re-placing
[run] competitor fixed on cpu3, target forced to cpu1 -- confirmed, competitor already running for this whole scale
[run] competitor re-confirmed actually executing for this cell
[run] running...
[run] co-runner (competitor) own jobs.csv row count at cell end: 76176
[run] collected 5000/5000 rows -> results/model3-w4_phys_res_ptrchase_round3/tight/U0.3
[run] === tight/U0.4 (models/model3-w4/generated_ptrchase/tight/U0.4.yaml) ===
[run] target on cpu0, wanted one of {1} (1/8); re-placing
[run] competitor fixed on cpu3, target forced to cpu1 -- confirmed, competitor already running for this whole scale
[run] competitor re-confirmed actually executing for this cell
[run] running...
[run] co-runner (competitor) own jobs.csv row count at cell end: 86879
[run] collected 5000/5000 rows -> results/model3-w4_phys_res_ptrchase_round3/tight/U0.4
[run] === tight/U0.5 (models/model3-w4/generated_ptrchase/tight/U0.5.yaml) ===
[run] target on cpu0, wanted one of {1} (1/8); re-placing
[run] target on cpu0, wanted one of {1} (2/8); re-placing
[run] target on cpu2, wanted one of {1} (3/8); re-placing
[run] target on cpu2, wanted one of {1} (4/8); re-placing
[run] target on cpu0, wanted one of {1} (5/8); re-placing
[run] target on cpu0, wanted one of {1} (6/8); re-placing
[run] target on cpu0, wanted one of {1} (7/8); re-placing
[run] competitor fixed on cpu3, target forced to cpu1 -- confirmed, competitor already running for this whole scale
[run] competitor re-confirmed actually executing for this cell
[run] running...
[run] co-runner (competitor) own jobs.csv row count at cell end: 119614
[run] collected 5000/5000 rows -> results/model3-w4_phys_res_ptrchase_round3/tight/U0.5
[run] === tight/U0.6 (models/model3-w4/generated_ptrchase/tight/U0.6.yaml) ===
[run] target on cpu0, wanted one of {1} (1/8); re-placing
[run] target on cpu0, wanted one of {1} (2/8); re-placing
[run] competitor fixed on cpu3, target forced to cpu1 -- confirmed, competitor already running for this whole scale
[run] competitor re-confirmed actually executing for this cell
[run] running...
[run] co-runner (competitor) own jobs.csv row count at cell end: 133914
[run] collected 5000/5000 rows -> results/model3-w4_phys_res_ptrchase_round3/tight/U0.6
[run] === tight/U0.7 (models/model3-w4/generated_ptrchase/tight/U0.7.yaml) ===
[run] target on cpu0, wanted one of {1} (1/8); re-placing
[run] competitor fixed on cpu3, target forced to cpu1 -- confirmed, competitor already running for this whole scale
[run] competitor re-confirmed actually executing for this cell
[run] running...
[run] co-runner (competitor) own jobs.csv row count at cell end: 144460
[run] collected 5000/5000 rows -> results/model3-w4_phys_res_ptrchase_round3/tight/U0.7
[run] === tight/U0.8 (models/model3-w4/generated_ptrchase/tight/U0.8.yaml) ===
[run] target on cpu0, wanted one of {1} (1/8); re-placing
[run] target on cpu2, wanted one of {1} (2/8); re-placing
[run] competitor fixed on cpu3, target forced to cpu1 -- confirmed, competitor already running for this whole scale
[run] competitor re-confirmed actually executing for this cell
[run] running...
[run] co-runner (competitor) own jobs.csv row count at cell end: 158760
[run] collected 5000/5000 rows -> results/model3-w4_phys_res_ptrchase_round3/tight/U0.8
[run] === tight/U0.9 (models/model3-w4/generated_ptrchase/tight/U0.9.yaml) ===
[run] target not Ready (attempt 1/8)
[run] target not Ready (attempt 2/8)
[run] target not Ready (attempt 3/8)
[run] target not Ready (attempt 4/8)
[run] target not Ready (attempt 5/8)
[run] target not Ready (attempt 6/8)
[run] target not Ready (attempt 7/8)
[run] target not Ready (attempt 8/8)
[run] could not place target on any of {1} after 8 attempts; giving up on this cell
[run] FAILED tight/U0.9 after 4 attempt(s): could not place target on any of {1} after 8 attempts
[run] === tight/U0.94 (models/model3-w4/generated_ptrchase/tight/U0.94.yaml) ===
[run] target not Ready (attempt 1/8)
[run] target not Ready (attempt 2/8)
[run] target not Ready (attempt 3/8)
[run] target not Ready (attempt 4/8)
[run] target not Ready (attempt 5/8)
[run] target not Ready (attempt 6/8)
[run] target not Ready (attempt 7/8)
[run] target not Ready (attempt 8/8)
[run] could not place target on any of {1} after 8 attempts; giving up on this cell
[run] FAILED tight/U0.94 after 4 attempt(s): could not place target on any of {1} after 8 attempts

[run] --- 3 cell(s) failed in tight; retrying once more (competitor still running) ---
[run] === tight/U0.2 (models/model3-w4/generated_ptrchase/tight/U0.2.yaml) ===
[run] target on cpu2, wanted one of {1} (1/8); re-placing
[run] target on cpu0, wanted one of {1} (2/8); re-placing
[run] target on cpu2, wanted one of {1} (3/8); re-placing
[run] target on cpu0, wanted one of {1} (4/8); re-placing
[run] target on cpu0, wanted one of {1} (5/8); re-placing
[run] target on cpu0, wanted one of {1} (6/8); re-placing
[run] target on cpu2, wanted one of {1} (7/8); re-placing
[run] target on cpu0, wanted one of {1} (8/8); re-placing
[run] could not place target on any of {1} after 8 attempts; giving up on this cell
[run] FAILED tight/U0.2 after 4 attempt(s): could not place target on any of {1} after 8 attempts
[run] === tight/U0.9 (models/model3-w4/generated_ptrchase/tight/U0.9.yaml) ===
[run] target not Ready (attempt 1/8)
[run] target not Ready (attempt 2/8)
[run] target not Ready (attempt 3/8)
[run] target not Ready (attempt 4/8)
[run] target not Ready (attempt 5/8)
[run] target not Ready (attempt 6/8)
[run] target not Ready (attempt 7/8)
[run] target not Ready (attempt 8/8)
[run] could not place target on any of {1} after 8 attempts; giving up on this cell
[run] FAILED tight/U0.9 after 4 attempt(s): could not place target on any of {1} after 8 attempts
[run] === tight/U0.94 (models/model3-w4/generated_ptrchase/tight/U0.94.yaml) ===
[run] target not Ready (attempt 1/8)
[run] target not Ready (attempt 2/8)
[run] target not Ready (attempt 3/8)
[run] target not Ready (attempt 4/8)
[run] target not Ready (attempt 5/8)
[run] target not Ready (attempt 6/8)
[run] target not Ready (attempt 7/8)
[run] target not Ready (attempt 8/8)
[run] could not place target on any of {1} after 8 attempts; giving up on this cell
[run] FAILED tight/U0.94 after 4 attempt(s): could not place target on any of {1} after 8 attempts

[run] done. 3/20 cell(s) did not produce valid data -- do not trust these:
  - tight/U0.2: could not place target on any of {1} after 8 attempts [failed even after end-of-sweep retry]
  - tight/U0.9: could not place target on any of {1} after 8 attempts [failed even after end-of-sweep retry]
  - tight/U0.94: could not place target on any of {1} after 8 attempts [failed even after end-of-sweep retry]
[run] analyze with: python result.py model3-w4_phys_res_ptrchase_round3
