nohup: ignoring input
[run] model=model3-w4 ns=rq1-model3-w4 agent=rq1-agent-dqls4 cells=10 has_neighbours=0 has_competitor=1
[run] model3 arm: PAIR_TYPE=physical COMPETITOR_TYPE=reserved
[run] reserved competitor landed on KEEP_CPU=0 (tight, attempt 1/5); re-placing
[run] tight: reserved competitor landed on cpu2 (avoiding KEEP_CPU=0), confirmed actually executing, running for the whole scale
[run] tight: target will be forced onto {1} for every cell (PAIR_TYPE=physical vs competitor cpu2)
[run] === tight/U0.1 (models/model3-w4/generated_ptrchase/tight/U0.1.yaml) ===
[run] target on cpu0, wanted one of {1} (1/8); re-placing
[run] target on cpu3, wanted one of {1} (2/8); re-placing
[run] target on cpu3, wanted one of {1} (3/8); re-placing
[run] target on cpu0, wanted one of {1} (4/8); re-placing
[run] target on cpu0, wanted one of {1} (5/8); re-placing
[run] target on cpu3, wanted one of {1} (6/8); re-placing
[run] target on cpu0, wanted one of {1} (7/8); re-placing
[run] target on cpu0, wanted one of {1} (8/8); re-placing
[run] could not place target on any of {1} after 8 attempts; giving up on this cell
[run] FAILED tight/U0.1 after 4 attempt(s): could not place target on any of {1} after 8 attempts
[run] === tight/U0.2 (models/model3-w4/generated_ptrchase/tight/U0.2.yaml) ===
[run] target on cpu0, wanted one of {1} (1/8); re-placing
[run] target on cpu3, wanted one of {1} (2/8); re-placing
[run] target on cpu0, wanted one of {1} (3/8); re-placing
[run] target on cpu0, wanted one of {1} (4/8); re-placing
[run] target on cpu0, wanted one of {1} (5/8); re-placing
[run] target on cpu3, wanted one of {1} (6/8); re-placing
[run] target on cpu3, wanted one of {1} (7/8); re-placing
[run] target on cpu3, wanted one of {1} (8/8); re-placing
[run] could not place target on any of {1} after 8 attempts; giving up on this cell
[run] FAILED tight/U0.2 after 4 attempt(s): could not place target on any of {1} after 8 attempts
[run] === tight/U0.3 (models/model3-w4/generated_ptrchase/tight/U0.3.yaml) ===
[run] competitor fixed on cpu2, target forced to cpu1 -- confirmed, competitor already running for this whole scale
[run] competitor re-confirmed actually executing for this cell
[run] running...
[run] co-runner (competitor) own jobs.csv row count at cell end: 66603
[run] collected 5000/5000 rows -> results/model3-w4_phys_res_ptrchase_round2/tight/U0.3
[run] === tight/U0.4 (models/model3-w4/generated_ptrchase/tight/U0.4.yaml) ===
[run] competitor fixed on cpu2, target forced to cpu1 -- confirmed, competitor already running for this whole scale
[run] competitor re-confirmed actually executing for this cell
[run] running...
[run] co-runner (competitor) own jobs.csv row count at cell end: 73690
[run] collected 5000/5000 rows -> results/model3-w4_phys_res_ptrchase_round2/tight/U0.4
[run] === tight/U0.5 (models/model3-w4/generated_ptrchase/tight/U0.5.yaml) ===
[run] target on cpu0, wanted one of {1} (1/8); re-placing
[run] competitor fixed on cpu2, target forced to cpu1 -- confirmed, competitor already running for this whole scale
[run] competitor re-confirmed actually executing for this cell
[run] running...
[run] co-runner (competitor) own jobs.csv row count at cell end: 84424
[run] collected 5000/5000 rows -> results/model3-w4_phys_res_ptrchase_round2/tight/U0.5
[run] === tight/U0.6 (models/model3-w4/generated_ptrchase/tight/U0.6.yaml) ===
[run] target on cpu0, wanted one of {1} (1/8); re-placing
[run] target on cpu0, wanted one of {1} (2/8); re-placing
[run] target on cpu0, wanted one of {1} (3/8); re-placing
[run] target on cpu0, wanted one of {1} (4/8); re-placing
[run] target on cpu3, wanted one of {1} (5/8); re-placing
[run] target on cpu3, wanted one of {1} (6/8); re-placing
[run] target on cpu3, wanted one of {1} (7/8); re-placing
[run] competitor fixed on cpu2, target forced to cpu1 -- confirmed, competitor already running for this whole scale
[run] competitor re-confirmed actually executing for this cell
[run] running...
[run] co-runner (competitor) own jobs.csv row count at cell end: 117106
[run] collected 5000/5000 rows -> results/model3-w4_phys_res_ptrchase_round2/tight/U0.6
[run] === tight/U0.7 (models/model3-w4/generated_ptrchase/tight/U0.7.yaml) ===
[run] target not Ready (attempt 1/8)
[run] target not Ready (attempt 2/8)
[run] target not Ready (attempt 3/8)
[run] target not Ready (attempt 4/8)
[run] target not Ready (attempt 5/8)
[run] target not Ready (attempt 6/8)
[run] target not Ready (attempt 7/8)
[run] target not Ready (attempt 8/8)
[run] could not place target on any of {1} after 8 attempts; giving up on this cell
[run] FAILED tight/U0.7 after 4 attempt(s): could not place target on any of {1} after 8 attempts
[run] === tight/U0.8 (models/model3-w4/generated_ptrchase/tight/U0.8.yaml) ===
[run] target not Ready (attempt 1/8)
[run] target not Ready (attempt 2/8)
[run] target not Ready (attempt 3/8)
[run] target not Ready (attempt 4/8)
[run] target not Ready (attempt 5/8)
[run] target not Ready (attempt 6/8)
