nohup: ignoring input
[run] model=model3 ns=rq1-model3 agent=rq1-agent-bqwzz cells=20 has_neighbours=0 has_competitor=1
[run] model3 arm: PAIR_TYPE=sibling COMPETITOR_TYPE=unreserved
[run] kubepods-besteffort.slice period mismatch (have 10000, need 100000) -- resetting
[run] kubepods-besteffort.slice period now 100000, runtime cleared
[run] soft: unreserved competitor fixed on cpu2 (avoiding KEEP_CPU=0), confirmed actually executing, running for the whole scale
[run] soft: target will be forced onto {3} for every cell (PAIR_TYPE=sibling vs competitor cpu2)
[run] === soft/U0.1 (models/model3/generated_primes/soft/U0.1.yaml) ===
[run] competitor fixed on cpu2, target forced to cpu3 -- confirmed, competitor already running for this whole scale
[run] competitor re-confirmed actually executing for this cell
[run] running...
[run] co-runner (interferer) own jobs.csv row count at cell end: 10343
[run] collected 5000/5000 rows -> results/model3_sib_cfs_primes_round2/soft/U0.1
[run] === soft/U0.2 (models/model3/generated_primes/soft/U0.2.yaml) ===
[run] competitor fixed on cpu2, target forced to cpu3 -- confirmed, competitor already running for this whole scale
[run] competitor re-confirmed actually executing for this cell
[run] running...
[run] co-runner (interferer) own jobs.csv row count at cell end: 15815
[run] collected 5000/5000 rows -> results/model3_sib_cfs_primes_round2/soft/U0.2
[run] === soft/U0.3 (models/model3/generated_primes/soft/U0.3.yaml) ===
[run] competitor fixed on cpu2, target forced to cpu3 -- confirmed, competitor already running for this whole scale
[run] competitor re-confirmed actually executing for this cell
[run] running...
[run] co-runner (interferer) own jobs.csv row count at cell end: 21553
[run] collected 5000/5000 rows -> results/model3_sib_cfs_primes_round2/soft/U0.3
[run] === soft/U0.4 (models/model3/generated_primes/soft/U0.4.yaml) ===
[run] competitor fixed on cpu2, target forced to cpu3 -- confirmed, competitor already running for this whole scale
[run] competitor re-confirmed actually executing for this cell
[run] running...
[run] co-runner (interferer) own jobs.csv row count at cell end: 27658
[run] collected 5000/5000 rows -> results/model3_sib_cfs_primes_round2/soft/U0.4
[run] === soft/U0.5 (models/model3/generated_primes/soft/U0.5.yaml) ===
[run] competitor fixed on cpu2, target forced to cpu3 -- confirmed, competitor already running for this whole scale
[run] competitor re-confirmed actually executing for this cell
[run] running...
[run] co-runner (interferer) own jobs.csv row count at cell end: 33069
[run] collected 5000/5000 rows -> results/model3_sib_cfs_primes_round2/soft/U0.5
[run] === soft/U0.6 (models/model3/generated_primes/soft/U0.6.yaml) ===
[run] competitor fixed on cpu2, target forced to cpu3 -- confirmed, competitor already running for this whole scale
[run] competitor re-confirmed actually executing for this cell
[run] running...
[run] co-runner (interferer) own jobs.csv row count at cell end: 43471
[run] collected 5000/5000 rows -> results/model3_sib_cfs_primes_round2/soft/U0.6
[run] === soft/U0.7 (models/model3/generated_primes/soft/U0.7.yaml) ===
[run] competitor fixed on cpu2, target forced to cpu3 -- confirmed, competitor already running for this whole scale
[run] competitor re-confirmed actually executing for this cell
[run] running...
[run] co-runner (interferer) own jobs.csv row count at cell end: 49087
[run] collected 5000/5000 rows -> results/model3_sib_cfs_primes_round2/soft/U0.7
[run] === soft/U0.8 (models/model3/generated_primes/soft/U0.8.yaml) ===
[run] competitor fixed on cpu2, target forced to cpu3 -- confirmed, competitor already running for this whole scale
[run] competitor re-confirmed actually executing for this cell
[run] running...
[run] co-runner (interferer) own jobs.csv row count at cell end: 54515
[run] collected 5000/5000 rows -> results/model3_sib_cfs_primes_round2/soft/U0.8
[run] === soft/U0.9 (models/model3/generated_primes/soft/U0.9.yaml) ===
[run] competitor fixed on cpu2, target forced to cpu3 -- confirmed, competitor already running for this whole scale
[run] competitor re-confirmed actually executing for this cell
[run] running...
[run] co-runner (interferer) own jobs.csv row count at cell end: 60990
[run] collected 5000/5000 rows -> results/model3_sib_cfs_primes_round2/soft/U0.9
[run] === soft/U0.94 (models/model3/generated_primes/soft/U0.94.yaml) ===
[run] competitor fixed on cpu2, target forced to cpu3 -- confirmed, competitor already running for this whole scale
[run] competitor re-confirmed actually executing for this cell
[run] running...
[run] co-runner (interferer) own jobs.csv row count at cell end: 67135
[run] collected 5000/5000 rows -> results/model3_sib_cfs_primes_round2/soft/U0.94
[run] kubepods-besteffort.slice period mismatch (have 100000, need 10000) -- resetting
[run] kubepods-besteffort.slice period now 10000, runtime cleared
[run] tight: unreserved competitor fixed on cpu2 (avoiding KEEP_CPU=0), confirmed actually executing, running for the whole scale
[run] tight: target will be forced onto {3} for every cell (PAIR_TYPE=sibling vs competitor cpu2)
[run] === tight/U0.1 (models/model3/generated_primes/tight/U0.1.yaml) ===
[run] competitor fixed on cpu2, target forced to cpu3 -- confirmed, competitor already running for this whole scale
[run] competitor re-confirmed actually executing for this cell
[run] running...
[run] co-runner (interferer) own jobs.csv row count at cell end: 6610
[run] collected 5000/5000 rows -> results/model3_sib_cfs_primes_round2/tight/U0.1
[run] === tight/U0.2 (models/model3/generated_primes/tight/U0.2.yaml) ===
[run] competitor fixed on cpu2, target forced to cpu3 -- confirmed, competitor already running for this whole scale
[run] competitor re-confirmed actually executing for this cell
[run] running...
[run] co-runner (interferer) own jobs.csv row count at cell end: 13914
[run] collected 5000/5000 rows -> results/model3_sib_cfs_primes_round2/tight/U0.2
[run] === tight/U0.3 (models/model3/generated_primes/tight/U0.3.yaml) ===
[run] competitor fixed on cpu2, target forced to cpu3 -- confirmed, competitor already running for this whole scale
[run] competitor re-confirmed actually executing for this cell
[run] running...
[run] co-runner (interferer) own jobs.csv row count at cell end: 21641
[run] collected 5000/5000 rows -> results/model3_sib_cfs_primes_round2/tight/U0.3
[run] === tight/U0.4 (models/model3/generated_primes/tight/U0.4.yaml) ===
[run] competitor fixed on cpu2, target forced to cpu3 -- confirmed, competitor already running for this whole scale
[run] competitor re-confirmed actually executing for this cell
[run] running...
[run] co-runner (interferer) own jobs.csv row count at cell end: 29439
[run] collected 5000/5000 rows -> results/model3_sib_cfs_primes_round2/tight/U0.4
[run] === tight/U0.5 (models/model3/generated_primes/tight/U0.5.yaml) ===
[run] competitor fixed on cpu2, target forced to cpu3 -- confirmed, competitor already running for this whole scale
[run] competitor re-confirmed actually executing for this cell
[run] running...
[run] co-runner (interferer) own jobs.csv row count at cell end: 36750
[run] collected 5000/5000 rows -> results/model3_sib_cfs_primes_round2/tight/U0.5
[run] === tight/U0.6 (models/model3/generated_primes/tight/U0.6.yaml) ===
[run] competitor fixed on cpu2, target forced to cpu3 -- confirmed, competitor already running for this whole scale
[run] competitor re-confirmed actually executing for this cell
[run] running...
[run] co-runner (interferer) own jobs.csv row count at cell end: 44575
[run] collected 5000/5000 rows -> results/model3_sib_cfs_primes_round2/tight/U0.6
[run] === tight/U0.7 (models/model3/generated_primes/tight/U0.7.yaml) ===
[run] competitor fixed on cpu2, target forced to cpu3 -- confirmed, competitor already running for this whole scale
[run] competitor re-confirmed actually executing for this cell
[run] running...
[run] co-runner (interferer) own jobs.csv row count at cell end: 51638
[run] collected 5000/5000 rows -> results/model3_sib_cfs_primes_round2/tight/U0.7
[run] === tight/U0.8 (models/model3/generated_primes/tight/U0.8.yaml) ===
[run] competitor fixed on cpu2, target forced to cpu3 -- confirmed, competitor already running for this whole scale
[run] competitor re-confirmed actually executing for this cell
[run] running...
[run] co-runner (interferer) own jobs.csv row count at cell end: 63719
[run] collected 5000/5000 rows -> results/model3_sib_cfs_primes_round2/tight/U0.8
[run] === tight/U0.9 (models/model3/generated_primes/tight/U0.9.yaml) ===
[run] competitor fixed on cpu2, target forced to cpu3 -- confirmed, competitor already running for this whole scale
[run] competitor re-confirmed actually executing for this cell
[run] running...
[run] co-runner (interferer) own jobs.csv row count at cell end: 70995
[run] collected 5000/5000 rows -> results/model3_sib_cfs_primes_round2/tight/U0.9
[run] === tight/U0.94 (models/model3/generated_primes/tight/U0.94.yaml) ===
[run] competitor fixed on cpu2, target forced to cpu3 -- confirmed, competitor already running for this whole scale
[run] competitor re-confirmed actually executing for this cell
[run] running...
[run] co-runner (interferer) own jobs.csv row count at cell end: 78202
[run] collected 5000/5000 rows -> results/model3_sib_cfs_primes_round2/tight/U0.94

[run] done. all 20 cell(s) collected their expected row count.
[run] analyze with: python result.py model3_sib_cfs_primes_round2
