nohup: ignoring input
[run] model=model3-w3 ns=rq1-model3-w3 agent=rq1-agent-ql9pq cells=20 has_neighbours=0 has_competitor=1
[run] model3 arm: PAIR_TYPE=physical COMPETITOR_TYPE=unreserved
[run] soft: unreserved competitor fixed on cpu1 (avoiding KEEP_CPU=0), confirmed actually executing, running for the whole scale
[run] soft: target will be forced onto {2 3} for every cell (PAIR_TYPE=physical vs competitor cpu1)
[run] === soft/U0.1 (models/model3-w3/generated_ptrchase/soft/U0.1.yaml) ===
[run] competitor fixed on cpu1, target forced to cpu2 -- confirmed, competitor already running for this whole scale
[run] competitor re-confirmed actually executing for this cell
[run] running...
[run] co-runner (interferer) own jobs.csv row count at cell end: 5196
[run] collected 5000/5000 rows -> results/model3-w3_phys_cfs_ptrchase_round4/soft/U0.1
[run] === soft/U0.2 (models/model3-w3/generated_ptrchase/soft/U0.2.yaml) ===
[run] competitor fixed on cpu1, target forced to cpu3 -- confirmed, competitor already running for this whole scale
[run] competitor re-confirmed actually executing for this cell
[run] running...
[run] co-runner (interferer) own jobs.csv row count at cell end: 10545
[run] collected 5000/5000 rows -> results/model3-w3_phys_cfs_ptrchase_round4/soft/U0.2
[run] === soft/U0.3 (models/model3-w3/generated_ptrchase/soft/U0.3.yaml) ===
[run] competitor fixed on cpu1, target forced to cpu2 -- confirmed, competitor already running for this whole scale
[run] competitor re-confirmed actually executing for this cell
[run] running...
[run] co-runner (interferer) own jobs.csv row count at cell end: 15865
[run] collected 5000/5000 rows -> results/model3-w3_phys_cfs_ptrchase_round4/soft/U0.3
[run] === soft/U0.4 (models/model3-w3/generated_ptrchase/soft/U0.4.yaml) ===
[run] competitor fixed on cpu1, target forced to cpu2 -- confirmed, competitor already running for this whole scale
[run] competitor re-confirmed actually executing for this cell
[run] running...
[run] co-runner (interferer) own jobs.csv row count at cell end: 21174
[run] collected 5000/5000 rows -> results/model3-w3_phys_cfs_ptrchase_round4/soft/U0.4
[run] === soft/U0.5 (models/model3-w3/generated_ptrchase/soft/U0.5.yaml) ===
[run] competitor fixed on cpu1, target forced to cpu3 -- confirmed, competitor already running for this whole scale
[run] competitor re-confirmed actually executing for this cell
[run] running...
[run] co-runner (interferer) own jobs.csv row count at cell end: 26498
[run] collected 5000/5000 rows -> results/model3-w3_phys_cfs_ptrchase_round4/soft/U0.5
[run] === soft/U0.6 (models/model3-w3/generated_ptrchase/soft/U0.6.yaml) ===
[run] competitor fixed on cpu1, target forced to cpu3 -- confirmed, competitor already running for this whole scale
[run] competitor re-confirmed actually executing for this cell
[run] running...
[run] co-runner (interferer) own jobs.csv row count at cell end: 31822
[run] collected 5000/5000 rows -> results/model3-w3_phys_cfs_ptrchase_round4/soft/U0.6
[run] === soft/U0.7 (models/model3-w3/generated_ptrchase/soft/U0.7.yaml) ===
[run] competitor fixed on cpu1, target forced to cpu2 -- confirmed, competitor already running for this whole scale
[run] competitor re-confirmed actually executing for this cell
[run] running...
[run] co-runner (interferer) own jobs.csv row count at cell end: 37135
[run] collected 5000/5000 rows -> results/model3-w3_phys_cfs_ptrchase_round4/soft/U0.7
[run] === soft/U0.8 (models/model3-w3/generated_ptrchase/soft/U0.8.yaml) ===
[run] competitor fixed on cpu1, target forced to cpu2 -- confirmed, competitor already running for this whole scale
[run] competitor re-confirmed actually executing for this cell
[run] running...
[run] co-runner (interferer) own jobs.csv row count at cell end: 42449
[run] collected 5000/5000 rows -> results/model3-w3_phys_cfs_ptrchase_round4/soft/U0.8
[run] === soft/U0.9 (models/model3-w3/generated_ptrchase/soft/U0.9.yaml) ===
[run] competitor fixed on cpu1, target forced to cpu3 -- confirmed, competitor already running for this whole scale
[run] competitor re-confirmed actually executing for this cell
[run] running...
[run] co-runner (interferer) own jobs.csv row count at cell end: 47770
[run] collected 5000/5000 rows -> results/model3-w3_phys_cfs_ptrchase_round4/soft/U0.9
[run] === soft/U0.94 (models/model3-w3/generated_ptrchase/soft/U0.94.yaml) ===
[run] competitor fixed on cpu1, target forced to cpu2 -- confirmed, competitor already running for this whole scale
[run] competitor re-confirmed actually executing for this cell
[run] running...
[run] co-runner (interferer) own jobs.csv row count at cell end: 53051
[run] collected 5000/5000 rows -> results/model3-w3_phys_cfs_ptrchase_round4/soft/U0.94
[run] tight: unreserved competitor fixed on cpu1 (avoiding KEEP_CPU=0), confirmed actually executing, running for the whole scale
[run] tight: target will be forced onto {2 3} for every cell (PAIR_TYPE=physical vs competitor cpu1)
[run] === tight/U0.1 (models/model3-w3/generated_ptrchase/tight/U0.1.yaml) ===
[run] competitor fixed on cpu1, target forced to cpu3 -- confirmed, competitor already running for this whole scale
[run] competitor re-confirmed actually executing for this cell
[run] running...
[run] co-runner (interferer) own jobs.csv row count at cell end: 6187
[run] collected 5000/5000 rows -> results/model3-w3_phys_cfs_ptrchase_round4/tight/U0.1
[run] === tight/U0.2 (models/model3-w3/generated_ptrchase/tight/U0.2.yaml) ===
[run] competitor fixed on cpu1, target forced to cpu2 -- confirmed, competitor already running for this whole scale
[run] competitor re-confirmed actually executing for this cell
[run] running...
[run] co-runner (interferer) own jobs.csv row count at cell end: 13378
[run] collected 5000/5000 rows -> results/model3-w3_phys_cfs_ptrchase_round4/tight/U0.2
[run] === tight/U0.3 (models/model3-w3/generated_ptrchase/tight/U0.3.yaml) ===
[run] competitor fixed on cpu1, target forced to cpu2 -- confirmed, competitor already running for this whole scale
[run] competitor re-confirmed actually executing for this cell
[run] running...
[run] co-runner (interferer) own jobs.csv row count at cell end: 20365
[run] collected 5000/5000 rows -> results/model3-w3_phys_cfs_ptrchase_round4/tight/U0.3
[run] === tight/U0.4 (models/model3-w3/generated_ptrchase/tight/U0.4.yaml) ===
[run] competitor fixed on cpu1, target forced to cpu2 -- confirmed, competitor already running for this whole scale
[run] competitor re-confirmed actually executing for this cell
[run] running...
[run] co-runner (interferer) own jobs.csv row count at cell end: 27214
[run] collected 5000/5000 rows -> results/model3-w3_phys_cfs_ptrchase_round4/tight/U0.4
[run] === tight/U0.5 (models/model3-w3/generated_ptrchase/tight/U0.5.yaml) ===
[run] competitor fixed on cpu1, target forced to cpu2 -- confirmed, competitor already running for this whole scale
[run] competitor re-confirmed actually executing for this cell
[run] running...
[run] co-runner (interferer) own jobs.csv row count at cell end: 34201
[run] collected 5000/5000 rows -> results/model3-w3_phys_cfs_ptrchase_round4/tight/U0.5
[run] === tight/U0.6 (models/model3-w3/generated_ptrchase/tight/U0.6.yaml) ===
[run] competitor fixed on cpu1, target forced to cpu2 -- confirmed, competitor already running for this whole scale
[run] competitor re-confirmed actually executing for this cell
[run] running...
[run] co-runner (interferer) own jobs.csv row count at cell end: 41292
[run] collected 5000/5000 rows -> results/model3-w3_phys_cfs_ptrchase_round4/tight/U0.6
[run] === tight/U0.7 (models/model3-w3/generated_ptrchase/tight/U0.7.yaml) ===
[run] competitor fixed on cpu1, target forced to cpu2 -- confirmed, competitor already running for this whole scale
[run] competitor re-confirmed actually executing for this cell
[run] running...
[run] co-runner (interferer) own jobs.csv row count at cell end: 48417
[run] collected 5000/5000 rows -> results/model3-w3_phys_cfs_ptrchase_round4/tight/U0.7
[run] === tight/U0.8 (models/model3-w3/generated_ptrchase/tight/U0.8.yaml) ===
[run] competitor fixed on cpu1, target forced to cpu2 -- confirmed, competitor already running for this whole scale
[run] competitor re-confirmed actually executing for this cell
[run] running...
[run] co-runner (interferer) own jobs.csv row count at cell end: 55404
[run] collected 5000/5000 rows -> results/model3-w3_phys_cfs_ptrchase_round4/tight/U0.8
[run] === tight/U0.9 (models/model3-w3/generated_ptrchase/tight/U0.9.yaml) ===
[run] competitor fixed on cpu1, target forced to cpu2 -- confirmed, competitor already running for this whole scale
[run] competitor re-confirmed actually executing for this cell
[run] running...
[run] co-runner (interferer) own jobs.csv row count at cell end: 62322
[run] collected 5000/5000 rows -> results/model3-w3_phys_cfs_ptrchase_round4/tight/U0.9
[run] === tight/U0.94 (models/model3-w3/generated_ptrchase/tight/U0.94.yaml) ===
[run] competitor fixed on cpu1, target forced to cpu2 -- confirmed, competitor already running for this whole scale
[run] competitor re-confirmed actually executing for this cell
[run] running...
[run] co-runner (interferer) own jobs.csv row count at cell end: 69240
[run] collected 5000/5000 rows -> results/model3-w3_phys_cfs_ptrchase_round4/tight/U0.94

[run] done. all 20 cell(s) collected their expected row count.
[run] analyze with: python result.py model3-w3_phys_cfs_ptrchase_round4
