[run] model=model3 ns=rq1-model3 agent=rq1-agent-w89l5 cells=20 has_neighbours=0 has_competitor=1
[run] model3 arm: PAIR_TYPE=sibling COMPETITOR_TYPE=unreserved
[run] soft: unreserved competitor fixed on cpu2 (avoiding KEEP_CPU=0), confirmed actually executing, running for the whole scale
[run] soft: target will be forced onto {3} for every cell (PAIR_TYPE=sibling vs competitor cpu2)
[run] === soft/U0.1 (models/model3/generated/soft/U0.1.yaml) ===
[run] target on cpu1, wanted one of {3} (1/8); re-placing
[run] target on cpu0, wanted one of {3} (2/8); re-placing
[run] target on cpu1, wanted one of {3} (3/8); re-placing
[run] target on cpu0, wanted one of {3} (4/8); re-placing
[run] target on cpu1, wanted one of {3} (5/8); re-placing
[run] target on cpu1, wanted one of {3} (6/8); re-placing
[run] target on cpu2, wanted one of {3} (7/8); re-placing
[run] target on cpu0, wanted one of {3} (8/8); re-placing
[run] could not place target on any of {3} after 8 attempts; giving up on this cell
[run] FAILED soft/U0.1 after 4 attempt(s): could not place target on any of {3} after 8 attempts
[run] === soft/U0.2 (models/model3/generated/soft/U0.2.yaml) ===
[run] target on cpu2, wanted one of {3} (1/8); re-placing
[run] target on cpu0, wanted one of {3} (2/8); re-placing
[run] target on cpu0, wanted one of {3} (3/8); re-placing
[run] target on cpu2, wanted one of {3} (4/8); re-placing
[run] target on cpu0, wanted one of {3} (5/8); re-placing
[run] target on cpu2, wanted one of {3} (6/8); re-placing
[run] target on cpu0, wanted one of {3} (7/8); re-placing
[run] competitor fixed on cpu2, target forced to cpu3 -- confirmed, competitor already running for this whole scale
[run] competitor re-confirmed actually executing for this cell
[run] running...
[run] co-runner (interferer) own jobs.csv row count at cell end: 20627
[run] collected 5000/5000 rows -> results/model3_sib_cfs_round6/soft/U0.2
[run] === soft/U0.3 (models/model3/generated/soft/U0.3.yaml) ===
[run] target on cpu2, wanted one of {3} (1/8); re-placing
[run] target on cpu2, wanted one of {3} (2/8); re-placing
[run] target on cpu1, wanted one of {3} (3/8); re-placing
[run] target on cpu2, wanted one of {3} (4/8); re-placing
[run] target on cpu0, wanted one of {3} (5/8); re-placing
[run] target on cpu1, wanted one of {3} (6/8); re-placing
[run] target on cpu1, wanted one of {3} (7/8); re-placing
[run] target on cpu0, wanted one of {3} (8/8); re-placing
[run] could not place target on any of {3} after 8 attempts; giving up on this cell
[run] FAILED soft/U0.3 after 4 attempt(s): could not place target on any of {3} after 8 attempts
[run] === soft/U0.4 (models/model3/generated/soft/U0.4.yaml) ===
[run] target on cpu0, wanted one of {3} (1/8); re-placing
[run] target on cpu1, wanted one of {3} (2/8); re-placing
[run] target on cpu2, wanted one of {3} (3/8); re-placing
[run] target on cpu0, wanted one of {3} (4/8); re-placing
[run] target on cpu0, wanted one of {3} (5/8); re-placing
[run] competitor fixed on cpu2, target forced to cpu3 -- confirmed, competitor already running for this whole scale
[run] competitor re-confirmed actually executing for this cell
[run] running...
[run] co-runner (interferer) own jobs.csv row count at cell end: 39847
[run] collected 5000/5000 rows -> results/model3_sib_cfs_round6/soft/U0.4
[run] === soft/U0.5 (models/model3/generated/soft/U0.5.yaml) ===
[run] target on cpu0, wanted one of {3} (1/8); re-placing
[run] target on cpu0, wanted one of {3} (2/8); re-placing
[run] competitor fixed on cpu2, target forced to cpu3 -- confirmed, competitor already running for this whole scale
[run] competitor re-confirmed actually executing for this cell
[run] running...
[run] co-runner (interferer) own jobs.csv row count at cell end: 46961
[run] collected 5000/5000 rows -> results/model3_sib_cfs_round6/soft/U0.5
[run] === soft/U0.6 (models/model3/generated/soft/U0.6.yaml) ===
[run] target on cpu2, wanted one of {3} (1/8); re-placing
[run] target on cpu0, wanted one of {3} (2/8); re-placing
[run] target on cpu0, wanted one of {3} (3/8); re-placing
[run] target on cpu0, wanted one of {3} (4/8); re-placing
[run] target on cpu0, wanted one of {3} (5/8); re-placing
[run] target on cpu2, wanted one of {3} (6/8); re-placing
[run] target on cpu1, wanted one of {3} (7/8); re-placing
[run] target on cpu2, wanted one of {3} (8/8); re-placing
[run] could not place target on any of {3} after 8 attempts; giving up on this cell
[run] FAILED soft/U0.6 after 4 attempt(s): could not place target on any of {3} after 8 attempts
[run] === soft/U0.7 (models/model3/generated/soft/U0.7.yaml) ===
[run] target on cpu2, wanted one of {3} (1/8); re-placing
[run] target on cpu0, wanted one of {3} (2/8); re-placing
[run] target on cpu2, wanted one of {3} (3/8); re-placing
[run] competitor fixed on cpu2, target forced to cpu3 -- confirmed, competitor already running for this whole scale
[run] competitor re-confirmed actually executing for this cell
[run] running...
[run] co-runner (interferer) own jobs.csv row count at cell end: 60346
[run] collected 5000/5000 rows -> results/model3_sib_cfs_round6/soft/U0.7
[run] === soft/U0.8 (models/model3/generated/soft/U0.8.yaml) ===
[run] target on cpu1, wanted one of {3} (1/8); re-placing
[run] target on cpu2, wanted one of {3} (2/8); re-placing
[run] target on cpu2, wanted one of {3} (3/8); re-placing
[run] target on cpu0, wanted one of {3} (4/8); re-placing
[run] target on cpu1, wanted one of {3} (5/8); re-placing
[run] competitor fixed on cpu2, target forced to cpu3 -- confirmed, competitor already running for this whole scale
[run] competitor re-confirmed actually executing for this cell
[run] running...
[run] co-runner (interferer) own jobs.csv row count at cell end: 74497
[run] collected 5000/5000 rows -> results/model3_sib_cfs_round6/soft/U0.8
[run] === soft/U0.9 (models/model3/generated/soft/U0.9.yaml) ===
[run] target on cpu1, wanted one of {3} (1/8); re-placing
[run] target on cpu0, wanted one of {3} (2/8); re-placing
[run] target on cpu0, wanted one of {3} (3/8); re-placing
[run] target on cpu1, wanted one of {3} (4/8); re-placing
[run] target on cpu0, wanted one of {3} (5/8); re-placing
[run] competitor fixed on cpu2, target forced to cpu3 -- confirmed, competitor already running for this whole scale
[run] competitor re-confirmed actually executing for this cell
[run] running...
