nohup: ignoring input
[run] model=model3-w3 ns=rq1-model3-w3 agent=rq1-agent-zbbdw cells=20 has_neighbours=0 has_competitor=1
[run] model3 arm: PAIR_TYPE=physical COMPETITOR_TYPE=unreserved
[run] soft: unreserved competitor fixed on cpu1 (avoiding KEEP_CPU=0), running for the whole scale
[run] soft: target will be forced onto {2 3} for every cell (PAIR_TYPE=physical vs competitor cpu1)
[run] === soft/U0.1 (models/model3-w3/generated/soft/U0.1.yaml) ===
[run] target not Ready (attempt 1/8)
[run] target not Ready (attempt 2/8)
[run] target not Ready (attempt 3/8)
[run] target not Ready (attempt 4/8)
[run] target not Ready (attempt 5/8)
Error from server (NotFound): error when creating "models/model3-w3/generated/soft/U0.1.yaml": namespaces "rq1-model3-w3" not found
Error from server (NotFound): error when creating "models/model3-w3/generated/soft/U0.1.yaml": namespaces "rq1-model3-w3" not found
Error from server (NotFound): error when creating "models/model3-w3/generated/soft/U0.1.yaml": namespaces "rq1-model3-w3" not found
[run] target not Ready (attempt 6/8)
Error from server (NotFound): error when creating "models/model3-w3/generated/soft/U0.1.yaml": namespaces "rq1-model3-w3" not found
Error from server (NotFound): error when creating "models/model3-w3/generated/soft/U0.1.yaml": namespaces "rq1-model3-w3" not found
Error from server (NotFound): error when creating "models/model3-w3/generated/soft/U0.1.yaml": namespaces "rq1-model3-w3" not found
[run] target not Ready (attempt 7/8)
Error from server (NotFound): error when creating "models/model3-w3/generated/soft/U0.1.yaml": namespaces "rq1-model3-w3" not found
Error from server (NotFound): error when creating "models/model3-w3/generated/soft/U0.1.yaml": namespaces "rq1-model3-w3" not found
Error from server (NotFound): error when creating "models/model3-w3/generated/soft/U0.1.yaml": namespaces "rq1-model3-w3" not found
[run] target not Ready (attempt 8/8)
[run] could not place target on any of {2 3} after 8 attempts; giving up on this cell
[run] FAILED soft/U0.1 after 4 attempt(s): could not place target on any of {2 3} after 8 attempts
[run] === soft/U0.2 (models/model3-w3/generated/soft/U0.2.yaml) ===
Error from server (NotFound): error when creating "models/model3-w3/generated/soft/U0.2.yaml": namespaces "rq1-model3-w3" not found
Error from server (NotFound): error when creating "models/model3-w3/generated/soft/U0.2.yaml": namespaces "rq1-model3-w3" not found
Error from server (NotFound): error when creating "models/model3-w3/generated/soft/U0.2.yaml": namespaces "rq1-model3-w3" not found
[run] target not Ready (attempt 1/8)
Error from server (NotFound): error when creating "models/model3-w3/generated/soft/U0.2.yaml": namespaces "rq1-model3-w3" not found
Error from server (NotFound): error when creating "models/model3-w3/generated/soft/U0.2.yaml": namespaces "rq1-model3-w3" not found
Error from server (NotFound): error when creating "models/model3-w3/generated/soft/U0.2.yaml": namespaces "rq1-model3-w3" not found
[run] target not Ready (attempt 2/8)
Error from server (NotFound): error when creating "models/model3-w3/generated/soft/U0.2.yaml": namespaces "rq1-model3-w3" not found
Error from server (NotFound): error when creating "models/model3-w3/generated/soft/U0.2.yaml": namespaces "rq1-model3-w3" not found
Error from server (NotFound): error when creating "models/model3-w3/generated/soft/U0.2.yaml": namespaces "rq1-model3-w3" not found
[run] target not Ready (attempt 3/8)
Error from server (NotFound): error when creating "models/model3-w3/generated/soft/U0.2.yaml": namespaces "rq1-model3-w3" not found
Error from server (NotFound): error when creating "models/model3-w3/generated/soft/U0.2.yaml": namespaces "rq1-model3-w3" not found
Error from server (NotFound): error when creating "models/model3-w3/generated/soft/U0.2.yaml": namespaces "rq1-model3-w3" not found
[run] target not Ready (attempt 4/8)
Error from server (NotFound): error when creating "models/model3-w3/generated/soft/U0.2.yaml": namespaces "rq1-model3-w3" not found
Error from server (NotFound): error when creating "models/model3-w3/generated/soft/U0.2.yaml": namespaces "rq1-model3-w3" not found
Error from server (NotFound): error when creating "models/model3-w3/generated/soft/U0.2.yaml": namespaces "rq1-model3-w3" not found
[run] target not Ready (attempt 5/8)
Error from server (NotFound): error when creating "models/model3-w3/generated/soft/U0.2.yaml": namespaces "rq1-model3-w3" not found
Error from server (NotFound): error when creating "models/model3-w3/generated/soft/U0.2.yaml": namespaces "rq1-model3-w3" not found
Error from server (NotFound): error when creating "models/model3-w3/generated/soft/U0.2.yaml": namespaces "rq1-model3-w3" not found
[run] target not Ready (attempt 6/8)
Error from server (NotFound): error when creating "models/model3-w3/generated/soft/U0.2.yaml": namespaces "rq1-model3-w3" not found
Error from server (NotFound): error when creating "models/model3-w3/generated/soft/U0.2.yaml": namespaces "rq1-model3-w3" not found
Error from server (NotFound): error when creating "models/model3-w3/generated/soft/U0.2.yaml": namespaces "rq1-model3-w3" not found
[run] target not Ready (attempt 7/8)
Error from server (NotFound): error when creating "models/model3-w3/generated/soft/U0.2.yaml": namespaces "rq1-model3-w3" not found
Error from server (NotFound): error when creating "models/model3-w3/generated/soft/U0.2.yaml": namespaces "rq1-model3-w3" not found
Error from server (NotFound): error when creating "models/model3-w3/generated/soft/U0.2.yaml": namespaces "rq1-model3-w3" not found
[run] target not Ready (attempt 8/8)
[run] could not place target on any of {2 3} after 8 attempts; giving up on this cell
[run] FAILED soft/U0.2 after 4 attempt(s): could not place target on any of {2 3} after 8 attempts
[run] === soft/U0.3 (models/model3-w3/generated/soft/U0.3.yaml) ===
Error from server (NotFound): error when creating "models/model3-w3/generated/soft/U0.3.yaml": namespaces "rq1-model3-w3" not found
Error from server (NotFound): error when creating "models/model3-w3/generated/soft/U0.3.yaml": namespaces "rq1-model3-w3" not found
Error from server (NotFound): error when creating "models/model3-w3/generated/soft/U0.3.yaml": namespaces "rq1-model3-w3" not found
[run] target not Ready (attempt 1/8)
Error from server (NotFound): error when creating "models/model3-w3/generated/soft/U0.3.yaml": namespaces "rq1-model3-w3" not found
Error from server (NotFound): error when creating "models/model3-w3/generated/soft/U0.3.yaml": namespaces "rq1-model3-w3" not found
Error from server (NotFound): error when creating "models/model3-w3/generated/soft/U0.3.yaml": namespaces "rq1-model3-w3" not found
[run] target not Ready (attempt 2/8)
Error from server (NotFound): error when creating "models/model3-w3/generated/soft/U0.3.yaml": namespaces "rq1-model3-w3" not found
Error from server (NotFound): error when creating "models/model3-w3/generated/soft/U0.3.yaml": namespaces "rq1-model3-w3" not found
Error from server (NotFound): error when creating "models/model3-w3/generated/soft/U0.3.yaml": namespaces "rq1-model3-w3" not found
[run] target not Ready (attempt 3/8)
Error from server (NotFound): error when creating "models/model3-w3/generated/soft/U0.3.yaml": namespaces "rq1-model3-w3" not found
Error from server (NotFound): error when creating "models/model3-w3/generated/soft/U0.3.yaml": namespaces "rq1-model3-w3" not found
Error from server (NotFound): error when creating "models/model3-w3/generated/soft/U0.3.yaml": namespaces "rq1-model3-w3" not found
[run] target not Ready (attempt 4/8)
Error from server (NotFound): error when creating "models/model3-w3/generated/soft/U0.3.yaml": namespaces "rq1-model3-w3" not found
Error from server (NotFound): error when creating "models/model3-w3/generated/soft/U0.3.yaml": namespaces "rq1-model3-w3" not found
Error from server (NotFound): error when creating "models/model3-w3/generated/soft/U0.3.yaml": namespaces "rq1-model3-w3" not found
[run] target not Ready (attempt 5/8)
Error from server (NotFound): error when creating "models/model3-w3/generated/soft/U0.3.yaml": namespaces "rq1-model3-w3" not found
Error from server (NotFound): error when creating "models/model3-w3/generated/soft/U0.3.yaml": namespaces "rq1-model3-w3" not found
Error from server (NotFound): error when creating "models/model3-w3/generated/soft/U0.3.yaml": namespaces "rq1-model3-w3" not found
[run] target not Ready (attempt 6/8)
Error from server (NotFound): error when creating "models/model3-w3/generated/soft/U0.3.yaml": namespaces "rq1-model3-w3" not found
Error from server (NotFound): error when creating "models/model3-w3/generated/soft/U0.3.yaml": namespaces "rq1-model3-w3" not found
Error from server (NotFound): error when creating "models/model3-w3/generated/soft/U0.3.yaml": namespaces "rq1-model3-w3" not found
[run] target not Ready (attempt 7/8)
Error from server (NotFound): error when creating "models/model3-w3/generated/soft/U0.3.yaml": namespaces "rq1-model3-w3" not found
Error from server (NotFound): error when creating "models/model3-w3/generated/soft/U0.3.yaml": namespaces "rq1-model3-w3" not found
Error from server (NotFound): error when creating "models/model3-w3/generated/soft/U0.3.yaml": namespaces "rq1-model3-w3" not found
[run] target not Ready (attempt 8/8)
[run] could not place target on any of {2 3} after 8 attempts; giving up on this cell
[run] FAILED soft/U0.3 after 4 attempt(s): could not place target on any of {2 3} after 8 attempts
[run] === soft/U0.4 (models/model3-w3/generated/soft/U0.4.yaml) ===
Error from server (NotFound): error when creating "models/model3-w3/generated/soft/U0.4.yaml": namespaces "rq1-model3-w3" not found
Error from server (NotFound): error when creating "models/model3-w3/generated/soft/U0.4.yaml": namespaces "rq1-model3-w3" not found
Error from server (NotFound): error when creating "models/model3-w3/generated/soft/U0.4.yaml": namespaces "rq1-model3-w3" not found
[run] target not Ready (attempt 1/8)
Error from server (NotFound): error when creating "models/model3-w3/generated/soft/U0.4.yaml": namespaces "rq1-model3-w3" not found
Error from server (NotFound): error when creating "models/model3-w3/generated/soft/U0.4.yaml": namespaces "rq1-model3-w3" not found
Error from server (NotFound): error when creating "models/model3-w3/generated/soft/U0.4.yaml": namespaces "rq1-model3-w3" not found
[run] target not Ready (attempt 2/8)
Error from server (NotFound): error when creating "models/model3-w3/generated/soft/U0.4.yaml": namespaces "rq1-model3-w3" not found
Error from server (NotFound): error when creating "models/model3-w3/generated/soft/U0.4.yaml": namespaces "rq1-model3-w3" not found
Error from server (NotFound): error when creating "models/model3-w3/generated/soft/U0.4.yaml": namespaces "rq1-model3-w3" not found
[run] target not Ready (attempt 3/8)
Error from server (NotFound): error when creating "models/model3-w3/generated/soft/U0.4.yaml": namespaces "rq1-model3-w3" not found
Error from server (NotFound): error when creating "models/model3-w3/generated/soft/U0.4.yaml": namespaces "rq1-model3-w3" not found
Error from server (NotFound): error when creating "models/model3-w3/generated/soft/U0.4.yaml": namespaces "rq1-model3-w3" not found
[run] target not Ready (attempt 4/8)
Error from server (NotFound): error when creating "models/model3-w3/generated/soft/U0.4.yaml": namespaces "rq1-model3-w3" not found
Error from server (NotFound): error when creating "models/model3-w3/generated/soft/U0.4.yaml": namespaces "rq1-model3-w3" not found
Error from server (NotFound): error when creating "models/model3-w3/generated/soft/U0.4.yaml": namespaces "rq1-model3-w3" not found
[run] target not Ready (attempt 5/8)
Error from server (NotFound): error when creating "models/model3-w3/generated/soft/U0.4.yaml": namespaces "rq1-model3-w3" not found
Error from server (NotFound): error when creating "models/model3-w3/generated/soft/U0.4.yaml": namespaces "rq1-model3-w3" not found
Error from server (NotFound): error when creating "models/model3-w3/generated/soft/U0.4.yaml": namespaces "rq1-model3-w3" not found
[run] target not Ready (attempt 6/8)
Error from server (NotFound): error when creating "models/model3-w3/generated/soft/U0.4.yaml": namespaces "rq1-model3-w3" not found
Error from server (NotFound): error when creating "models/model3-w3/generated/soft/U0.4.yaml": namespaces "rq1-model3-w3" not found
Error from server (NotFound): error when creating "models/model3-w3/generated/soft/U0.4.yaml": namespaces "rq1-model3-w3" not found
[run] target not Ready (attempt 7/8)
Error from server (NotFound): error when creating "models/model3-w3/generated/soft/U0.4.yaml": namespaces "rq1-model3-w3" not found
Error from server (NotFound): error when creating "models/model3-w3/generated/soft/U0.4.yaml": namespaces "rq1-model3-w3" not found
Error from server (NotFound): error when creating "models/model3-w3/generated/soft/U0.4.yaml": namespaces "rq1-model3-w3" not found
[run] target not Ready (attempt 8/8)
[run] could not place target on any of {2 3} after 8 attempts; giving up on this cell
[run] FAILED soft/U0.4 after 4 attempt(s): could not place target on any of {2 3} after 8 attempts
[run] === soft/U0.5 (models/model3-w3/generated/soft/U0.5.yaml) ===
Error from server (NotFound): error when creating "models/model3-w3/generated/soft/U0.5.yaml": namespaces "rq1-model3-w3" not found
Error from server (NotFound): error when creating "models/model3-w3/generated/soft/U0.5.yaml": namespaces "rq1-model3-w3" not found
Error from server (NotFound): error when creating "models/model3-w3/generated/soft/U0.5.yaml": namespaces "rq1-model3-w3" not found
[run] target not Ready (attempt 1/8)
Error from server (NotFound): error when creating "models/model3-w3/generated/soft/U0.5.yaml": namespaces "rq1-model3-w3" not found
Error from server (NotFound): error when creating "models/model3-w3/generated/soft/U0.5.yaml": namespaces "rq1-model3-w3" not found
Error from server (NotFound): error when creating "models/model3-w3/generated/soft/U0.5.yaml": namespaces "rq1-model3-w3" not found
[run] target not Ready (attempt 2/8)
Error from server (NotFound): error when creating "models/model3-w3/generated/soft/U0.5.yaml": namespaces "rq1-model3-w3" not found
Error from server (NotFound): error when creating "models/model3-w3/generated/soft/U0.5.yaml": namespaces "rq1-model3-w3" not found
Error from server (NotFound): error when creating "models/model3-w3/generated/soft/U0.5.yaml": namespaces "rq1-model3-w3" not found
[run] target not Ready (attempt 3/8)
Error from server (NotFound): error when creating "models/model3-w3/generated/soft/U0.5.yaml": namespaces "rq1-model3-w3" not found
Error from server (NotFound): error when creating "models/model3-w3/generated/soft/U0.5.yaml": namespaces "rq1-model3-w3" not found
Error from server (NotFound): error when creating "models/model3-w3/generated/soft/U0.5.yaml": namespaces "rq1-model3-w3" not found
[run] target not Ready (attempt 4/8)
Error from server (NotFound): error when creating "models/model3-w3/generated/soft/U0.5.yaml": namespaces "rq1-model3-w3" not found
Error from server (NotFound): error when creating "models/model3-w3/generated/soft/U0.5.yaml": namespaces "rq1-model3-w3" not found
Error from server (NotFound): error when creating "models/model3-w3/generated/soft/U0.5.yaml": namespaces "rq1-model3-w3" not found
[run] target not Ready (attempt 5/8)
Error from server (NotFound): error when creating "models/model3-w3/generated/soft/U0.5.yaml": namespaces "rq1-model3-w3" not found
Error from server (NotFound): error when creating "models/model3-w3/generated/soft/U0.5.yaml": namespaces "rq1-model3-w3" not found
Error from server (NotFound): error when creating "models/model3-w3/generated/soft/U0.5.yaml": namespaces "rq1-model3-w3" not found
[run] target not Ready (attempt 6/8)
Error from server (NotFound): error when creating "models/model3-w3/generated/soft/U0.5.yaml": namespaces "rq1-model3-w3" not found
Error from server (NotFound): error when creating "models/model3-w3/generated/soft/U0.5.yaml": namespaces "rq1-model3-w3" not found
Error from server (NotFound): error when creating "models/model3-w3/generated/soft/U0.5.yaml": namespaces "rq1-model3-w3" not found
[run] target not Ready (attempt 7/8)
Error from server (NotFound): error when creating "models/model3-w3/generated/soft/U0.5.yaml": namespaces "rq1-model3-w3" not found
Error from server (NotFound): error when creating "models/model3-w3/generated/soft/U0.5.yaml": namespaces "rq1-model3-w3" not found
Error from server (NotFound): error when creating "models/model3-w3/generated/soft/U0.5.yaml": namespaces "rq1-model3-w3" not found
[run] target not Ready (attempt 8/8)
[run] could not place target on any of {2 3} after 8 attempts; giving up on this cell
[run] FAILED soft/U0.5 after 4 attempt(s): could not place target on any of {2 3} after 8 attempts
[run] === soft/U0.6 (models/model3-w3/generated/soft/U0.6.yaml) ===
Error from server (NotFound): error when creating "models/model3-w3/generated/soft/U0.6.yaml": namespaces "rq1-model3-w3" not found
Error from server (NotFound): error when creating "models/model3-w3/generated/soft/U0.6.yaml": namespaces "rq1-model3-w3" not found
Error from server (NotFound): error when creating "models/model3-w3/generated/soft/U0.6.yaml": namespaces "rq1-model3-w3" not found
[run] target not Ready (attempt 1/8)
Error from server (NotFound): error when creating "models/model3-w3/generated/soft/U0.6.yaml": namespaces "rq1-model3-w3" not found
Error from server (NotFound): error when creating "models/model3-w3/generated/soft/U0.6.yaml": namespaces "rq1-model3-w3" not found
Error from server (NotFound): error when creating "models/model3-w3/generated/soft/U0.6.yaml": namespaces "rq1-model3-w3" not found
[run] target not Ready (attempt 2/8)
Error from server (NotFound): error when creating "models/model3-w3/generated/soft/U0.6.yaml": namespaces "rq1-model3-w3" not found
Error from server (NotFound): error when creating "models/model3-w3/generated/soft/U0.6.yaml": namespaces "rq1-model3-w3" not found
Error from server (NotFound): error when creating "models/model3-w3/generated/soft/U0.6.yaml": namespaces "rq1-model3-w3" not found
[run] target not Ready (attempt 3/8)
Error from server (NotFound): error when creating "models/model3-w3/generated/soft/U0.6.yaml": namespaces "rq1-model3-w3" not found
Error from server (NotFound): error when creating "models/model3-w3/generated/soft/U0.6.yaml": namespaces "rq1-model3-w3" not found
Error from server (NotFound): error when creating "models/model3-w3/generated/soft/U0.6.yaml": namespaces "rq1-model3-w3" not found
[run] target not Ready (attempt 4/8)
Error from server (NotFound): error when creating "models/model3-w3/generated/soft/U0.6.yaml": namespaces "rq1-model3-w3" not found
Error from server (NotFound): error when creating "models/model3-w3/generated/soft/U0.6.yaml": namespaces "rq1-model3-w3" not found
Error from server (NotFound): error when creating "models/model3-w3/generated/soft/U0.6.yaml": namespaces "rq1-model3-w3" not found
[run] target not Ready (attempt 5/8)
Error from server (NotFound): error when creating "models/model3-w3/generated/soft/U0.6.yaml": namespaces "rq1-model3-w3" not found
Error from server (NotFound): error when creating "models/model3-w3/generated/soft/U0.6.yaml": namespaces "rq1-model3-w3" not found
Error from server (NotFound): error when creating "models/model3-w3/generated/soft/U0.6.yaml": namespaces "rq1-model3-w3" not found
[run] target not Ready (attempt 6/8)
Error from server (NotFound): error when creating "models/model3-w3/generated/soft/U0.6.yaml": namespaces "rq1-model3-w3" not found
Error from server (NotFound): error when creating "models/model3-w3/generated/soft/U0.6.yaml": namespaces "rq1-model3-w3" not found
Error from server (NotFound): error when creating "models/model3-w3/generated/soft/U0.6.yaml": namespaces "rq1-model3-w3" not found
[run] target not Ready (attempt 7/8)
Error from server (NotFound): error when creating "models/model3-w3/generated/soft/U0.6.yaml": namespaces "rq1-model3-w3" not found
Error from server (NotFound): error when creating "models/model3-w3/generated/soft/U0.6.yaml": namespaces "rq1-model3-w3" not found
Error from server (NotFound): error when creating "models/model3-w3/generated/soft/U0.6.yaml": namespaces "rq1-model3-w3" not found
[run] target not Ready (attempt 8/8)
[run] could not place target on any of {2 3} after 8 attempts; giving up on this cell
[run] FAILED soft/U0.6 after 4 attempt(s): could not place target on any of {2 3} after 8 attempts
[run] === soft/U0.7 (models/model3-w3/generated/soft/U0.7.yaml) ===
Error from server (NotFound): error when creating "models/model3-w3/generated/soft/U0.7.yaml": namespaces "rq1-model3-w3" not found
Error from server (NotFound): error when creating "models/model3-w3/generated/soft/U0.7.yaml": namespaces "rq1-model3-w3" not found
Error from server (NotFound): error when creating "models/model3-w3/generated/soft/U0.7.yaml": namespaces "rq1-model3-w3" not found
[run] target not Ready (attempt 1/8)
Error from server (NotFound): error when creating "models/model3-w3/generated/soft/U0.7.yaml": namespaces "rq1-model3-w3" not found
Error from server (NotFound): error when creating "models/model3-w3/generated/soft/U0.7.yaml": namespaces "rq1-model3-w3" not found
Error from server (NotFound): error when creating "models/model3-w3/generated/soft/U0.7.yaml": namespaces "rq1-model3-w3" not found
[run] target not Ready (attempt 2/8)
Error from server (NotFound): error when creating "models/model3-w3/generated/soft/U0.7.yaml": namespaces "rq1-model3-w3" not found
Error from server (NotFound): error when creating "models/model3-w3/generated/soft/U0.7.yaml": namespaces "rq1-model3-w3" not found
Error from server (NotFound): error when creating "models/model3-w3/generated/soft/U0.7.yaml": namespaces "rq1-model3-w3" not found
[run] target not Ready (attempt 3/8)
Error from server (NotFound): error when creating "models/model3-w3/generated/soft/U0.7.yaml": namespaces "rq1-model3-w3" not found
Error from server (NotFound): error when creating "models/model3-w3/generated/soft/U0.7.yaml": namespaces "rq1-model3-w3" not found
Error from server (NotFound): error when creating "models/model3-w3/generated/soft/U0.7.yaml": namespaces "rq1-model3-w3" not found
[run] target not Ready (attempt 4/8)
Error from server (NotFound): error when creating "models/model3-w3/generated/soft/U0.7.yaml": namespaces "rq1-model3-w3" not found
Error from server (NotFound): error when creating "models/model3-w3/generated/soft/U0.7.yaml": namespaces "rq1-model3-w3" not found
Error from server (NotFound): error when creating "models/model3-w3/generated/soft/U0.7.yaml": namespaces "rq1-model3-w3" not found
[run] target not Ready (attempt 5/8)
Error from server (NotFound): error when creating "models/model3-w3/generated/soft/U0.7.yaml": namespaces "rq1-model3-w3" not found
Error from server (NotFound): error when creating "models/model3-w3/generated/soft/U0.7.yaml": namespaces "rq1-model3-w3" not found
Error from server (NotFound): error when creating "models/model3-w3/generated/soft/U0.7.yaml": namespaces "rq1-model3-w3" not found
[run] target not Ready (attempt 6/8)
Error from server (NotFound): error when creating "models/model3-w3/generated/soft/U0.7.yaml": namespaces "rq1-model3-w3" not found
Error from server (NotFound): error when creating "models/model3-w3/generated/soft/U0.7.yaml": namespaces "rq1-model3-w3" not found
Error from server (NotFound): error when creating "models/model3-w3/generated/soft/U0.7.yaml": namespaces "rq1-model3-w3" not found
[run] target not Ready (attempt 7/8)
Error from server (NotFound): error when creating "models/model3-w3/generated/soft/U0.7.yaml": namespaces "rq1-model3-w3" not found
Error from server (NotFound): error when creating "models/model3-w3/generated/soft/U0.7.yaml": namespaces "rq1-model3-w3" not found
Error from server (NotFound): error when creating "models/model3-w3/generated/soft/U0.7.yaml": namespaces "rq1-model3-w3" not found
[run] target not Ready (attempt 8/8)
[run] could not place target on any of {2 3} after 8 attempts; giving up on this cell
[run] FAILED soft/U0.7 after 4 attempt(s): could not place target on any of {2 3} after 8 attempts
[run] === soft/U0.8 (models/model3-w3/generated/soft/U0.8.yaml) ===
Error from server (NotFound): error when creating "models/model3-w3/generated/soft/U0.8.yaml": namespaces "rq1-model3-w3" not found
Error from server (NotFound): error when creating "models/model3-w3/generated/soft/U0.8.yaml": namespaces "rq1-model3-w3" not found
Error from server (NotFound): error when creating "models/model3-w3/generated/soft/U0.8.yaml": namespaces "rq1-model3-w3" not found
[run] target not Ready (attempt 1/8)
Error from server (NotFound): error when creating "models/model3-w3/generated/soft/U0.8.yaml": namespaces "rq1-model3-w3" not found
Error from server (NotFound): error when creating "models/model3-w3/generated/soft/U0.8.yaml": namespaces "rq1-model3-w3" not found
Error from server (NotFound): error when creating "models/model3-w3/generated/soft/U0.8.yaml": namespaces "rq1-model3-w3" not found
[run] target not Ready (attempt 2/8)
Error from server (NotFound): error when creating "models/model3-w3/generated/soft/U0.8.yaml": namespaces "rq1-model3-w3" not found
Error from server (NotFound): error when creating "models/model3-w3/generated/soft/U0.8.yaml": namespaces "rq1-model3-w3" not found
Error from server (NotFound): error when creating "models/model3-w3/generated/soft/U0.8.yaml": namespaces "rq1-model3-w3" not found
[run] target not Ready (attempt 3/8)
Error from server (NotFound): error when creating "models/model3-w3/generated/soft/U0.8.yaml": namespaces "rq1-model3-w3" not found
Error from server (NotFound): error when creating "models/model3-w3/generated/soft/U0.8.yaml": namespaces "rq1-model3-w3" not found
Error from server (NotFound): error when creating "models/model3-w3/generated/soft/U0.8.yaml": namespaces "rq1-model3-w3" not found
[run] target not Ready (attempt 4/8)
Error from server (NotFound): error when creating "models/model3-w3/generated/soft/U0.8.yaml": namespaces "rq1-model3-w3" not found
Error from server (NotFound): error when creating "models/model3-w3/generated/soft/U0.8.yaml": namespaces "rq1-model3-w3" not found
Error from server (NotFound): error when creating "models/model3-w3/generated/soft/U0.8.yaml": namespaces "rq1-model3-w3" not found
[run] target not Ready (attempt 5/8)
Error from server (NotFound): error when creating "models/model3-w3/generated/soft/U0.8.yaml": namespaces "rq1-model3-w3" not found
Error from server (NotFound): error when creating "models/model3-w3/generated/soft/U0.8.yaml": namespaces "rq1-model3-w3" not found
Error from server (NotFound): error when creating "models/model3-w3/generated/soft/U0.8.yaml": namespaces "rq1-model3-w3" not found
[run] target not Ready (attempt 6/8)
Error from server (NotFound): error when creating "models/model3-w3/generated/soft/U0.8.yaml": namespaces "rq1-model3-w3" not found
Error from server (NotFound): error when creating "models/model3-w3/generated/soft/U0.8.yaml": namespaces "rq1-model3-w3" not found
Error from server (NotFound): error when creating "models/model3-w3/generated/soft/U0.8.yaml": namespaces "rq1-model3-w3" not found
[run] target not Ready (attempt 7/8)
Error from server (NotFound): error when creating "models/model3-w3/generated/soft/U0.8.yaml": namespaces "rq1-model3-w3" not found
Error from server (NotFound): error when creating "models/model3-w3/generated/soft/U0.8.yaml": namespaces "rq1-model3-w3" not found
Error from server (NotFound): error when creating "models/model3-w3/generated/soft/U0.8.yaml": namespaces "rq1-model3-w3" not found
[run] target not Ready (attempt 8/8)
[run] could not place target on any of {2 3} after 8 attempts; giving up on this cell
[run] FAILED soft/U0.8 after 4 attempt(s): could not place target on any of {2 3} after 8 attempts
[run] === soft/U0.9 (models/model3-w3/generated/soft/U0.9.yaml) ===
Error from server (NotFound): error when creating "models/model3-w3/generated/soft/U0.9.yaml": namespaces "rq1-model3-w3" not found
Error from server (NotFound): error when creating "models/model3-w3/generated/soft/U0.9.yaml": namespaces "rq1-model3-w3" not found
Error from server (NotFound): error when creating "models/model3-w3/generated/soft/U0.9.yaml": namespaces "rq1-model3-w3" not found
[run] target not Ready (attempt 1/8)
Error from server (NotFound): error when creating "models/model3-w3/generated/soft/U0.9.yaml": namespaces "rq1-model3-w3" not found
Error from server (NotFound): error when creating "models/model3-w3/generated/soft/U0.9.yaml": namespaces "rq1-model3-w3" not found
Error from server (NotFound): error when creating "models/model3-w3/generated/soft/U0.9.yaml": namespaces "rq1-model3-w3" not found
[run] target not Ready (attempt 2/8)
Error from server (NotFound): error when creating "models/model3-w3/generated/soft/U0.9.yaml": namespaces "rq1-model3-w3" not found
Error from server (NotFound): error when creating "models/model3-w3/generated/soft/U0.9.yaml": namespaces "rq1-model3-w3" not found
Error from server (NotFound): error when creating "models/model3-w3/generated/soft/U0.9.yaml": namespaces "rq1-model3-w3" not found
[run] target not Ready (attempt 3/8)
Error from server (NotFound): error when creating "models/model3-w3/generated/soft/U0.9.yaml": namespaces "rq1-model3-w3" not found
Error from server (NotFound): error when creating "models/model3-w3/generated/soft/U0.9.yaml": namespaces "rq1-model3-w3" not found
Error from server (NotFound): error when creating "models/model3-w3/generated/soft/U0.9.yaml": namespaces "rq1-model3-w3" not found
[run] target not Ready (attempt 4/8)
Error from server (NotFound): error when creating "models/model3-w3/generated/soft/U0.9.yaml": namespaces "rq1-model3-w3" not found
Error from server (NotFound): error when creating "models/model3-w3/generated/soft/U0.9.yaml": namespaces "rq1-model3-w3" not found
Error from server (NotFound): error when creating "models/model3-w3/generated/soft/U0.9.yaml": namespaces "rq1-model3-w3" not found
[run] target not Ready (attempt 5/8)
Error from server (NotFound): error when creating "models/model3-w3/generated/soft/U0.9.yaml": namespaces "rq1-model3-w3" not found
Error from server (NotFound): error when creating "models/model3-w3/generated/soft/U0.9.yaml": namespaces "rq1-model3-w3" not found
Error from server (NotFound): error when creating "models/model3-w3/generated/soft/U0.9.yaml": namespaces "rq1-model3-w3" not found
[run] target not Ready (attempt 6/8)
Error from server (NotFound): error when creating "models/model3-w3/generated/soft/U0.9.yaml": namespaces "rq1-model3-w3" not found
Error from server (NotFound): error when creating "models/model3-w3/generated/soft/U0.9.yaml": namespaces "rq1-model3-w3" not found
Error from server (NotFound): error when creating "models/model3-w3/generated/soft/U0.9.yaml": namespaces "rq1-model3-w3" not found
[run] target not Ready (attempt 7/8)
Error from server (NotFound): error when creating "models/model3-w3/generated/soft/U0.9.yaml": namespaces "rq1-model3-w3" not found
Error from server (NotFound): error when creating "models/model3-w3/generated/soft/U0.9.yaml": namespaces "rq1-model3-w3" not found
Error from server (NotFound): error when creating "models/model3-w3/generated/soft/U0.9.yaml": namespaces "rq1-model3-w3" not found
[run] target not Ready (attempt 8/8)
[run] could not place target on any of {2 3} after 8 attempts; giving up on this cell
[run] FAILED soft/U0.9 after 4 attempt(s): could not place target on any of {2 3} after 8 attempts
[run] === soft/U0.94 (models/model3-w3/generated/soft/U0.94.yaml) ===
Error from server (NotFound): error when creating "models/model3-w3/generated/soft/U0.94.yaml": namespaces "rq1-model3-w3" not found
Error from server (NotFound): error when creating "models/model3-w3/generated/soft/U0.94.yaml": namespaces "rq1-model3-w3" not found
Error from server (NotFound): error when creating "models/model3-w3/generated/soft/U0.94.yaml": namespaces "rq1-model3-w3" not found
[run] target not Ready (attempt 1/8)
Error from server (NotFound): error when creating "models/model3-w3/generated/soft/U0.94.yaml": namespaces "rq1-model3-w3" not found
Error from server (NotFound): error when creating "models/model3-w3/generated/soft/U0.94.yaml": namespaces "rq1-model3-w3" not found
Error from server (NotFound): error when creating "models/model3-w3/generated/soft/U0.94.yaml": namespaces "rq1-model3-w3" not found
[run] target not Ready (attempt 2/8)
Error from server (NotFound): error when creating "models/model3-w3/generated/soft/U0.94.yaml": namespaces "rq1-model3-w3" not found
Error from server (NotFound): error when creating "models/model3-w3/generated/soft/U0.94.yaml": namespaces "rq1-model3-w3" not found
Error from server (NotFound): error when creating "models/model3-w3/generated/soft/U0.94.yaml": namespaces "rq1-model3-w3" not found
[run] target not Ready (attempt 3/8)
Error from server (NotFound): error when creating "models/model3-w3/generated/soft/U0.94.yaml": namespaces "rq1-model3-w3" not found
Error from server (NotFound): error when creating "models/model3-w3/generated/soft/U0.94.yaml": namespaces "rq1-model3-w3" not found
Error from server (NotFound): error when creating "models/model3-w3/generated/soft/U0.94.yaml": namespaces "rq1-model3-w3" not found
[run] target not Ready (attempt 4/8)
Error from server (NotFound): error when creating "models/model3-w3/generated/soft/U0.94.yaml": namespaces "rq1-model3-w3" not found
Error from server (NotFound): error when creating "models/model3-w3/generated/soft/U0.94.yaml": namespaces "rq1-model3-w3" not found
Error from server (NotFound): error when creating "models/model3-w3/generated/soft/U0.94.yaml": namespaces "rq1-model3-w3" not found
[run] target not Ready (attempt 5/8)
Error from server (NotFound): error when creating "models/model3-w3/generated/soft/U0.94.yaml": namespaces "rq1-model3-w3" not found
Error from server (NotFound): error when creating "models/model3-w3/generated/soft/U0.94.yaml": namespaces "rq1-model3-w3" not found
Error from server (NotFound): error when creating "models/model3-w3/generated/soft/U0.94.yaml": namespaces "rq1-model3-w3" not found
[run] target not Ready (attempt 6/8)
Error from server (NotFound): error when creating "models/model3-w3/generated/soft/U0.94.yaml": namespaces "rq1-model3-w3" not found
Error from server (NotFound): error when creating "models/model3-w3/generated/soft/U0.94.yaml": namespaces "rq1-model3-w3" not found
Error from server (NotFound): error when creating "models/model3-w3/generated/soft/U0.94.yaml": namespaces "rq1-model3-w3" not found
[run] target not Ready (attempt 7/8)
Error from server (NotFound): error when creating "models/model3-w3/generated/soft/U0.94.yaml": namespaces "rq1-model3-w3" not found
Error from server (NotFound): error when creating "models/model3-w3/generated/soft/U0.94.yaml": namespaces "rq1-model3-w3" not found
Error from server (NotFound): error when creating "models/model3-w3/generated/soft/U0.94.yaml": namespaces "rq1-model3-w3" not found
[run] target not Ready (attempt 8/8)
[run] could not place target on any of {2 3} after 8 attempts; giving up on this cell
[run] FAILED soft/U0.94 after 4 attempt(s): could not place target on any of {2 3} after 8 attempts

[run] --- 10 cell(s) failed in soft; retrying once more (competitor still running) ---
[run] === soft/U0.1 (models/model3-w3/generated/soft/U0.1.yaml) ===
Error from server (NotFound): error when creating "models/model3-w3/generated/soft/U0.1.yaml": namespaces "rq1-model3-w3" not found
Error from server (NotFound): error when creating "models/model3-w3/generated/soft/U0.1.yaml": namespaces "rq1-model3-w3" not found
Error from server (NotFound): error when creating "models/model3-w3/generated/soft/U0.1.yaml": namespaces "rq1-model3-w3" not found
[run] target not Ready (attempt 1/8)
Error from server (NotFound): error when creating "models/model3-w3/generated/soft/U0.1.yaml": namespaces "rq1-model3-w3" not found
Error from server (NotFound): error when creating "models/model3-w3/generated/soft/U0.1.yaml": namespaces "rq1-model3-w3" not found
Error from server (NotFound): error when creating "models/model3-w3/generated/soft/U0.1.yaml": namespaces "rq1-model3-w3" not found
[run] target not Ready (attempt 2/8)
Error from server (NotFound): error when creating "models/model3-w3/generated/soft/U0.1.yaml": namespaces "rq1-model3-w3" not found
Error from server (NotFound): error when creating "models/model3-w3/generated/soft/U0.1.yaml": namespaces "rq1-model3-w3" not found
Error from server (NotFound): error when creating "models/model3-w3/generated/soft/U0.1.yaml": namespaces "rq1-model3-w3" not found
[run] target not Ready (attempt 3/8)
Error from server (NotFound): error when creating "models/model3-w3/generated/soft/U0.1.yaml": namespaces "rq1-model3-w3" not found
Error from server (NotFound): error when creating "models/model3-w3/generated/soft/U0.1.yaml": namespaces "rq1-model3-w3" not found
Error from server (NotFound): error when creating "models/model3-w3/generated/soft/U0.1.yaml": namespaces "rq1-model3-w3" not found
[run] target not Ready (attempt 4/8)
Error from server (NotFound): error when creating "models/model3-w3/generated/soft/U0.1.yaml": namespaces "rq1-model3-w3" not found
Error from server (NotFound): error when creating "models/model3-w3/generated/soft/U0.1.yaml": namespaces "rq1-model3-w3" not found
Error from server (NotFound): error when creating "models/model3-w3/generated/soft/U0.1.yaml": namespaces "rq1-model3-w3" not found
[run] target not Ready (attempt 5/8)
Error from server (NotFound): error when creating "models/model3-w3/generated/soft/U0.1.yaml": namespaces "rq1-model3-w3" not found
Error from server (NotFound): error when creating "models/model3-w3/generated/soft/U0.1.yaml": namespaces "rq1-model3-w3" not found
Error from server (NotFound): error when creating "models/model3-w3/generated/soft/U0.1.yaml": namespaces "rq1-model3-w3" not found
[run] target not Ready (attempt 6/8)
Error from server (NotFound): error when creating "models/model3-w3/generated/soft/U0.1.yaml": namespaces "rq1-model3-w3" not found
Error from server (NotFound): error when creating "models/model3-w3/generated/soft/U0.1.yaml": namespaces "rq1-model3-w3" not found
Error from server (NotFound): error when creating "models/model3-w3/generated/soft/U0.1.yaml": namespaces "rq1-model3-w3" not found
[run] target not Ready (attempt 7/8)
Error from server (NotFound): error when creating "models/model3-w3/generated/soft/U0.1.yaml": namespaces "rq1-model3-w3" not found
Error from server (NotFound): error when creating "models/model3-w3/generated/soft/U0.1.yaml": namespaces "rq1-model3-w3" not found
Error from server (NotFound): error when creating "models/model3-w3/generated/soft/U0.1.yaml": namespaces "rq1-model3-w3" not found
[run] target not Ready (attempt 8/8)
[run] could not place target on any of {2 3} after 8 attempts; giving up on this cell
[run] FAILED soft/U0.1 after 4 attempt(s): could not place target on any of {2 3} after 8 attempts
[run] === soft/U0.2 (models/model3-w3/generated/soft/U0.2.yaml) ===
Error from server (NotFound): error when creating "models/model3-w3/generated/soft/U0.2.yaml": namespaces "rq1-model3-w3" not found
Error from server (NotFound): error when creating "models/model3-w3/generated/soft/U0.2.yaml": namespaces "rq1-model3-w3" not found
Error from server (NotFound): error when creating "models/model3-w3/generated/soft/U0.2.yaml": namespaces "rq1-model3-w3" not found
[run] target not Ready (attempt 1/8)
Error from server (NotFound): error when creating "models/model3-w3/generated/soft/U0.2.yaml": namespaces "rq1-model3-w3" not found
Error from server (NotFound): error when creating "models/model3-w3/generated/soft/U0.2.yaml": namespaces "rq1-model3-w3" not found
Error from server (NotFound): error when creating "models/model3-w3/generated/soft/U0.2.yaml": namespaces "rq1-model3-w3" not found
[run] target not Ready (attempt 2/8)
Error from server (NotFound): error when creating "models/model3-w3/generated/soft/U0.2.yaml": namespaces "rq1-model3-w3" not found
Error from server (NotFound): error when creating "models/model3-w3/generated/soft/U0.2.yaml": namespaces "rq1-model3-w3" not found
Error from server (NotFound): error when creating "models/model3-w3/generated/soft/U0.2.yaml": namespaces "rq1-model3-w3" not found
[run] target not Ready (attempt 3/8)
Error from server (NotFound): error when creating "models/model3-w3/generated/soft/U0.2.yaml": namespaces "rq1-model3-w3" not found
Error from server (NotFound): error when creating "models/model3-w3/generated/soft/U0.2.yaml": namespaces "rq1-model3-w3" not found
Error from server (NotFound): error when creating "models/model3-w3/generated/soft/U0.2.yaml": namespaces "rq1-model3-w3" not found
[run] target not Ready (attempt 4/8)
Error from server (NotFound): error when creating "models/model3-w3/generated/soft/U0.2.yaml": namespaces "rq1-model3-w3" not found
Error from server (NotFound): error when creating "models/model3-w3/generated/soft/U0.2.yaml": namespaces "rq1-model3-w3" not found
Error from server (NotFound): error when creating "models/model3-w3/generated/soft/U0.2.yaml": namespaces "rq1-model3-w3" not found
[run] target not Ready (attempt 5/8)
Error from server (NotFound): error when creating "models/model3-w3/generated/soft/U0.2.yaml": namespaces "rq1-model3-w3" not found
Error from server (NotFound): error when creating "models/model3-w3/generated/soft/U0.2.yaml": namespaces "rq1-model3-w3" not found
Error from server (NotFound): error when creating "models/model3-w3/generated/soft/U0.2.yaml": namespaces "rq1-model3-w3" not found
[run] target not Ready (attempt 6/8)
Error from server (NotFound): error when creating "models/model3-w3/generated/soft/U0.2.yaml": namespaces "rq1-model3-w3" not found
Error from server (NotFound): error when creating "models/model3-w3/generated/soft/U0.2.yaml": namespaces "rq1-model3-w3" not found
Error from server (NotFound): error when creating "models/model3-w3/generated/soft/U0.2.yaml": namespaces "rq1-model3-w3" not found
[run] target not Ready (attempt 7/8)
Error from server (NotFound): error when creating "models/model3-w3/generated/soft/U0.2.yaml": namespaces "rq1-model3-w3" not found
Error from server (NotFound): error when creating "models/model3-w3/generated/soft/U0.2.yaml": namespaces "rq1-model3-w3" not found
Error from server (NotFound): error when creating "models/model3-w3/generated/soft/U0.2.yaml": namespaces "rq1-model3-w3" not found
[run] target not Ready (attempt 8/8)
[run] could not place target on any of {2 3} after 8 attempts; giving up on this cell
[run] FAILED soft/U0.2 after 4 attempt(s): could not place target on any of {2 3} after 8 attempts
[run] === soft/U0.3 (models/model3-w3/generated/soft/U0.3.yaml) ===
Error from server (NotFound): error when creating "models/model3-w3/generated/soft/U0.3.yaml": namespaces "rq1-model3-w3" not found
Error from server (NotFound): error when creating "models/model3-w3/generated/soft/U0.3.yaml": namespaces "rq1-model3-w3" not found
Error from server (NotFound): error when creating "models/model3-w3/generated/soft/U0.3.yaml": namespaces "rq1-model3-w3" not found
[run] target not Ready (attempt 1/8)
Error from server (NotFound): error when creating "models/model3-w3/generated/soft/U0.3.yaml": namespaces "rq1-model3-w3" not found
Error from server (NotFound): error when creating "models/model3-w3/generated/soft/U0.3.yaml": namespaces "rq1-model3-w3" not found
Error from server (NotFound): error when creating "models/model3-w3/generated/soft/U0.3.yaml": namespaces "rq1-model3-w3" not found
[run] target not Ready (attempt 2/8)
Error from server (NotFound): error when creating "models/model3-w3/generated/soft/U0.3.yaml": namespaces "rq1-model3-w3" not found
Error from server (NotFound): error when creating "models/model3-w3/generated/soft/U0.3.yaml": namespaces "rq1-model3-w3" not found
Error from server (NotFound): error when creating "models/model3-w3/generated/soft/U0.3.yaml": namespaces "rq1-model3-w3" not found
[run] target not Ready (attempt 3/8)
Error from server (NotFound): error when creating "models/model3-w3/generated/soft/U0.3.yaml": namespaces "rq1-model3-w3" not found
Error from server (NotFound): error when creating "models/model3-w3/generated/soft/U0.3.yaml": namespaces "rq1-model3-w3" not found
Error from server (NotFound): error when creating "models/model3-w3/generated/soft/U0.3.yaml": namespaces "rq1-model3-w3" not found
[run] target not Ready (attempt 4/8)
Error from server (NotFound): error when creating "models/model3-w3/generated/soft/U0.3.yaml": namespaces "rq1-model3-w3" not found
Error from server (NotFound): error when creating "models/model3-w3/generated/soft/U0.3.yaml": namespaces "rq1-model3-w3" not found
Error from server (NotFound): error when creating "models/model3-w3/generated/soft/U0.3.yaml": namespaces "rq1-model3-w3" not found
[run] target not Ready (attempt 5/8)
Error from server (NotFound): error when creating "models/model3-w3/generated/soft/U0.3.yaml": namespaces "rq1-model3-w3" not found
Error from server (NotFound): error when creating "models/model3-w3/generated/soft/U0.3.yaml": namespaces "rq1-model3-w3" not found
Error from server (NotFound): error when creating "models/model3-w3/generated/soft/U0.3.yaml": namespaces "rq1-model3-w3" not found
[run] target not Ready (attempt 6/8)
Error from server (NotFound): error when creating "models/model3-w3/generated/soft/U0.3.yaml": namespaces "rq1-model3-w3" not found
Error from server (NotFound): error when creating "models/model3-w3/generated/soft/U0.3.yaml": namespaces "rq1-model3-w3" not found
Error from server (NotFound): error when creating "models/model3-w3/generated/soft/U0.3.yaml": namespaces "rq1-model3-w3" not found
[run] target not Ready (attempt 7/8)
Error from server (NotFound): error when creating "models/model3-w3/generated/soft/U0.3.yaml": namespaces "rq1-model3-w3" not found
Error from server (NotFound): error when creating "models/model3-w3/generated/soft/U0.3.yaml": namespaces "rq1-model3-w3" not found
Error from server (NotFound): error when creating "models/model3-w3/generated/soft/U0.3.yaml": namespaces "rq1-model3-w3" not found
[run] target not Ready (attempt 8/8)
[run] could not place target on any of {2 3} after 8 attempts; giving up on this cell
[run] FAILED soft/U0.3 after 4 attempt(s): could not place target on any of {2 3} after 8 attempts
[run] === soft/U0.4 (models/model3-w3/generated/soft/U0.4.yaml) ===
Error from server (NotFound): error when creating "models/model3-w3/generated/soft/U0.4.yaml": namespaces "rq1-model3-w3" not found
Error from server (NotFound): error when creating "models/model3-w3/generated/soft/U0.4.yaml": namespaces "rq1-model3-w3" not found
Error from server (NotFound): error when creating "models/model3-w3/generated/soft/U0.4.yaml": namespaces "rq1-model3-w3" not found
[run] target not Ready (attempt 1/8)
Error from server (NotFound): error when creating "models/model3-w3/generated/soft/U0.4.yaml": namespaces "rq1-model3-w3" not found
Error from server (NotFound): error when creating "models/model3-w3/generated/soft/U0.4.yaml": namespaces "rq1-model3-w3" not found
Error from server (NotFound): error when creating "models/model3-w3/generated/soft/U0.4.yaml": namespaces "rq1-model3-w3" not found
[run] target not Ready (attempt 2/8)
Error from server (NotFound): error when creating "models/model3-w3/generated/soft/U0.4.yaml": namespaces "rq1-model3-w3" not found
Error from server (NotFound): error when creating "models/model3-w3/generated/soft/U0.4.yaml": namespaces "rq1-model3-w3" not found
Error from server (NotFound): error when creating "models/model3-w3/generated/soft/U0.4.yaml": namespaces "rq1-model3-w3" not found
[run] target not Ready (attempt 3/8)
Error from server (NotFound): error when creating "models/model3-w3/generated/soft/U0.4.yaml": namespaces "rq1-model3-w3" not found
Error from server (NotFound): error when creating "models/model3-w3/generated/soft/U0.4.yaml": namespaces "rq1-model3-w3" not found
Error from server (NotFound): error when creating "models/model3-w3/generated/soft/U0.4.yaml": namespaces "rq1-model3-w3" not found
[run] target not Ready (attempt 4/8)
Error from server (NotFound): error when creating "models/model3-w3/generated/soft/U0.4.yaml": namespaces "rq1-model3-w3" not found
Error from server (NotFound): error when creating "models/model3-w3/generated/soft/U0.4.yaml": namespaces "rq1-model3-w3" not found
Error from server (NotFound): error when creating "models/model3-w3/generated/soft/U0.4.yaml": namespaces "rq1-model3-w3" not found
[run] target not Ready (attempt 5/8)
Error from server (NotFound): error when creating "models/model3-w3/generated/soft/U0.4.yaml": namespaces "rq1-model3-w3" not found
Error from server (NotFound): error when creating "models/model3-w3/generated/soft/U0.4.yaml": namespaces "rq1-model3-w3" not found
Error from server (NotFound): error when creating "models/model3-w3/generated/soft/U0.4.yaml": namespaces "rq1-model3-w3" not found
[run] target not Ready (attempt 6/8)
Error from server (NotFound): error when creating "models/model3-w3/generated/soft/U0.4.yaml": namespaces "rq1-model3-w3" not found
Error from server (NotFound): error when creating "models/model3-w3/generated/soft/U0.4.yaml": namespaces "rq1-model3-w3" not found
Error from server (NotFound): error when creating "models/model3-w3/generated/soft/U0.4.yaml": namespaces "rq1-model3-w3" not found
[run] target not Ready (attempt 7/8)
Error from server (NotFound): error when creating "models/model3-w3/generated/soft/U0.4.yaml": namespaces "rq1-model3-w3" not found
Error from server (NotFound): error when creating "models/model3-w3/generated/soft/U0.4.yaml": namespaces "rq1-model3-w3" not found
Error from server (NotFound): error when creating "models/model3-w3/generated/soft/U0.4.yaml": namespaces "rq1-model3-w3" not found
[run] target not Ready (attempt 8/8)
[run] could not place target on any of {2 3} after 8 attempts; giving up on this cell
[run] FAILED soft/U0.4 after 4 attempt(s): could not place target on any of {2 3} after 8 attempts
[run] === soft/U0.5 (models/model3-w3/generated/soft/U0.5.yaml) ===
Error from server (NotFound): error when creating "models/model3-w3/generated/soft/U0.5.yaml": namespaces "rq1-model3-w3" not found
Error from server (NotFound): error when creating "models/model3-w3/generated/soft/U0.5.yaml": namespaces "rq1-model3-w3" not found
Error from server (NotFound): error when creating "models/model3-w3/generated/soft/U0.5.yaml": namespaces "rq1-model3-w3" not found
[run] target not Ready (attempt 1/8)
Error from server (NotFound): error when creating "models/model3-w3/generated/soft/U0.5.yaml": namespaces "rq1-model3-w3" not found
Error from server (NotFound): error when creating "models/model3-w3/generated/soft/U0.5.yaml": namespaces "rq1-model3-w3" not found
Error from server (NotFound): error when creating "models/model3-w3/generated/soft/U0.5.yaml": namespaces "rq1-model3-w3" not found
[run] target not Ready (attempt 2/8)
Error from server (NotFound): error when creating "models/model3-w3/generated/soft/U0.5.yaml": namespaces "rq1-model3-w3" not found
Error from server (NotFound): error when creating "models/model3-w3/generated/soft/U0.5.yaml": namespaces "rq1-model3-w3" not found
Error from server (NotFound): error when creating "models/model3-w3/generated/soft/U0.5.yaml": namespaces "rq1-model3-w3" not found
[run] target not Ready (attempt 3/8)
Error from server (NotFound): error when creating "models/model3-w3/generated/soft/U0.5.yaml": namespaces "rq1-model3-w3" not found
Error from server (NotFound): error when creating "models/model3-w3/generated/soft/U0.5.yaml": namespaces "rq1-model3-w3" not found
Error from server (NotFound): error when creating "models/model3-w3/generated/soft/U0.5.yaml": namespaces "rq1-model3-w3" not found
[run] target not Ready (attempt 4/8)
Error from server (NotFound): error when creating "models/model3-w3/generated/soft/U0.5.yaml": namespaces "rq1-model3-w3" not found
Error from server (NotFound): error when creating "models/model3-w3/generated/soft/U0.5.yaml": namespaces "rq1-model3-w3" not found
Error from server (NotFound): error when creating "models/model3-w3/generated/soft/U0.5.yaml": namespaces "rq1-model3-w3" not found
[run] target not Ready (attempt 5/8)
Error from server (NotFound): error when creating "models/model3-w3/generated/soft/U0.5.yaml": namespaces "rq1-model3-w3" not found
Error from server (NotFound): error when creating "models/model3-w3/generated/soft/U0.5.yaml": namespaces "rq1-model3-w3" not found
Error from server (NotFound): error when creating "models/model3-w3/generated/soft/U0.5.yaml": namespaces "rq1-model3-w3" not found
[run] target not Ready (attempt 6/8)
Error from server (NotFound): error when creating "models/model3-w3/generated/soft/U0.5.yaml": namespaces "rq1-model3-w3" not found
Error from server (NotFound): error when creating "models/model3-w3/generated/soft/U0.5.yaml": namespaces "rq1-model3-w3" not found
Error from server (NotFound): error when creating "models/model3-w3/generated/soft/U0.5.yaml": namespaces "rq1-model3-w3" not found
[run] target not Ready (attempt 7/8)
Error from server (NotFound): error when creating "models/model3-w3/generated/soft/U0.5.yaml": namespaces "rq1-model3-w3" not found
Error from server (NotFound): error when creating "models/model3-w3/generated/soft/U0.5.yaml": namespaces "rq1-model3-w3" not found
Error from server (NotFound): error when creating "models/model3-w3/generated/soft/U0.5.yaml": namespaces "rq1-model3-w3" not found
[run] target not Ready (attempt 8/8)
[run] could not place target on any of {2 3} after 8 attempts; giving up on this cell
[run] FAILED soft/U0.5 after 4 attempt(s): could not place target on any of {2 3} after 8 attempts
[run] === soft/U0.6 (models/model3-w3/generated/soft/U0.6.yaml) ===
Error from server (NotFound): error when creating "models/model3-w3/generated/soft/U0.6.yaml": namespaces "rq1-model3-w3" not found
Error from server (NotFound): error when creating "models/model3-w3/generated/soft/U0.6.yaml": namespaces "rq1-model3-w3" not found
Error from server (NotFound): error when creating "models/model3-w3/generated/soft/U0.6.yaml": namespaces "rq1-model3-w3" not found
[run] target not Ready (attempt 1/8)
Error from server (NotFound): error when creating "models/model3-w3/generated/soft/U0.6.yaml": namespaces "rq1-model3-w3" not found
Error from server (NotFound): error when creating "models/model3-w3/generated/soft/U0.6.yaml": namespaces "rq1-model3-w3" not found
Error from server (NotFound): error when creating "models/model3-w3/generated/soft/U0.6.yaml": namespaces "rq1-model3-w3" not found
[run] target not Ready (attempt 2/8)
Error from server (NotFound): error when creating "models/model3-w3/generated/soft/U0.6.yaml": namespaces "rq1-model3-w3" not found
Error from server (NotFound): error when creating "models/model3-w3/generated/soft/U0.6.yaml": namespaces "rq1-model3-w3" not found
Error from server (NotFound): error when creating "models/model3-w3/generated/soft/U0.6.yaml": namespaces "rq1-model3-w3" not found
[run] target not Ready (attempt 3/8)
Error from server (NotFound): error when creating "models/model3-w3/generated/soft/U0.6.yaml": namespaces "rq1-model3-w3" not found
Error from server (NotFound): error when creating "models/model3-w3/generated/soft/U0.6.yaml": namespaces "rq1-model3-w3" not found
Error from server (NotFound): error when creating "models/model3-w3/generated/soft/U0.6.yaml": namespaces "rq1-model3-w3" not found
[run] target not Ready (attempt 4/8)
Error from server (NotFound): error when creating "models/model3-w3/generated/soft/U0.6.yaml": namespaces "rq1-model3-w3" not found
Error from server (NotFound): error when creating "models/model3-w3/generated/soft/U0.6.yaml": namespaces "rq1-model3-w3" not found
Error from server (NotFound): error when creating "models/model3-w3/generated/soft/U0.6.yaml": namespaces "rq1-model3-w3" not found
[run] target not Ready (attempt 5/8)
Error from server (NotFound): error when creating "models/model3-w3/generated/soft/U0.6.yaml": namespaces "rq1-model3-w3" not found
Error from server (NotFound): error when creating "models/model3-w3/generated/soft/U0.6.yaml": namespaces "rq1-model3-w3" not found
Error from server (NotFound): error when creating "models/model3-w3/generated/soft/U0.6.yaml": namespaces "rq1-model3-w3" not found
[run] target not Ready (attempt 6/8)
Error from server (NotFound): error when creating "models/model3-w3/generated/soft/U0.6.yaml": namespaces "rq1-model3-w3" not found
Error from server (NotFound): error when creating "models/model3-w3/generated/soft/U0.6.yaml": namespaces "rq1-model3-w3" not found
Error from server (NotFound): error when creating "models/model3-w3/generated/soft/U0.6.yaml": namespaces "rq1-model3-w3" not found
[run] target not Ready (attempt 7/8)
Error from server (NotFound): error when creating "models/model3-w3/generated/soft/U0.6.yaml": namespaces "rq1-model3-w3" not found
Error from server (NotFound): error when creating "models/model3-w3/generated/soft/U0.6.yaml": namespaces "rq1-model3-w3" not found
Error from server (NotFound): error when creating "models/model3-w3/generated/soft/U0.6.yaml": namespaces "rq1-model3-w3" not found
[run] target not Ready (attempt 8/8)
[run] could not place target on any of {2 3} after 8 attempts; giving up on this cell
[run] FAILED soft/U0.6 after 4 attempt(s): could not place target on any of {2 3} after 8 attempts
[run] === soft/U0.7 (models/model3-w3/generated/soft/U0.7.yaml) ===
Error from server (NotFound): error when creating "models/model3-w3/generated/soft/U0.7.yaml": namespaces "rq1-model3-w3" not found
Error from server (NotFound): error when creating "models/model3-w3/generated/soft/U0.7.yaml": namespaces "rq1-model3-w3" not found
Error from server (NotFound): error when creating "models/model3-w3/generated/soft/U0.7.yaml": namespaces "rq1-model3-w3" not found
[run] target not Ready (attempt 1/8)
Error from server (NotFound): error when creating "models/model3-w3/generated/soft/U0.7.yaml": namespaces "rq1-model3-w3" not found
Error from server (NotFound): error when creating "models/model3-w3/generated/soft/U0.7.yaml": namespaces "rq1-model3-w3" not found
Error from server (NotFound): error when creating "models/model3-w3/generated/soft/U0.7.yaml": namespaces "rq1-model3-w3" not found
[run] target not Ready (attempt 2/8)
Error from server (NotFound): error when creating "models/model3-w3/generated/soft/U0.7.yaml": namespaces "rq1-model3-w3" not found
Error from server (NotFound): error when creating "models/model3-w3/generated/soft/U0.7.yaml": namespaces "rq1-model3-w3" not found
Error from server (NotFound): error when creating "models/model3-w3/generated/soft/U0.7.yaml": namespaces "rq1-model3-w3" not found
[run] target not Ready (attempt 3/8)
Error from server (NotFound): error when creating "models/model3-w3/generated/soft/U0.7.yaml": namespaces "rq1-model3-w3" not found
Error from server (NotFound): error when creating "models/model3-w3/generated/soft/U0.7.yaml": namespaces "rq1-model3-w3" not found
Error from server (NotFound): error when creating "models/model3-w3/generated/soft/U0.7.yaml": namespaces "rq1-model3-w3" not found
[run] target not Ready (attempt 4/8)
Error from server (NotFound): error when creating "models/model3-w3/generated/soft/U0.7.yaml": namespaces "rq1-model3-w3" not found
Error from server (NotFound): error when creating "models/model3-w3/generated/soft/U0.7.yaml": namespaces "rq1-model3-w3" not found
Error from server (NotFound): error when creating "models/model3-w3/generated/soft/U0.7.yaml": namespaces "rq1-model3-w3" not found
[run] target not Ready (attempt 5/8)
Error from server (NotFound): error when creating "models/model3-w3/generated/soft/U0.7.yaml": namespaces "rq1-model3-w3" not found
Error from server (NotFound): error when creating "models/model3-w3/generated/soft/U0.7.yaml": namespaces "rq1-model3-w3" not found
Error from server (NotFound): error when creating "models/model3-w3/generated/soft/U0.7.yaml": namespaces "rq1-model3-w3" not found
[run] target not Ready (attempt 6/8)
Error from server (NotFound): error when creating "models/model3-w3/generated/soft/U0.7.yaml": namespaces "rq1-model3-w3" not found
Error from server (NotFound): error when creating "models/model3-w3/generated/soft/U0.7.yaml": namespaces "rq1-model3-w3" not found
Error from server (NotFound): error when creating "models/model3-w3/generated/soft/U0.7.yaml": namespaces "rq1-model3-w3" not found
[run] target not Ready (attempt 7/8)
Error from server (NotFound): error when creating "models/model3-w3/generated/soft/U0.7.yaml": namespaces "rq1-model3-w3" not found
Error from server (NotFound): error when creating "models/model3-w3/generated/soft/U0.7.yaml": namespaces "rq1-model3-w3" not found
Error from server (NotFound): error when creating "models/model3-w3/generated/soft/U0.7.yaml": namespaces "rq1-model3-w3" not found
[run] target not Ready (attempt 8/8)
[run] could not place target on any of {2 3} after 8 attempts; giving up on this cell
[run] FAILED soft/U0.7 after 4 attempt(s): could not place target on any of {2 3} after 8 attempts
[run] === soft/U0.8 (models/model3-w3/generated/soft/U0.8.yaml) ===
Error from server (NotFound): error when creating "models/model3-w3/generated/soft/U0.8.yaml": namespaces "rq1-model3-w3" not found
Error from server (NotFound): error when creating "models/model3-w3/generated/soft/U0.8.yaml": namespaces "rq1-model3-w3" not found
Error from server (NotFound): error when creating "models/model3-w3/generated/soft/U0.8.yaml": namespaces "rq1-model3-w3" not found
[run] target not Ready (attempt 1/8)
Error from server (NotFound): error when creating "models/model3-w3/generated/soft/U0.8.yaml": namespaces "rq1-model3-w3" not found
Error from server (NotFound): error when creating "models/model3-w3/generated/soft/U0.8.yaml": namespaces "rq1-model3-w3" not found
Error from server (NotFound): error when creating "models/model3-w3/generated/soft/U0.8.yaml": namespaces "rq1-model3-w3" not found
[run] target not Ready (attempt 2/8)
Error from server (NotFound): error when creating "models/model3-w3/generated/soft/U0.8.yaml": namespaces "rq1-model3-w3" not found
Error from server (NotFound): error when creating "models/model3-w3/generated/soft/U0.8.yaml": namespaces "rq1-model3-w3" not found
Error from server (NotFound): error when creating "models/model3-w3/generated/soft/U0.8.yaml": namespaces "rq1-model3-w3" not found
[run] target not Ready (attempt 3/8)
Error from server (NotFound): error when creating "models/model3-w3/generated/soft/U0.8.yaml": namespaces "rq1-model3-w3" not found
Error from server (NotFound): error when creating "models/model3-w3/generated/soft/U0.8.yaml": namespaces "rq1-model3-w3" not found
Error from server (NotFound): error when creating "models/model3-w3/generated/soft/U0.8.yaml": namespaces "rq1-model3-w3" not found
[run] target not Ready (attempt 4/8)
Error from server (NotFound): error when creating "models/model3-w3/generated/soft/U0.8.yaml": namespaces "rq1-model3-w3" not found
Error from server (NotFound): error when creating "models/model3-w3/generated/soft/U0.8.yaml": namespaces "rq1-model3-w3" not found
Error from server (NotFound): error when creating "models/model3-w3/generated/soft/U0.8.yaml": namespaces "rq1-model3-w3" not found
[run] target not Ready (attempt 5/8)
Error from server (NotFound): error when creating "models/model3-w3/generated/soft/U0.8.yaml": namespaces "rq1-model3-w3" not found
Error from server (NotFound): error when creating "models/model3-w3/generated/soft/U0.8.yaml": namespaces "rq1-model3-w3" not found
Error from server (NotFound): error when creating "models/model3-w3/generated/soft/U0.8.yaml": namespaces "rq1-model3-w3" not found
[run] target not Ready (attempt 6/8)
Error from server (NotFound): error when creating "models/model3-w3/generated/soft/U0.8.yaml": namespaces "rq1-model3-w3" not found
Error from server (NotFound): error when creating "models/model3-w3/generated/soft/U0.8.yaml": namespaces "rq1-model3-w3" not found
Error from server (NotFound): error when creating "models/model3-w3/generated/soft/U0.8.yaml": namespaces "rq1-model3-w3" not found
[run] target not Ready (attempt 7/8)
Error from server (NotFound): error when creating "models/model3-w3/generated/soft/U0.8.yaml": namespaces "rq1-model3-w3" not found
Error from server (NotFound): error when creating "models/model3-w3/generated/soft/U0.8.yaml": namespaces "rq1-model3-w3" not found
Error from server (NotFound): error when creating "models/model3-w3/generated/soft/U0.8.yaml": namespaces "rq1-model3-w3" not found
[run] target not Ready (attempt 8/8)
[run] could not place target on any of {2 3} after 8 attempts; giving up on this cell
[run] FAILED soft/U0.8 after 4 attempt(s): could not place target on any of {2 3} after 8 attempts
[run] === soft/U0.9 (models/model3-w3/generated/soft/U0.9.yaml) ===
Error from server (NotFound): error when creating "models/model3-w3/generated/soft/U0.9.yaml": namespaces "rq1-model3-w3" not found
Error from server (NotFound): error when creating "models/model3-w3/generated/soft/U0.9.yaml": namespaces "rq1-model3-w3" not found
Error from server (NotFound): error when creating "models/model3-w3/generated/soft/U0.9.yaml": namespaces "rq1-model3-w3" not found
[run] target not Ready (attempt 1/8)
Error from server (NotFound): error when creating "models/model3-w3/generated/soft/U0.9.yaml": namespaces "rq1-model3-w3" not found
Error from server (NotFound): error when creating "models/model3-w3/generated/soft/U0.9.yaml": namespaces "rq1-model3-w3" not found
Error from server (NotFound): error when creating "models/model3-w3/generated/soft/U0.9.yaml": namespaces "rq1-model3-w3" not found
[run] target not Ready (attempt 2/8)
Error from server (NotFound): error when creating "models/model3-w3/generated/soft/U0.9.yaml": namespaces "rq1-model3-w3" not found
Error from server (NotFound): error when creating "models/model3-w3/generated/soft/U0.9.yaml": namespaces "rq1-model3-w3" not found
Error from server (NotFound): error when creating "models/model3-w3/generated/soft/U0.9.yaml": namespaces "rq1-model3-w3" not found
[run] target not Ready (attempt 3/8)
Error from server (NotFound): error when creating "models/model3-w3/generated/soft/U0.9.yaml": namespaces "rq1-model3-w3" not found
Error from server (NotFound): error when creating "models/model3-w3/generated/soft/U0.9.yaml": namespaces "rq1-model3-w3" not found
Error from server (NotFound): error when creating "models/model3-w3/generated/soft/U0.9.yaml": namespaces "rq1-model3-w3" not found
[run] target not Ready (attempt 4/8)
Error from server (NotFound): error when creating "models/model3-w3/generated/soft/U0.9.yaml": namespaces "rq1-model3-w3" not found
Error from server (NotFound): error when creating "models/model3-w3/generated/soft/U0.9.yaml": namespaces "rq1-model3-w3" not found
Error from server (NotFound): error when creating "models/model3-w3/generated/soft/U0.9.yaml": namespaces "rq1-model3-w3" not found
[run] target not Ready (attempt 5/8)
Error from server (NotFound): error when creating "models/model3-w3/generated/soft/U0.9.yaml": namespaces "rq1-model3-w3" not found
Error from server (NotFound): error when creating "models/model3-w3/generated/soft/U0.9.yaml": namespaces "rq1-model3-w3" not found
Error from server (NotFound): error when creating "models/model3-w3/generated/soft/U0.9.yaml": namespaces "rq1-model3-w3" not found
[run] target not Ready (attempt 6/8)
Error from server (NotFound): error when creating "models/model3-w3/generated/soft/U0.9.yaml": namespaces "rq1-model3-w3" not found
Error from server (NotFound): error when creating "models/model3-w3/generated/soft/U0.9.yaml": namespaces "rq1-model3-w3" not found
Error from server (NotFound): error when creating "models/model3-w3/generated/soft/U0.9.yaml": namespaces "rq1-model3-w3" not found
[run] target not Ready (attempt 7/8)
Error from server (NotFound): error when creating "models/model3-w3/generated/soft/U0.9.yaml": namespaces "rq1-model3-w3" not found
Error from server (NotFound): error when creating "models/model3-w3/generated/soft/U0.9.yaml": namespaces "rq1-model3-w3" not found
Error from server (NotFound): error when creating "models/model3-w3/generated/soft/U0.9.yaml": namespaces "rq1-model3-w3" not found
[run] target not Ready (attempt 8/8)
[run] could not place target on any of {2 3} after 8 attempts; giving up on this cell
[run] FAILED soft/U0.9 after 4 attempt(s): could not place target on any of {2 3} after 8 attempts
[run] === soft/U0.94 (models/model3-w3/generated/soft/U0.94.yaml) ===
Error from server (NotFound): error when creating "models/model3-w3/generated/soft/U0.94.yaml": namespaces "rq1-model3-w3" not found
Error from server (NotFound): error when creating "models/model3-w3/generated/soft/U0.94.yaml": namespaces "rq1-model3-w3" not found
Error from server (NotFound): error when creating "models/model3-w3/generated/soft/U0.94.yaml": namespaces "rq1-model3-w3" not found
[run] target not Ready (attempt 1/8)
Error from server (NotFound): error when creating "models/model3-w3/generated/soft/U0.94.yaml": namespaces "rq1-model3-w3" not found
Error from server (NotFound): error when creating "models/model3-w3/generated/soft/U0.94.yaml": namespaces "rq1-model3-w3" not found
Error from server (NotFound): error when creating "models/model3-w3/generated/soft/U0.94.yaml": namespaces "rq1-model3-w3" not found
[run] target not Ready (attempt 2/8)
Error from server (NotFound): error when creating "models/model3-w3/generated/soft/U0.94.yaml": namespaces "rq1-model3-w3" not found
Error from server (NotFound): error when creating "models/model3-w3/generated/soft/U0.94.yaml": namespaces "rq1-model3-w3" not found
Error from server (NotFound): error when creating "models/model3-w3/generated/soft/U0.94.yaml": namespaces "rq1-model3-w3" not found
[run] target not Ready (attempt 3/8)
Error from server (NotFound): error when creating "models/model3-w3/generated/soft/U0.94.yaml": namespaces "rq1-model3-w3" not found
Error from server (NotFound): error when creating "models/model3-w3/generated/soft/U0.94.yaml": namespaces "rq1-model3-w3" not found
Error from server (NotFound): error when creating "models/model3-w3/generated/soft/U0.94.yaml": namespaces "rq1-model3-w3" not found
[run] target not Ready (attempt 4/8)
Error from server (NotFound): error when creating "models/model3-w3/generated/soft/U0.94.yaml": namespaces "rq1-model3-w3" not found
Error from server (NotFound): error when creating "models/model3-w3/generated/soft/U0.94.yaml": namespaces "rq1-model3-w3" not found
Error from server (NotFound): error when creating "models/model3-w3/generated/soft/U0.94.yaml": namespaces "rq1-model3-w3" not found
[run] target not Ready (attempt 5/8)
Error from server (NotFound): error when creating "models/model3-w3/generated/soft/U0.94.yaml": namespaces "rq1-model3-w3" not found
Error from server (NotFound): error when creating "models/model3-w3/generated/soft/U0.94.yaml": namespaces "rq1-model3-w3" not found
Error from server (NotFound): error when creating "models/model3-w3/generated/soft/U0.94.yaml": namespaces "rq1-model3-w3" not found
[run] target not Ready (attempt 6/8)
Error from server (NotFound): error when creating "models/model3-w3/generated/soft/U0.94.yaml": namespaces "rq1-model3-w3" not found
Error from server (NotFound): error when creating "models/model3-w3/generated/soft/U0.94.yaml": namespaces "rq1-model3-w3" not found
Error from server (NotFound): error when creating "models/model3-w3/generated/soft/U0.94.yaml": namespaces "rq1-model3-w3" not found
[run] target not Ready (attempt 7/8)
Error from server (NotFound): error when creating "models/model3-w3/generated/soft/U0.94.yaml": namespaces "rq1-model3-w3" not found
Error from server (NotFound): error when creating "models/model3-w3/generated/soft/U0.94.yaml": namespaces "rq1-model3-w3" not found
Error from server (NotFound): error when creating "models/model3-w3/generated/soft/U0.94.yaml": namespaces "rq1-model3-w3" not found
[run] target not Ready (attempt 8/8)
[run] could not place target on any of {2 3} after 8 attempts; giving up on this cell
[run] FAILED soft/U0.94 after 4 attempt(s): could not place target on any of {2 3} after 8 attempts
[run] ERROR no (competitor,target) cpu pair avoiding KEEP_CPU=0 for PAIR_TYPE=physical
[run] skipping all of tight (competitor setup failed)

[run] done. 20/20 cell(s) did not produce valid data -- do not trust these:
  - soft/U0.1: could not place target on any of {2 3} after 8 attempts [failed even after end-of-sweep retry]
  - soft/U0.2: could not place target on any of {2 3} after 8 attempts [failed even after end-of-sweep retry]
  - soft/U0.3: could not place target on any of {2 3} after 8 attempts [failed even after end-of-sweep retry]
  - soft/U0.4: could not place target on any of {2 3} after 8 attempts [failed even after end-of-sweep retry]
  - soft/U0.5: could not place target on any of {2 3} after 8 attempts [failed even after end-of-sweep retry]
  - soft/U0.6: could not place target on any of {2 3} after 8 attempts [failed even after end-of-sweep retry]
  - soft/U0.7: could not place target on any of {2 3} after 8 attempts [failed even after end-of-sweep retry]
  - soft/U0.8: could not place target on any of {2 3} after 8 attempts [failed even after end-of-sweep retry]
  - soft/U0.9: could not place target on any of {2 3} after 8 attempts [failed even after end-of-sweep retry]
  - soft/U0.94: could not place target on any of {2 3} after 8 attempts [failed even after end-of-sweep retry]
  - tight/U0.1: competitor setup failed for tight [failed even after end-of-sweep retry]
  - tight/U0.2: competitor setup failed for tight [failed even after end-of-sweep retry]
  - tight/U0.3: competitor setup failed for tight [failed even after end-of-sweep retry]
  - tight/U0.4: competitor setup failed for tight [failed even after end-of-sweep retry]
  - tight/U0.5: competitor setup failed for tight [failed even after end-of-sweep retry]
  - tight/U0.6: competitor setup failed for tight [failed even after end-of-sweep retry]
  - tight/U0.7: competitor setup failed for tight [failed even after end-of-sweep retry]
  - tight/U0.8: competitor setup failed for tight [failed even after end-of-sweep retry]
  - tight/U0.9: competitor setup failed for tight [failed even after end-of-sweep retry]
  - tight/U0.94: competitor setup failed for tight [failed even after end-of-sweep retry]
[run] analyze with: python result.py model3-w3_phys_cfs_round4
