nohup: ignoring input
[run] model=model3-w3 ns=rq1-model3-w3 agent=rq1-agent-xzbbw cells=10 has_neighbours=0 has_competitor=1
[run] model3 arm: PAIR_TYPE=physical COMPETITOR_TYPE=unreserved
[run] kubepods-besteffort.slice period mismatch (have 0, need 100000) -- resetting
[run] kubepods-besteffort.slice period now 100000, runtime cleared
[run] soft: unreserved competitor fixed on cpu1 (avoiding KEEP_CPU=0), confirmed actually executing, running for the whole scale
[run] soft: target will be forced onto {2 3} for every cell (PAIR_TYPE=physical vs competitor cpu1)
[run] === soft/U0.1 (models/model3-w3/generated_primes/soft/U0.1.yaml) ===
[run] competitor fixed on cpu1, target forced to cpu2 -- confirmed, competitor already running for this whole scale
[run] competitor re-confirmed actually executing for this cell
[run] running...
[run] co-runner (interferer) own jobs.csv row count at cell end: 5153
[run] collected 5000/5000 rows -> results/model3-w3_phys_cfs_primes_round1/soft/U0.1
[run] === soft/U0.2 (models/model3-w3/generated_primes/soft/U0.2.yaml) ===
[run] target not Ready (attempt 1/8)
Error from server (AlreadyExists): error when creating "STDIN": rtclaimparameters.rt.resource.example.com "model3-w3-soft-u20-params" already exists
Error from server (AlreadyExists): error when creating "STDIN": resourceclaimtemplates.resource.k8s.io "model3-w3-soft-u20-claim" already exists
Error from server (AlreadyExists): error when creating "STDIN": pods "model3-w3-soft-u20" already exists
[run] target not Ready (attempt 2/8)
Error from server (AlreadyExists): error when creating "STDIN": rtclaimparameters.rt.resource.example.com "model3-w3-soft-u20-params" already exists
Error from server (AlreadyExists): error when creating "STDIN": resourceclaimtemplates.resource.k8s.io "model3-w3-soft-u20-claim" already exists
Error from server (AlreadyExists): error when creating "STDIN": pods "model3-w3-soft-u20" already exists
[run] target not Ready (attempt 3/8)
Error from server (AlreadyExists): error when creating "STDIN": rtclaimparameters.rt.resource.example.com "model3-w3-soft-u20-params" already exists
Error from server (AlreadyExists): error when creating "STDIN": resourceclaimtemplates.resource.k8s.io "model3-w3-soft-u20-claim" already exists
Error from server (AlreadyExists): error when creating "STDIN": pods "model3-w3-soft-u20" already exists
[run] target not Ready (attempt 4/8)
Error from server (AlreadyExists): error when creating "STDIN": rtclaimparameters.rt.resource.example.com "model3-w3-soft-u20-params" already exists
Error from server (AlreadyExists): error when creating "STDIN": resourceclaimtemplates.resource.k8s.io "model3-w3-soft-u20-claim" already exists
Error from server (AlreadyExists): error when creating "STDIN": pods "model3-w3-soft-u20" already exists
[run] target not Ready (attempt 5/8)
Error from server (AlreadyExists): error when creating "STDIN": rtclaimparameters.rt.resource.example.com "model3-w3-soft-u20-params" already exists
Error from server (AlreadyExists): error when creating "STDIN": resourceclaimtemplates.resource.k8s.io "model3-w3-soft-u20-claim" already exists
Error from server (AlreadyExists): error when creating "STDIN": pods "model3-w3-soft-u20" already exists
[run] target not Ready (attempt 6/8)
Error from server (AlreadyExists): error when creating "STDIN": rtclaimparameters.rt.resource.example.com "model3-w3-soft-u20-params" already exists
Error from server (AlreadyExists): error when creating "STDIN": resourceclaimtemplates.resource.k8s.io "model3-w3-soft-u20-claim" already exists
Error from server (AlreadyExists): error when creating "STDIN": pods "model3-w3-soft-u20" already exists
[run] target not Ready (attempt 7/8)
Error from server (AlreadyExists): error when creating "STDIN": rtclaimparameters.rt.resource.example.com "model3-w3-soft-u20-params" already exists
Error from server (AlreadyExists): error when creating "STDIN": resourceclaimtemplates.resource.k8s.io "model3-w3-soft-u20-claim" already exists
Error from server (AlreadyExists): error when creating "STDIN": pods "model3-w3-soft-u20" already exists
[run] target not Ready (attempt 8/8)
[run] could not place target on any of {2 3} after 8 attempts; giving up on this cell
[run] FAILED soft/U0.2 after 4 attempt(s): could not place target on any of {2 3} after 8 attempts
[run] === soft/U0.3 (models/model3-w3/generated_primes/soft/U0.3.yaml) ===
[run] target not Ready (attempt 1/8)
Error from server (AlreadyExists): error when creating "STDIN": rtclaimparameters.rt.resource.example.com "model3-w3-soft-u30-params" already exists
Error from server (AlreadyExists): error when creating "STDIN": resourceclaimtemplates.resource.k8s.io "model3-w3-soft-u30-claim" already exists
Error from server (AlreadyExists): error when creating "STDIN": pods "model3-w3-soft-u30" already exists
[run] target not Ready (attempt 2/8)
Error from server (AlreadyExists): error when creating "STDIN": rtclaimparameters.rt.resource.example.com "model3-w3-soft-u30-params" already exists
Error from server (AlreadyExists): error when creating "STDIN": resourceclaimtemplates.resource.k8s.io "model3-w3-soft-u30-claim" already exists
Error from server (AlreadyExists): error when creating "STDIN": pods "model3-w3-soft-u30" already exists
[run] target not Ready (attempt 3/8)
Error from server (AlreadyExists): error when creating "STDIN": rtclaimparameters.rt.resource.example.com "model3-w3-soft-u30-params" already exists
Error from server (AlreadyExists): error when creating "STDIN": resourceclaimtemplates.resource.k8s.io "model3-w3-soft-u30-claim" already exists
Error from server (AlreadyExists): error when creating "STDIN": pods "model3-w3-soft-u30" already exists
