nohup: ignoring input
[run] U_MIN=0.8 U_MAX=0.8 applied: 1 cells remain
[run] model=model3-w2 ns=rq1-model3-w2 agent=rq1-agent-k84mk cells=1 has_neighbours=0 has_competitor=1
[run] model3 arm: PAIR_TYPE=sibling COMPETITOR_TYPE=reserved
[run] reserved competitor landed on KEEP_CPU=0 (soft, attempt 1/5); re-placing
[run] soft: reserved competitor landed on cpu3 (avoiding KEEP_CPU=0), confirmed actually executing, running for the whole scale
[run] soft: target will be forced onto {2} for every cell (PAIR_TYPE=sibling vs competitor cpu3)
[run] === soft/U0.8 (models/model3-w2/generated_ptrchase/soft/U0.8.yaml) ===
[run] target on cpu0, wanted one of {2} (1/8); re-placing
[run] target on cpu0, wanted one of {2} (2/8); re-placing
[run] target on cpu1, wanted one of {2} (3/8); re-placing
[run] target on cpu0, wanted one of {2} (4/8); re-placing
[run] target on cpu0, wanted one of {2} (5/8); re-placing
[run] target on cpu0, wanted one of {2} (6/8); re-placing
[run] target on cpu0, wanted one of {2} (7/8); re-placing
[run] target on cpu0, wanted one of {2} (8/8); re-placing
[run] could not place target on any of {2} after 8 attempts; giving up on this cell
[run] FAILED soft/U0.8 after 4 attempt(s): could not place target on any of {2} after 8 attempts

[run] --- 1 cell(s) failed in soft; retrying once more (competitor still running) ---
[run] === soft/U0.8 (models/model3-w2/generated_ptrchase/soft/U0.8.yaml) ===
[run] competitor fixed on cpu3, target forced to cpu2 -- confirmed, competitor already running for this whole scale
[run] competitor re-confirmed actually executing for this cell
[run] running...
[run] co-runner (competitor) own jobs.csv row count at cell end: 8099
[run] collected 5000/5000 rows -> results/model3-w2_sib_res_ptrchase_round3/soft/U0.8

[run] done. all 1 cell(s) collected their expected row count.
[run] analyze with: python result.py model3-w2_sib_res_ptrchase_round3
