nohup: ignoring input
[run] model=model3-w4 ns=rq1-model3-w4 agent=rq1-agent-rlg6w cells=20 has_neighbours=0 has_competitor=1
[run] model3 arm: PAIR_TYPE=physical COMPETITOR_TYPE=reserved
[run] kubepods-besteffort.slice period mismatch (have 0, need 100000) -- resetting
[run] kubepods-besteffort.slice period now 100000, runtime cleared
[run] reserved competitor landed on KEEP_CPU=0 (soft, attempt 1/5); re-placing
[run] soft: reserved competitor landed on cpu1 (avoiding KEEP_CPU=0), confirmed actually executing, running for the whole scale
[run] soft: target will be forced onto {2 3} for every cell (PAIR_TYPE=physical vs competitor cpu1)
[run] === soft/U0.1 (models/model3-w4/generated_ptrchase/soft/U0.1.yaml) ===
[run] competitor fixed on cpu1, target forced to cpu2 -- confirmed, competitor already running for this whole scale
[run] competitor re-confirmed actually executing for this cell
[run] running...
[run] co-runner (competitor) own jobs.csv row count at cell end: 5102
[run] collected 5000/5000 rows -> results/model3-w4_phys_res_ptrchase_round4/soft/U0.1
[run] === soft/U0.2 (models/model3-w4/generated_ptrchase/soft/U0.2.yaml) ===
[run] target on cpu0, wanted one of {2 3} (1/8); re-placing
[run] competitor fixed on cpu1, target forced to cpu3 -- confirmed, competitor already running for this whole scale
[run] competitor re-confirmed actually executing for this cell
[run] running...
[run] co-runner (competitor) own jobs.csv row count at cell end: 10809
[run] collected 5000/5000 rows -> results/model3-w4_phys_res_ptrchase_round4/soft/U0.2
[run] === soft/U0.3 (models/model3-w4/generated_ptrchase/soft/U0.3.yaml) ===
[run] target on cpu0, wanted one of {2 3} (1/8); re-placing
[run] competitor fixed on cpu1, target forced to cpu2 -- confirmed, competitor already running for this whole scale
[run] competitor re-confirmed actually executing for this cell
[run] running...
[run] co-runner (competitor) own jobs.csv row count at cell end: 16509
[run] collected 5000/5000 rows -> results/model3-w4_phys_res_ptrchase_round4/soft/U0.3
[run] === soft/U0.4 (models/model3-w4/generated_ptrchase/soft/U0.4.yaml) ===
[run] competitor fixed on cpu1, target forced to cpu2 -- confirmed, competitor already running for this whole scale
[run] competitor re-confirmed actually executing for this cell
[run] running...
[run] co-runner (competitor) own jobs.csv row count at cell end: 21834
[run] collected 5000/5000 rows -> results/model3-w4_phys_res_ptrchase_round4/soft/U0.4
[run] === soft/U0.5 (models/model3-w4/generated_ptrchase/soft/U0.5.yaml) ===
[run] competitor fixed on cpu1, target forced to cpu2 -- confirmed, competitor already running for this whole scale
[run] competitor re-confirmed actually executing for this cell
[run] running...
[run] co-runner (competitor) own jobs.csv row count at cell end: 27158
[run] collected 5000/5000 rows -> results/model3-w4_phys_res_ptrchase_round4/soft/U0.5
[run] === soft/U0.6 (models/model3-w4/generated_ptrchase/soft/U0.6.yaml) ===
[run] target on cpu0, wanted one of {2 3} (1/8); re-placing
[run] competitor fixed on cpu1, target forced to cpu2 -- confirmed, competitor already running for this whole scale
[run] competitor re-confirmed actually executing for this cell
[run] running...
[run] co-runner (competitor) own jobs.csv row count at cell end: 32858
[run] collected 5000/5000 rows -> results/model3-w4_phys_res_ptrchase_round4/soft/U0.6
[run] === soft/U0.7 (models/model3-w4/generated_ptrchase/soft/U0.7.yaml) ===
[run] competitor fixed on cpu1, target forced to cpu3 -- confirmed, competitor already running for this whole scale
[run] competitor re-confirmed actually executing for this cell
[run] running...
[run] co-runner (competitor) own jobs.csv row count at cell end: 38183
[run] collected 5000/5000 rows -> results/model3-w4_phys_res_ptrchase_round4/soft/U0.7
[run] === soft/U0.8 (models/model3-w4/generated_ptrchase/soft/U0.8.yaml) ===
[run] competitor fixed on cpu1, target forced to cpu2 -- confirmed, competitor already running for this whole scale
[run] competitor re-confirmed actually executing for this cell
[run] running...
[run] co-runner (competitor) own jobs.csv row count at cell end: 43542
[run] collected 5000/5000 rows -> results/model3-w4_phys_res_ptrchase_round4/soft/U0.8
[run] === soft/U0.9 (models/model3-w4/generated_ptrchase/soft/U0.9.yaml) ===
[run] competitor fixed on cpu1, target forced to cpu2 -- confirmed, competitor already running for this whole scale
[run] competitor re-confirmed actually executing for this cell
[run] running...
[run] co-runner (competitor) own jobs.csv row count at cell end: 48866
[run] collected 5000/5000 rows -> results/model3-w4_phys_res_ptrchase_round4/soft/U0.9
[run] === soft/U0.94 (models/model3-w4/generated_ptrchase/soft/U0.94.yaml) ===
[run] competitor fixed on cpu1, target forced to cpu2 -- confirmed, competitor already running for this whole scale
[run] competitor re-confirmed actually executing for this cell
[run] running...
[run] co-runner (competitor) own jobs.csv row count at cell end: 54191
[run] collected 5000/5000 rows -> results/model3-w4_phys_res_ptrchase_round4/soft/U0.94
[run] kubepods-besteffort.slice period mismatch (have 100000, need 10000) -- resetting
[run] kubepods-besteffort.slice period now 10000, runtime cleared
[run] tight: reserved competitor landed on cpu2 (avoiding KEEP_CPU=0), confirmed actually executing, running for the whole scale
[run] tight: target will be forced onto {1} for every cell (PAIR_TYPE=physical vs competitor cpu2)
[run] === tight/U0.1 (models/model3-w4/generated_ptrchase/tight/U0.1.yaml) ===
[run] competitor fixed on cpu2, target forced to cpu1 -- confirmed, competitor already running for this whole scale
[run] competitor re-confirmed actually executing for this cell
[run] running...
[run] co-runner (competitor) own jobs.csv row count at cell end: 6312
[run] collected 5000/5000 rows -> results/model3-w4_phys_res_ptrchase_round4/tight/U0.1
[run] === tight/U0.2 (models/model3-w4/generated_ptrchase/tight/U0.2.yaml) ===
[run] competitor fixed on cpu2, target forced to cpu1 -- confirmed, competitor already running for this whole scale
[run] competitor re-confirmed actually executing for this cell
[run] running...
[run] co-runner (competitor) own jobs.csv row count at cell end: 13441
[run] collected 5000/5000 rows -> results/model3-w4_phys_res_ptrchase_round4/tight/U0.2
[run] === tight/U0.3 (models/model3-w4/generated_ptrchase/tight/U0.3.yaml) ===
[run] target on cpu0, wanted one of {1} (1/8); re-placing
[run] competitor fixed on cpu2, target forced to cpu1 -- confirmed, competitor already running for this whole scale
[run] competitor re-confirmed actually executing for this cell
[run] running...
[run] co-runner (competitor) own jobs.csv row count at cell end: 24069
[run] collected 5000/5000 rows -> results/model3-w4_phys_res_ptrchase_round4/tight/U0.3
[run] === tight/U0.4 (models/model3-w4/generated_ptrchase/tight/U0.4.yaml) ===
[run] competitor fixed on cpu2, target forced to cpu1 -- confirmed, competitor already running for this whole scale
[run] competitor re-confirmed actually executing for this cell
[run] running...
[run] co-runner (competitor) own jobs.csv row count at cell end: 31202
[run] collected 5000/5000 rows -> results/model3-w4_phys_res_ptrchase_round4/tight/U0.4
[run] === tight/U0.5 (models/model3-w4/generated_ptrchase/tight/U0.5.yaml) ===
[run] target on cpu0, wanted one of {1} (1/8); re-placing
[run] target on cpu3, wanted one of {1} (2/8); re-placing
[run] target on cpu3, wanted one of {1} (3/8); re-placing
[run] target on cpu3, wanted one of {1} (4/8); re-placing
[run] target on cpu3, wanted one of {1} (5/8); re-placing
[run] target on cpu0, wanted one of {1} (6/8); re-placing
[run] target on cpu0, wanted one of {1} (7/8); re-placing
[run] competitor fixed on cpu2, target forced to cpu1 -- confirmed, competitor already running for this whole scale
[run] competitor re-confirmed actually executing for this cell
[run] running...
[run] co-runner (competitor) own jobs.csv row count at cell end: 64000
[run] collected 5000/5000 rows -> results/model3-w4_phys_res_ptrchase_round4/tight/U0.5
[run] === tight/U0.6 (models/model3-w4/generated_ptrchase/tight/U0.6.yaml) ===
[run] target on cpu3, wanted one of {1} (1/8); re-placing
[run] target on cpu0, wanted one of {1} (2/8); re-placing
[run] target on cpu3, wanted one of {1} (3/8); re-placing
[run] target on cpu0, wanted one of {1} (4/8); re-placing
[run] target on cpu3, wanted one of {1} (5/8); re-placing
[run] target on cpu3, wanted one of {1} (6/8); re-placing
[run] target on cpu0, wanted one of {1} (7/8); re-placing
[run] target on cpu0, wanted one of {1} (8/8); re-placing
[run] could not place target on any of {1} after 8 attempts; giving up on this cell
[run] FAILED tight/U0.6 after 4 attempt(s): could not place target on any of {1} after 8 attempts
[run] === tight/U0.7 (models/model3-w4/generated_ptrchase/tight/U0.7.yaml) ===
[run] competitor fixed on cpu2, target forced to cpu1 -- confirmed, competitor already running for this whole scale
[run] competitor re-confirmed actually executing for this cell
[run] running...
[run] co-runner (competitor) own jobs.csv row count at cell end: 101615
[run] collected 5000/5000 rows -> results/model3-w4_phys_res_ptrchase_round4/tight/U0.7
[run] === tight/U0.8 (models/model3-w4/generated_ptrchase/tight/U0.8.yaml) ===
[run] competitor fixed on cpu2, target forced to cpu1 -- confirmed, competitor already running for this whole scale
[run] competitor re-confirmed actually executing for this cell
[run] running...
[run] co-runner (competitor) own jobs.csv row count at cell end: 108651
[run] collected 5000/5000 rows -> results/model3-w4_phys_res_ptrchase_round4/tight/U0.8
[run] === tight/U0.9 (models/model3-w4/generated_ptrchase/tight/U0.9.yaml) ===
[run] target on cpu3, wanted one of {1} (1/8); re-placing
[run] target on cpu0, wanted one of {1} (2/8); re-placing
[run] competitor fixed on cpu2, target forced to cpu1 -- confirmed, competitor already running for this whole scale
[run] competitor re-confirmed actually executing for this cell
[run] running...
[run] co-runner (competitor) own jobs.csv row count at cell end: 122899
[run] collected 5000/5000 rows -> results/model3-w4_phys_res_ptrchase_round4/tight/U0.9
[run] === tight/U0.94 (models/model3-w4/generated_ptrchase/tight/U0.94.yaml) ===
[run] target on cpu0, wanted one of {1} (1/8); re-placing
[run] target on cpu3, wanted one of {1} (2/8); re-placing
[run] competitor fixed on cpu2, target forced to cpu1 -- confirmed, competitor already running for this whole scale
[run] competitor re-confirmed actually executing for this cell
[run] running...
[run] co-runner (competitor) own jobs.csv row count at cell end: 137217
[run] collected 5000/5000 rows -> results/model3-w4_phys_res_ptrchase_round4/tight/U0.94

[run] --- 1 cell(s) failed in tight; retrying once more (competitor still running) ---
[run] === tight/U0.6 (models/model3-w4/generated_ptrchase/tight/U0.6.yaml) ===
[run] target on cpu0, wanted one of {1} (1/8); re-placing
[run] target on cpu0, wanted one of {1} (2/8); re-placing
[run] target on cpu3, wanted one of {1} (3/8); re-placing
[run] competitor fixed on cpu2, target forced to cpu1 -- confirmed, competitor already running for this whole scale
[run] competitor re-confirmed actually executing for this cell
[run] running...
[run] co-runner (competitor) own jobs.csv row count at cell end: 155137
[run] collected 5000/5000 rows -> results/model3-w4_phys_res_ptrchase_round4/tight/U0.6

[run] done. all 20 cell(s) collected their expected row count.
[run] analyze with: python result.py model3-w4_phys_res_ptrchase_round4
