nohup: ignoring input
[run] model=model3-w2 ns=rq1-model3-w2 agent=rq1-agent-9kqgs cells=10 has_neighbours=0 has_competitor=1
[run] model3 arm: PAIR_TYPE=sibling COMPETITOR_TYPE=reserved
[run] reserved competitor landed on KEEP_CPU=0 (tight, attempt 1/5); re-placing
[run] reserved competitor on cpu1 has no usable pair avoiding KEEP_CPU=0 (tight, attempt 2/5); re-placing
[run] tight: reserved competitor landed on cpu2 (avoiding KEEP_CPU=0), confirmed actually executing, running for the whole scale
[run] tight: target will be forced onto {3} for every cell (PAIR_TYPE=sibling vs competitor cpu2)
[run] === tight/U0.1 (models/model3-w2/generated/tight/U0.1.yaml) ===
[run] target on cpu0, wanted one of {3} (1/8); re-placing
[run] target on cpu0, wanted one of {3} (2/8); re-placing
[run] competitor fixed on cpu2, target forced to cpu3 -- confirmed, competitor already running for this whole scale
[run] competitor re-confirmed actually executing for this cell
[run] running...
[run] co-runner (competitor) own jobs.csv row count at cell end: 13169
[run] collected 5000/5000 rows -> results/model3-w2_round1/tight/U0.1
[run] === tight/U0.2 (models/model3-w2/generated/tight/U0.2.yaml) ===
[run] target on cpu0, wanted one of {3} (1/8); re-placing
[run] competitor fixed on cpu2, target forced to cpu3 -- confirmed, competitor already running for this whole scale
[run] competitor re-confirmed actually executing for this cell
[run] running...
[run] co-runner (competitor) own jobs.csv row count at cell end: 23664
[run] collected 5000/5000 rows -> results/model3-w2_round1/tight/U0.2
[run] === tight/U0.3 (models/model3-w2/generated/tight/U0.3.yaml) ===
[run] competitor fixed on cpu2, target forced to cpu3 -- confirmed, competitor already running for this whole scale
[run] competitor re-confirmed actually executing for this cell
[run] running...
[run] co-runner (competitor) own jobs.csv row count at cell end: 30615
[run] collected 5000/5000 rows -> results/model3-w2_round1/tight/U0.3
[run] === tight/U0.4 (models/model3-w2/generated/tight/U0.4.yaml) ===
[run] target on cpu0, wanted one of {3} (1/8); re-placing
[run] competitor fixed on cpu2, target forced to cpu3 -- confirmed, competitor already running for this whole scale
[run] competitor re-confirmed actually executing for this cell
[run] running...
[run] co-runner (competitor) own jobs.csv row count at cell end: 41420
[run] collected 5000/5000 rows -> results/model3-w2_round1/tight/U0.4
[run] === tight/U0.5 (models/model3-w2/generated/tight/U0.5.yaml) ===
[run] competitor fixed on cpu2, target forced to cpu3 -- confirmed, competitor already running for this whole scale
[run] competitor re-confirmed actually executing for this cell
[run] running...
[run] co-runner (competitor) own jobs.csv row count at cell end: 48440
[run] collected 5000/5000 rows -> results/model3-w2_round1/tight/U0.5
[run] === tight/U0.6 (models/model3-w2/generated/tight/U0.6.yaml) ===
[run] competitor fixed on cpu2, target forced to cpu3 -- confirmed, competitor already running for this whole scale
[run] competitor re-confirmed actually executing for this cell
[run] running...
[run] co-runner (competitor) own jobs.csv row count at cell end: 55391
[run] collected 5000/5000 rows -> results/model3-w2_round1/tight/U0.6
[run] === tight/U0.7 (models/model3-w2/generated/tight/U0.7.yaml) ===
[run] target on cpu0, wanted one of {3} (1/8); re-placing
[run] target on cpu0, wanted one of {3} (2/8); re-placing
[run] competitor fixed on cpu2, target forced to cpu3 -- confirmed, competitor already running for this whole scale
[run] competitor re-confirmed actually executing for this cell
[run] running...
[run] co-runner (competitor) own jobs.csv row count at cell end: 69640
[run] collected 5000/5000 rows -> results/model3-w2_round1/tight/U0.7
[run] === tight/U0.8 (models/model3-w2/generated/tight/U0.8.yaml) ===
[run] target on cpu1, wanted one of {3} (1/8); re-placing
[run] competitor fixed on cpu2, target forced to cpu3 -- confirmed, competitor already running for this whole scale
[run] competitor re-confirmed actually executing for this cell
[run] running...
[run] co-runner (competitor) own jobs.csv row count at cell end: 80204
[run] collected 5000/5000 rows -> results/model3-w2_round1/tight/U0.8
[run] === tight/U0.9 (models/model3-w2/generated/tight/U0.9.yaml) ===
[run] target on cpu1, wanted one of {3} (1/8); re-placing
[run] target on cpu0, wanted one of {3} (2/8); re-placing
[run] target on cpu0, wanted one of {3} (3/8); re-placing
[run] target on cpu0, wanted one of {3} (4/8); re-placing
[run] target on cpu0, wanted one of {3} (5/8); re-placing
[run] target on cpu0, wanted one of {3} (6/8); re-placing
[run] target on cpu1, wanted one of {3} (7/8); re-placing
[run] target on cpu0, wanted one of {3} (8/8); re-placing
[run] could not place target on any of {3} after 8 attempts; giving up on this cell
[run] FAILED tight/U0.9 after 4 attempt(s): could not place target on any of {3} after 8 attempts
[run] === tight/U0.94 (models/model3-w2/generated/tight/U0.94.yaml) ===
[run] target on cpu0, wanted one of {3} (1/8); re-placing
[run] competitor fixed on cpu2, target forced to cpu3 -- confirmed, competitor already running for this whole scale
[run] competitor re-confirmed actually executing for this cell
[run] running...
[run] co-runner (competitor) own jobs.csv row count at cell end: 121053
[run] collected 5000/5000 rows -> results/model3-w2_round1/tight/U0.94

[run] --- 1 cell(s) failed in tight; retrying once more (competitor still running) ---
[run] === tight/U0.9 (models/model3-w2/generated/tight/U0.9.yaml) ===
[run] target on cpu0, wanted one of {3} (1/8); re-placing
[run] target on cpu0, wanted one of {3} (2/8); re-placing
[run] competitor fixed on cpu2, target forced to cpu3 -- confirmed, competitor already running for this whole scale
[run] competitor re-confirmed actually executing for this cell
[run] running...
[run] co-runner (competitor) own jobs.csv row count at cell end: 135388
[run] collected 5000/5000 rows -> results/model3-w2_round1/tight/U0.9

[run] done. all 10 cell(s) collected their expected row count.
[run] analyze with: python result.py model3-w2_round1
