nohup: ignoring input
[run] model=model3-w2 ns=rq1-model3-w2 agent=rq1-agent-hz9r4 cells=20 has_neighbours=0 has_competitor=1
[run] model3 arm: PAIR_TYPE=sibling COMPETITOR_TYPE=reserved
[run] kubepods-besteffort.slice period mismatch (have 10000, need 100000) -- resetting
[run] kubepods-besteffort.slice period now 100000, runtime cleared
[run] soft: reserved competitor landed on cpu2 (avoiding KEEP_CPU=0), confirmed actually executing, running for the whole scale
[run] soft: target will be forced onto {3} for every cell (PAIR_TYPE=sibling vs competitor cpu2)
[run] === soft/U0.1 (models/model3-w2/generated_primes/soft/U0.1.yaml) ===
[run] competitor fixed on cpu2, target forced to cpu3 -- confirmed, competitor already running for this whole scale
[run] competitor re-confirmed actually executing for this cell
[run] running...
[run] co-runner (competitor) own jobs.csv row count at cell end: 10161
[run] collected 5000/5000 rows -> results/model3-w2_sib_res_primes_round4/soft/U0.1
[run] === soft/U0.2 (models/model3-w2/generated_primes/soft/U0.2.yaml) ===
[run] competitor fixed on cpu2, target forced to cpu3 -- confirmed, competitor already running for this whole scale
[run] competitor re-confirmed actually executing for this cell
[run] running...
[run] co-runner (competitor) own jobs.csv row count at cell end: 15451
[run] collected 5000/5000 rows -> results/model3-w2_sib_res_primes_round4/soft/U0.2
[run] === soft/U0.3 (models/model3-w2/generated_primes/soft/U0.3.yaml) ===
[run] competitor fixed on cpu2, target forced to cpu3 -- confirmed, competitor already running for this whole scale
[run] competitor re-confirmed actually executing for this cell
[run] running...
[run] co-runner (competitor) own jobs.csv row count at cell end: 20810
[run] collected 5000/5000 rows -> results/model3-w2_sib_res_primes_round4/soft/U0.3
[run] === soft/U0.4 (models/model3-w2/generated_primes/soft/U0.4.yaml) ===
[run] competitor fixed on cpu2, target forced to cpu3 -- confirmed, competitor already running for this whole scale
[run] competitor re-confirmed actually executing for this cell
[run] running...
[run] co-runner (competitor) own jobs.csv row count at cell end: 26123
[run] collected 5000/5000 rows -> results/model3-w2_sib_res_primes_round4/soft/U0.4
[run] === soft/U0.5 (models/model3-w2/generated_primes/soft/U0.5.yaml) ===
[run] competitor fixed on cpu2, target forced to cpu3 -- confirmed, competitor already running for this whole scale
[run] competitor re-confirmed actually executing for this cell
[run] running...
[run] co-runner (competitor) own jobs.csv row count at cell end: 31426
[run] collected 5000/5000 rows -> results/model3-w2_sib_res_primes_round4/soft/U0.5
[run] === soft/U0.6 (models/model3-w2/generated_primes/soft/U0.6.yaml) ===
[run] competitor fixed on cpu2, target forced to cpu3 -- confirmed, competitor already running for this whole scale
[run] competitor re-confirmed actually executing for this cell
[run] running...
[run] co-runner (competitor) own jobs.csv row count at cell end: 36741
[run] collected 5000/5000 rows -> results/model3-w2_sib_res_primes_round4/soft/U0.6
[run] === soft/U0.7 (models/model3-w2/generated_primes/soft/U0.7.yaml) ===
[run] competitor fixed on cpu2, target forced to cpu3 -- confirmed, competitor already running for this whole scale
[run] competitor re-confirmed actually executing for this cell
[run] running...
[run] co-runner (competitor) own jobs.csv row count at cell end: 42026
[run] collected 5000/5000 rows -> results/model3-w2_sib_res_primes_round4/soft/U0.7
[run] === soft/U0.8 (models/model3-w2/generated_primes/soft/U0.8.yaml) ===
[run] competitor fixed on cpu2, target forced to cpu3 -- confirmed, competitor already running for this whole scale
[run] competitor re-confirmed actually executing for this cell
[run] running...
[run] co-runner (competitor) own jobs.csv row count at cell end: 47312
[run] collected 5000/5000 rows -> results/model3-w2_sib_res_primes_round4/soft/U0.8
[run] === soft/U0.9 (models/model3-w2/generated_primes/soft/U0.9.yaml) ===
[run] competitor fixed on cpu2, target forced to cpu3 -- confirmed, competitor already running for this whole scale
[run] competitor re-confirmed actually executing for this cell
[run] running...
[run] co-runner (competitor) own jobs.csv row count at cell end: 50071
[run] collected 5000/5000 rows -> results/model3-w2_sib_res_primes_round4/soft/U0.9
[run] === soft/U0.94 (models/model3-w2/generated_primes/soft/U0.94.yaml) ===
[run] competitor fixed on cpu2, target forced to cpu3 -- confirmed, competitor already running for this whole scale
[run] competitor re-confirmed actually executing for this cell
[run] running...
[run] co-runner (competitor) own jobs.csv row count at cell end: 52862
[run] collected 5000/5000 rows -> results/model3-w2_sib_res_primes_round4/soft/U0.94
[run] kubepods-besteffort.slice period mismatch (have 100000, need 10000) -- resetting
[run] kubepods-besteffort.slice period now 10000, runtime cleared
[run] tight: reserved competitor landed on cpu2 (avoiding KEEP_CPU=0), confirmed actually executing, running for the whole scale
[run] tight: target will be forced onto {3} for every cell (PAIR_TYPE=sibling vs competitor cpu2)
[run] === tight/U0.1 (models/model3-w2/generated_primes/tight/U0.1.yaml) ===
[run] competitor fixed on cpu2, target forced to cpu3 -- confirmed, competitor already running for this whole scale
[run] competitor re-confirmed actually executing for this cell
[run] running...
[run] co-runner (competitor) own jobs.csv row count at cell end: 6326
[run] collected 5000/5000 rows -> results/model3-w2_sib_res_primes_round4/tight/U0.1
[run] === tight/U0.2 (models/model3-w2/generated_primes/tight/U0.2.yaml) ===
[run] competitor fixed on cpu2, target forced to cpu3 -- confirmed, competitor already running for this whole scale
[run] competitor re-confirmed actually executing for this cell
[run] running...
[run] co-runner (competitor) own jobs.csv row count at cell end: 13366
[run] collected 5000/5000 rows -> results/model3-w2_sib_res_primes_round4/tight/U0.2
[run] === tight/U0.3 (models/model3-w2/generated_primes/tight/U0.3.yaml) ===
[run] competitor fixed on cpu2, target forced to cpu3 -- confirmed, competitor already running for this whole scale
[run] competitor re-confirmed actually executing for this cell
[run] running...
[run] co-runner (competitor) own jobs.csv row count at cell end: 24846
[run] collected 5000/5000 rows -> results/model3-w2_sib_res_primes_round4/tight/U0.3
[run] === tight/U0.4 (models/model3-w2/generated_primes/tight/U0.4.yaml) ===
[run] competitor fixed on cpu2, target forced to cpu3 -- confirmed, competitor already running for this whole scale
[run] competitor re-confirmed actually executing for this cell
[run] running...
[run] co-runner (competitor) own jobs.csv row count at cell end: 31867
[run] collected 5000/5000 rows -> results/model3-w2_sib_res_primes_round4/tight/U0.4
[run] === tight/U0.5 (models/model3-w2/generated_primes/tight/U0.5.yaml) ===
[run] competitor fixed on cpu2, target forced to cpu3 -- confirmed, competitor already running for this whole scale
[run] competitor re-confirmed actually executing for this cell
[run] running...
[run] co-runner (competitor) own jobs.csv row count at cell end: 38882
[run] collected 5000/5000 rows -> results/model3-w2_sib_res_primes_round4/tight/U0.5
[run] === tight/U0.6 (models/model3-w2/generated_primes/tight/U0.6.yaml) ===
[run] competitor fixed on cpu2, target forced to cpu3 -- confirmed, competitor already running for this whole scale
[run] competitor re-confirmed actually executing for this cell
[run] running...
[run] co-runner (competitor) own jobs.csv row count at cell end: 44918
[run] collected 5000/5000 rows -> results/model3-w2_sib_res_primes_round4/tight/U0.6
[run] === tight/U0.7 (models/model3-w2/generated_primes/tight/U0.7.yaml) ===
[run] competitor fixed on cpu2, target forced to cpu3 -- confirmed, competitor already running for this whole scale
[run] competitor re-confirmed actually executing for this cell
[run] running...
[run] co-runner (competitor) own jobs.csv row count at cell end: 51946
[run] collected 5000/5000 rows -> results/model3-w2_sib_res_primes_round4/tight/U0.7
[run] === tight/U0.8 (models/model3-w2/generated_primes/tight/U0.8.yaml) ===
[run] competitor fixed on cpu2, target forced to cpu3 -- confirmed, competitor already running for this whole scale
[run] competitor re-confirmed actually executing for this cell
[run] running...
[run] co-runner (competitor) own jobs.csv row count at cell end: 59070
[run] collected 5000/5000 rows -> results/model3-w2_sib_res_primes_round4/tight/U0.8
[run] === tight/U0.9 (models/model3-w2/generated_primes/tight/U0.9.yaml) ===
[run] competitor fixed on cpu2, target forced to cpu3 -- confirmed, competitor already running for this whole scale
[run] competitor re-confirmed actually executing for this cell
[run] running...
[run] co-runner (competitor) own jobs.csv row count at cell end: 66121
[run] collected 5000/5000 rows -> results/model3-w2_sib_res_primes_round4/tight/U0.9
[run] === tight/U0.94 (models/model3-w2/generated_primes/tight/U0.94.yaml) ===
[run] competitor fixed on cpu2, target forced to cpu3 -- confirmed, competitor already running for this whole scale
[run] competitor re-confirmed actually executing for this cell
[run] running...
[run] co-runner (competitor) own jobs.csv row count at cell end: 70627
[run] collected 5000/5000 rows -> results/model3-w2_sib_res_primes_round4/tight/U0.94

[run] done. all 20 cell(s) collected their expected row count.
[run] analyze with: python result.py model3-w2_sib_res_primes_round4
