nohup: ignoring input
[run] model=model3-w4 ns=rq1-model3-w4 agent=rq1-agent-rlg6w cells=10 has_neighbours=0 has_competitor=1
[run] model3 arm: PAIR_TYPE=physical COMPETITOR_TYPE=reserved
[run] kubepods-besteffort.slice period mismatch (have 100000, need 10000) -- resetting
[run] kubepods-besteffort.slice period now 10000, runtime cleared
[run] tight: reserved competitor landed on cpu1 (avoiding KEEP_CPU=0), confirmed actually executing, running for the whole scale
[run] tight: target will be forced onto {2 3} for every cell (PAIR_TYPE=physical vs competitor cpu1)
[run] === tight/U0.1 (models/model3-w4/generated_ptrchase/tight/U0.1.yaml) ===
[run] target on cpu0, wanted one of {2 3} (1/8); re-placing
[run] target on cpu0, wanted one of {2 3} (2/8); re-placing
[run] competitor fixed on cpu1, target forced to cpu2 -- confirmed, competitor already running for this whole scale
[run] competitor re-confirmed actually executing for this cell
[run] running...
[run] co-runner (competitor) own jobs.csv row count at cell end: 13515
[run] collected 5000/5000 rows -> results/model3-w4_phys_res_ptrchase_round3/tight/U0.1
[run] === tight/U0.2 (models/model3-w4/generated_ptrchase/tight/U0.2.yaml) ===
[run] competitor fixed on cpu1, target forced to cpu3 -- confirmed, competitor already running for this whole scale
[run] competitor re-confirmed actually executing for this cell
[run] running...
[run] co-runner (competitor) own jobs.csv row count at cell end: 20605
[run] collected 5000/5000 rows -> results/model3-w4_phys_res_ptrchase_round3/tight/U0.2
[run] === tight/U0.3 (models/model3-w4/generated_ptrchase/tight/U0.3.yaml) ===
[run] target on cpu0, wanted one of {2 3} (1/8); re-placing
[run] target on cpu0, wanted one of {2 3} (2/8); re-placing
[run] target on cpu0, wanted one of {2 3} (3/8); re-placing
[run] target on cpu0, wanted one of {2 3} (4/8); re-placing
[run] competitor fixed on cpu1, target forced to cpu2 -- confirmed, competitor already running for this whole scale
[run] competitor re-confirmed actually executing for this cell
[run] running...
[run] co-runner (competitor) own jobs.csv row count at cell end: 42082
[run] collected 5000/5000 rows -> results/model3-w4_phys_res_ptrchase_round3/tight/U0.3
[run] === tight/U0.4 (models/model3-w4/generated_ptrchase/tight/U0.4.yaml) ===
[run] competitor fixed on cpu1, target forced to cpu2 -- confirmed, competitor already running for this whole scale
[run] competitor re-confirmed actually executing for this cell
[run] running...
[run] co-runner (competitor) own jobs.csv row count at cell end: 49207
[run] collected 5000/5000 rows -> results/model3-w4_phys_res_ptrchase_round3/tight/U0.4
[run] === tight/U0.5 (models/model3-w4/generated_ptrchase/tight/U0.5.yaml) ===
[run] target on cpu0, wanted one of {2 3} (1/8); re-placing
[run] target on cpu0, wanted one of {2 3} (2/8); re-placing
[run] competitor fixed on cpu1, target forced to cpu2 -- confirmed, competitor already running for this whole scale
[run] competitor re-confirmed actually executing for this cell
[run] running...
[run] co-runner (competitor) own jobs.csv row count at cell end: 63765
[run] collected 5000/5000 rows -> results/model3-w4_phys_res_ptrchase_round3/tight/U0.5
[run] === tight/U0.6 (models/model3-w4/generated_ptrchase/tight/U0.6.yaml) ===
[run] target not Ready (attempt 1/8)
[run] target on cpu0, wanted one of {2 3} (2/8); re-placing
[run] target on cpu0, wanted one of {2 3} (3/8); re-placing
[run] target on cpu0, wanted one of {2 3} (4/8); re-placing
[run] competitor fixed on cpu1, target forced to cpu2 -- confirmed, competitor already running for this whole scale
[run] competitor re-confirmed actually executing for this cell
[run] running...
[run] co-runner (competitor) own jobs.csv row count at cell end: 81765
[run] collected 5000/5000 rows -> results/model3-w4_phys_res_ptrchase_round3/tight/U0.6
[run] === tight/U0.7 (models/model3-w4/generated_ptrchase/tight/U0.7.yaml) ===
[run] competitor fixed on cpu1, target forced to cpu2 -- confirmed, competitor already running for this whole scale
[run] competitor re-confirmed actually executing for this cell
[run] running...
[run] co-runner (competitor) own jobs.csv row count at cell end: 88648
[run] collected 5000/5000 rows -> results/model3-w4_phys_res_ptrchase_round3/tight/U0.7
[run] === tight/U0.8 (models/model3-w4/generated_ptrchase/tight/U0.8.yaml) ===
[run] competitor fixed on cpu1, target forced to cpu3 -- confirmed, competitor already running for this whole scale
[run] competitor re-confirmed actually executing for this cell
[run] running...
[run] co-runner (competitor) own jobs.csv row count at cell end: 95773
[run] collected 5000/5000 rows -> results/model3-w4_phys_res_ptrchase_round3/tight/U0.8
[run] === tight/U0.9 (models/model3-w4/generated_ptrchase/tight/U0.9.yaml) ===
[run] competitor fixed on cpu1, target forced to cpu2 -- confirmed, competitor already running for this whole scale
[run] competitor re-confirmed actually executing for this cell
[run] running...
[run] co-runner (competitor) own jobs.csv row count at cell end: 102873
[run] collected 5000/5000 rows -> results/model3-w4_phys_res_ptrchase_round3/tight/U0.9
[run] === tight/U0.94 (models/model3-w4/generated_ptrchase/tight/U0.94.yaml) ===
[run] target on cpu0, wanted one of {2 3} (1/8); re-placing
[run] competitor fixed on cpu1, target forced to cpu2 -- confirmed, competitor already running for this whole scale
[run] competitor re-confirmed actually executing for this cell
[run] running...
[run] co-runner (competitor) own jobs.csv row count at cell end: 113488
[run] collected 5000/5000 rows -> results/model3-w4_phys_res_ptrchase_round3/tight/U0.94

[run] done. all 10 cell(s) collected their expected row count.
[run] analyze with: python result.py model3-w4_phys_res_ptrchase_round3
