nohup: ignoring input
[run] model=model3 ns=rq1-model3 agent=rq1-agent-jr52t cells=20 has_neighbours=0 has_competitor=1
[run] model3 arm: PAIR_TYPE=sibling COMPETITOR_TYPE=unreserved
[run] kubepods-besteffort.slice period mismatch (have 0, need 100000) -- resetting
[run] kubepods-besteffort.slice period now 100000, runtime cleared
[run] soft: unreserved competitor fixed on cpu2 (avoiding KEEP_CPU=0), confirmed actually executing, running for the whole scale
[run] soft: target will be forced onto {3} for every cell (PAIR_TYPE=sibling vs competitor cpu2)
[run] === soft/U0.1 (models/model3/generated/soft/U0.1.yaml) ===
[run] target on cpu0, wanted one of {3} (1/8); re-placing
[run] target on cpu0, wanted one of {3} (2/8); re-placing
[run] target on cpu1, wanted one of {3} (3/8); re-placing
[run] target on cpu0, wanted one of {3} (4/8); re-placing
[run] target on cpu2, wanted one of {3} (5/8); re-placing
[run] target on cpu2, wanted one of {3} (6/8); re-placing
[run] target on cpu1, wanted one of {3} (7/8); re-placing
[run] target on cpu1, wanted one of {3} (8/8); re-placing
[run] could not place target on any of {3} after 8 attempts; giving up on this cell
[run] FAILED soft/U0.1 after 4 attempt(s): could not place target on any of {3} after 8 attempts
[run] === soft/U0.2 (models/model3/generated/soft/U0.2.yaml) ===
[run] target on cpu0, wanted one of {3} (1/8); re-placing
[run] target on cpu2, wanted one of {3} (2/8); re-placing
[run] target on cpu2, wanted one of {3} (3/8); re-placing
[run] target on cpu0, wanted one of {3} (4/8); re-placing
[run] target on cpu2, wanted one of {3} (5/8); re-placing
[run] target on cpu0, wanted one of {3} (6/8); re-placing
[run] target on cpu2, wanted one of {3} (7/8); re-placing
[run] competitor fixed on cpu2, target forced to cpu3 -- confirmed, competitor already running for this whole scale
[run] competitor re-confirmed actually executing for this cell
[run] running...
[run] co-runner (interferer) own jobs.csv row count at cell end: 15934
[run] collected 5000/5000 rows -> results/model3_round4/soft/U0.2
[run] === soft/U0.3 (models/model3/generated/soft/U0.3.yaml) ===
[run] target on cpu0, wanted one of {3} (1/8); re-placing
[run] target on cpu0, wanted one of {3} (2/8); re-placing
[run] competitor fixed on cpu2, target forced to cpu3 -- confirmed, competitor already running for this whole scale
[run] competitor re-confirmed actually executing for this cell
[run] running...
[run] co-runner (interferer) own jobs.csv row count at cell end: 27028
[run] collected 5000/5000 rows -> results/model3_round4/soft/U0.3
[run] === soft/U0.4 (models/model3/generated/soft/U0.4.yaml) ===
[run] target on cpu0, wanted one of {3} (1/8); re-placing
[run] target on cpu2, wanted one of {3} (2/8); re-placing
[run] target on cpu1, wanted one of {3} (3/8); re-placing
[run] target on cpu2, wanted one of {3} (4/8); re-placing
[run] target on cpu2, wanted one of {3} (5/8); re-placing
[run] target on cpu0, wanted one of {3} (6/8); re-placing
[run] target on cpu2, wanted one of {3} (7/8); re-placing
[run] competitor fixed on cpu2, target forced to cpu3 -- confirmed, competitor already running for this whole scale
[run] competitor re-confirmed actually executing for this cell
[run] running...
[run] co-runner (interferer) own jobs.csv row count at cell end: 34891
[run] collected 5000/5000 rows -> results/model3_round4/soft/U0.4
[run] === soft/U0.5 (models/model3/generated/soft/U0.5.yaml) ===
[run] target on cpu2, wanted one of {3} (1/8); re-placing
[run] target on cpu1, wanted one of {3} (2/8); re-placing
[run] competitor fixed on cpu2, target forced to cpu3 -- confirmed, competitor already running for this whole scale
[run] competitor re-confirmed actually executing for this cell
[run] running...
[run] co-runner (interferer) own jobs.csv row count at cell end: 45943
[run] collected 5000/5000 rows -> results/model3_round4/soft/U0.5
[run] === soft/U0.6 (models/model3/generated/soft/U0.6.yaml) ===
[run] target on cpu0, wanted one of {3} (1/8); re-placing
[run] target on cpu0, wanted one of {3} (2/8); re-placing
[run] target on cpu0, wanted one of {3} (3/8); re-placing
[run] competitor fixed on cpu2, target forced to cpu3 -- confirmed, competitor already running for this whole scale
[run] competitor re-confirmed actually executing for this cell
[run] running...
[run] co-runner (interferer) own jobs.csv row count at cell end: 52383
[run] collected 5000/5000 rows -> results/model3_round4/soft/U0.6
[run] === soft/U0.7 (models/model3/generated/soft/U0.7.yaml) ===
[run] target on cpu0, wanted one of {3} (1/8); re-placing
[run] target on cpu0, wanted one of {3} (2/8); re-placing
Error from server (AlreadyExists): error when creating "models/model3/generated/soft/U0.7.yaml": object is being deleted: pods "model3-soft-u70" already exists
[run] target on cpu0, wanted one of {3} (3/8); re-placing
[run] competitor fixed on cpu2, target forced to cpu3 -- confirmed, competitor already running for this whole scale
[run] competitor re-confirmed actually executing for this cell
[run] running...
[run] co-runner (interferer) own jobs.csv row count at cell end: 58452
[run] collected 5000/5000 rows -> results/model3_round4/soft/U0.7
[run] === soft/U0.8 (models/model3/generated/soft/U0.8.yaml) ===
[run] target on cpu1, wanted one of {3} (1/8); re-placing
[run] target on cpu2, wanted one of {3} (2/8); re-placing
[run] target on cpu2, wanted one of {3} (3/8); re-placing
[run] target on cpu0, wanted one of {3} (4/8); re-placing
[run] target on cpu2, wanted one of {3} (5/8); re-placing
[run] target on cpu0, wanted one of {3} (6/8); re-placing
[run] target on cpu1, wanted one of {3} (7/8); re-placing
[run] competitor fixed on cpu2, target forced to cpu3 -- confirmed, competitor already running for this whole scale
[run] competitor re-confirmed actually executing for this cell
[run] running...
[run] co-runner (interferer) own jobs.csv row count at cell end: 66286
[run] collected 5000/5000 rows -> results/model3_round4/soft/U0.8
[run] === soft/U0.9 (models/model3/generated/soft/U0.9.yaml) ===
[run] competitor fixed on cpu2, target forced to cpu3 -- confirmed, competitor already running for this whole scale
[run] competitor re-confirmed actually executing for this cell
[run] running...
[run] co-runner (interferer) own jobs.csv row count at cell end: 71700
[run] collected 5000/5000 rows -> results/model3_round4/soft/U0.9
[run] === soft/U0.94 (models/model3/generated/soft/U0.94.yaml) ===
[run] target on cpu2, wanted one of {3} (1/8); re-placing
[run] competitor fixed on cpu2, target forced to cpu3 -- confirmed, competitor already running for this whole scale
[run] competitor re-confirmed actually executing for this cell
[run] running...
[run] co-runner (interferer) own jobs.csv row count at cell end: 77305
[run] collected 5000/5000 rows -> results/model3_round4/soft/U0.94

[run] --- 1 cell(s) failed in soft; retrying once more (competitor still running) ---
[run] === soft/U0.1 (models/model3/generated/soft/U0.1.yaml) ===
[run] target on cpu0, wanted one of {3} (1/8); re-placing
[run] target on cpu0, wanted one of {3} (2/8); re-placing
[run] target on cpu0, wanted one of {3} (3/8); re-placing
[run] target on cpu0, wanted one of {3} (4/8); re-placing
[run] target on cpu2, wanted one of {3} (5/8); re-placing
[run] target on cpu0, wanted one of {3} (6/8); re-placing
[run] target on cpu0, wanted one of {3} (7/8); re-placing
[run] target on cpu0, wanted one of {3} (8/8); re-placing
[run] could not place target on any of {3} after 8 attempts; giving up on this cell
[run] FAILED soft/U0.1 after 4 attempt(s): could not place target on any of {3} after 8 attempts
[run] kubepods-besteffort.slice period mismatch (have 100000, need 10000) -- resetting
[run] kubepods-besteffort.slice period now 10000, runtime cleared
[run] tight: unreserved competitor fixed on cpu2 (avoiding KEEP_CPU=0), confirmed actually executing, running for the whole scale
[run] tight: target will be forced onto {3} for every cell (PAIR_TYPE=sibling vs competitor cpu2)
[run] === tight/U0.1 (models/model3/generated/tight/U0.1.yaml) ===
[run] competitor fixed on cpu2, target forced to cpu3 -- confirmed, competitor already running for this whole scale
[run] competitor re-confirmed actually executing for this cell
[run] running...
[run] co-runner (interferer) own jobs.csv row count at cell end: 6194
[run] collected 5000/5000 rows -> results/model3_round4/tight/U0.1
[run] === tight/U0.2 (models/model3/generated/tight/U0.2.yaml) ===
[run] target on cpu1, wanted one of {3} (1/8); re-placing
[run] target on cpu0, wanted one of {3} (2/8); re-placing
[run] target on cpu0, wanted one of {3} (3/8); re-placing
[run] target on cpu1, wanted one of {3} (4/8); re-placing
[run] target on cpu0, wanted one of {3} (5/8); re-placing
[run] target on cpu0, wanted one of {3} (6/8); re-placing
[run] target on cpu0, wanted one of {3} (7/8); re-placing
[run] target on cpu0, wanted one of {3} (8/8); re-placing
[run] could not place target on any of {3} after 8 attempts; giving up on this cell
[run] FAILED tight/U0.2 after 4 attempt(s): could not place target on any of {3} after 8 attempts
[run] === tight/U0.3 (models/model3/generated/tight/U0.3.yaml) ===
[run] target on cpu1, wanted one of {3} (1/8); re-placing
[run] target on cpu0, wanted one of {3} (2/8); re-placing
[run] target on cpu0, wanted one of {3} (3/8); re-placing
[run] target on cpu2, wanted one of {3} (4/8); re-placing
[run] target on cpu1, wanted one of {3} (5/8); re-placing
[run] target on cpu2, wanted one of {3} (6/8); re-placing
[run] target on cpu2, wanted one of {3} (7/8); re-placing
[run] target on cpu0, wanted one of {3} (8/8); re-placing
[run] could not place target on any of {3} after 8 attempts; giving up on this cell
[run] FAILED tight/U0.3 after 4 attempt(s): could not place target on any of {3} after 8 attempts
[run] === tight/U0.4 (models/model3/generated/tight/U0.4.yaml) ===
[run] competitor fixed on cpu2, target forced to cpu3 -- confirmed, competitor already running for this whole scale
[run] competitor re-confirmed actually executing for this cell
[run] running...
[run] co-runner (interferer) own jobs.csv row count at cell end: 73606
[run] collected 5000/5000 rows -> results/model3_round4/tight/U0.4
[run] === tight/U0.5 (models/model3/generated/tight/U0.5.yaml) ===
[run] target on cpu2, wanted one of {3} (1/8); re-placing
[run] target on cpu2, wanted one of {3} (2/8); re-placing
[run] target on cpu1, wanted one of {3} (3/8); re-placing
[run] target on cpu2, wanted one of {3} (4/8); re-placing
[run] competitor fixed on cpu2, target forced to cpu3 -- confirmed, competitor already running for this whole scale
[run] competitor re-confirmed actually executing for this cell
[run] running...
[run] co-runner (interferer) own jobs.csv row count at cell end: 95106
[run] collected 5000/5000 rows -> results/model3_round4/tight/U0.5
[run] === tight/U0.6 (models/model3/generated/tight/U0.6.yaml) ===
[run] target on cpu1, wanted one of {3} (1/8); re-placing
[run] target on cpu1, wanted one of {3} (2/8); re-placing
[run] target on cpu2, wanted one of {3} (3/8); re-placing
[run] target on cpu2, wanted one of {3} (4/8); re-placing
[run] competitor fixed on cpu2, target forced to cpu3 -- confirmed, competitor already running for this whole scale
[run] competitor re-confirmed actually executing for this cell
[run] running...
[run] co-runner (interferer) own jobs.csv row count at cell end: 121773
[run] collected 5000/5000 rows -> results/model3_round4/tight/U0.6
[run] === tight/U0.7 (models/model3/generated/tight/U0.7.yaml) ===
[run] target on cpu0, wanted one of {3} (1/8); re-placing
[run] target on cpu2, wanted one of {3} (2/8); re-placing
[run] target on cpu0, wanted one of {3} (3/8); re-placing
[run] target on cpu2, wanted one of {3} (4/8); re-placing
[run] target on cpu2, wanted one of {3} (5/8); re-placing
[run] target on cpu1, wanted one of {3} (6/8); re-placing
[run] target on cpu2, wanted one of {3} (7/8); re-placing
[run] target on cpu2, wanted one of {3} (8/8); re-placing
[run] could not place target on any of {3} after 8 attempts; giving up on this cell
[run] FAILED tight/U0.7 after 4 attempt(s): could not place target on any of {3} after 8 attempts
[run] === tight/U0.8 (models/model3/generated/tight/U0.8.yaml) ===
[run] target on cpu2, wanted one of {3} (1/8); re-placing
[run] target on cpu0, wanted one of {3} (2/8); re-placing
[run] target on cpu0, wanted one of {3} (3/8); re-placing
[run] target on cpu1, wanted one of {3} (4/8); re-placing
[run] target on cpu0, wanted one of {3} (5/8); re-placing
[run] target on cpu0, wanted one of {3} (6/8); re-placing
[run] target on cpu0, wanted one of {3} (7/8); re-placing
[run] target on cpu0, wanted one of {3} (8/8); re-placing
[run] could not place target on any of {3} after 8 attempts; giving up on this cell
[run] FAILED tight/U0.8 after 4 attempt(s): could not place target on any of {3} after 8 attempts
[run] === tight/U0.9 (models/model3/generated/tight/U0.9.yaml) ===
[run] target on cpu2, wanted one of {3} (1/8); re-placing
[run] target on cpu0, wanted one of {3} (2/8); re-placing
[run] competitor fixed on cpu2, target forced to cpu3 -- confirmed, competitor already running for this whole scale
[run] competitor re-confirmed actually executing for this cell
[run] running...
[run] co-runner (interferer) own jobs.csv row count at cell end: 195757
[run] collected 5000/5000 rows -> results/model3_round4/tight/U0.9
[run] === tight/U0.94 (models/model3/generated/tight/U0.94.yaml) ===
[run] target on cpu0, wanted one of {3} (1/8); re-placing
[run] target on cpu0, wanted one of {3} (2/8); re-placing
[run] target on cpu1, wanted one of {3} (3/8); re-placing
[run] target on cpu0, wanted one of {3} (4/8); re-placing
[run] target on cpu1, wanted one of {3} (5/8); re-placing
[run] target on cpu2, wanted one of {3} (6/8); re-placing
[run] target on cpu0, wanted one of {3} (7/8); re-placing
[run] target on cpu0, wanted one of {3} (8/8); re-placing
[run] could not place target on any of {3} after 8 attempts; giving up on this cell
[run] FAILED tight/U0.94 after 4 attempt(s): could not place target on any of {3} after 8 attempts

[run] --- 6 cell(s) failed in tight; retrying once more (competitor still running) ---
[run] === soft/U0.1 (models/model3/generated/soft/U0.1.yaml) ===
[run] target on cpu1, wanted one of {3} (1/8); re-placing
[run] competitor fixed on cpu2, target forced to cpu3 -- confirmed, competitor already running for this whole scale
[run] competitor re-confirmed actually executing for this cell
[run] running...
[run] co-runner (interferer) own jobs.csv row count at cell end: 285333
[run] collected 5000/5000 rows -> results/model3_round4/soft/U0.1
[run] === tight/U0.2 (models/model3/generated/tight/U0.2.yaml) ===
[run] target on cpu0, wanted one of {3} (1/8); re-placing
[run] target on cpu0, wanted one of {3} (2/8); re-placing
[run] target on cpu0, wanted one of {3} (3/8); re-placing
[run] target on cpu1, wanted one of {3} (4/8); re-placing
[run] target on cpu0, wanted one of {3} (5/8); re-placing
[run] target on cpu1, wanted one of {3} (6/8); re-placing
[run] target on cpu2, wanted one of {3} (7/8); re-placing
[run] target on cpu2, wanted one of {3} (8/8); re-placing
[run] could not place target on any of {3} after 8 attempts; giving up on this cell
[run] FAILED tight/U0.2 after 4 attempt(s): could not place target on any of {3} after 8 attempts
[run] === tight/U0.3 (models/model3/generated/tight/U0.3.yaml) ===
[run] target on cpu0, wanted one of {3} (1/8); re-placing
[run] target on cpu0, wanted one of {3} (2/8); re-placing
[run] target on cpu1, wanted one of {3} (3/8); re-placing
[run] target on cpu2, wanted one of {3} (4/8); re-placing
[run] target on cpu0, wanted one of {3} (5/8); re-placing
[run] target on cpu0, wanted one of {3} (6/8); re-placing
[run] target on cpu0, wanted one of {3} (7/8); re-placing
[run] competitor fixed on cpu2, target forced to cpu3 -- confirmed, competitor already running for this whole scale
[run] competitor re-confirmed actually executing for this cell
[run] running...
[run] co-runner (interferer) own jobs.csv row count at cell end: 347649
[run] collected 5000/5000 rows -> results/model3_round4/tight/U0.3
[run] === tight/U0.7 (models/model3/generated/tight/U0.7.yaml) ===
[run] competitor fixed on cpu2, target forced to cpu3 -- confirmed, competitor already running for this whole scale
[run] competitor re-confirmed actually executing for this cell
[run] running...
[run] co-runner (interferer) own jobs.csv row count at cell end: 354866
[run] collected 5000/5000 rows -> results/model3_round4/tight/U0.7
[run] === tight/U0.8 (models/model3/generated/tight/U0.8.yaml) ===
[run] competitor fixed on cpu2, target forced to cpu3 -- confirmed, competitor already running for this whole scale
[run] competitor re-confirmed actually executing for this cell
[run] running...
[run] co-runner (interferer) own jobs.csv row count at cell end: 361952
[run] collected 5000/5000 rows -> results/model3_round4/tight/U0.8
[run] === tight/U0.94 (models/model3/generated/tight/U0.94.yaml) ===
[run] target on cpu2, wanted one of {3} (1/8); re-placing
[run] competitor fixed on cpu2, target forced to cpu3 -- confirmed, competitor already running for this whole scale
[run] competitor re-confirmed actually executing for this cell
[run] running...
[run] co-runner (interferer) own jobs.csv row count at cell end: 372473
[run] collected 5000/5000 rows -> results/model3_round4/tight/U0.94

[run] done. 2/20 cell(s) did not produce valid data -- do not trust these:
  - soft/U0.1: could not place target on any of {3} after 8 attempts [failed even after end-of-sweep retry]
  - tight/U0.2: could not place target on any of {3} after 8 attempts [failed even after end-of-sweep retry]
[run] analyze with: python result.py model3_round4
