nohup: ignoring input
[run] U_MIN=0.6 U_MAX= applied: 5 cells remain
[run] model=model3-w4 ns=rq1-model3-w4 agent=rq1-agent-rlg6w cells=5 has_neighbours=0 has_competitor=1
[run] model3 arm: PAIR_TYPE=physical COMPETITOR_TYPE=reserved
[run] reserved competitor landed on KEEP_CPU=0 (tight, attempt 1/5); re-placing
[run] tight: reserved competitor landed on cpu1 (avoiding KEEP_CPU=0), confirmed actually executing, running for the whole scale
[run] tight: target will be forced onto {2 3} for every cell (PAIR_TYPE=physical vs competitor cpu1)
[run] === tight/U0.6 (models/model3-w4/generated_ptrchase/tight/U0.6.yaml) ===
[run] target on cpu0, wanted one of {2 3} (1/8); re-placing
[run] competitor fixed on cpu1, target forced to cpu3 -- confirmed, competitor already running for this whole scale
[run] competitor re-confirmed actually executing for this cell
[run] running...
[run] co-runner (competitor) own jobs.csv row count at cell end: 9657
[run] collected 5000/5000 rows -> results/model3-w4_phys_res_ptrchase_round2/tight/U0.6
[run] === tight/U0.7 (models/model3-w4/generated_ptrchase/tight/U0.7.yaml) ===
[run] competitor fixed on cpu1, target forced to cpu2 -- confirmed, competitor already running for this whole scale
[run] competitor re-confirmed actually executing for this cell
[run] running...
[run] co-runner (competitor) own jobs.csv row count at cell end: 16750
[run] collected 5000/5000 rows -> results/model3-w4_phys_res_ptrchase_round2/tight/U0.7
[run] === tight/U0.8 (models/model3-w4/generated_ptrchase/tight/U0.8.yaml) ===
[run] competitor fixed on cpu1, target forced to cpu3 -- confirmed, competitor already running for this whole scale
[run] competitor re-confirmed actually executing for this cell
[run] running...
[run] co-runner (competitor) own jobs.csv row count at cell end: 23702
[run] collected 5000/5000 rows -> results/model3-w4_phys_res_ptrchase_round2/tight/U0.8
[run] === tight/U0.9 (models/model3-w4/generated_ptrchase/tight/U0.9.yaml) ===
[run] competitor fixed on cpu1, target forced to cpu2 -- confirmed, competitor already running for this whole scale
[run] competitor re-confirmed actually executing for this cell
[run] running...
[run] co-runner (competitor) own jobs.csv row count at cell end: 30861
[run] collected 5000/5000 rows -> results/model3-w4_phys_res_ptrchase_round2/tight/U0.9
[run] === tight/U0.94 (models/model3-w4/generated_ptrchase/tight/U0.94.yaml) ===
[run] target on cpu0, wanted one of {2 3} (1/8); re-placing
[run] target on cpu0, wanted one of {2 3} (2/8); re-placing
[run] target on cpu0, wanted one of {2 3} (3/8); re-placing
[run] competitor fixed on cpu1, target forced to cpu3 -- confirmed, competitor already running for this whole scale
[run] competitor re-confirmed actually executing for this cell
[run] running...
[run] co-runner (competitor) own jobs.csv row count at cell end: 48999
[run] collected 5000/5000 rows -> results/model3-w4_phys_res_ptrchase_round2/tight/U0.94

[run] done. all 5 cell(s) collected their expected row count.
[run] analyze with: python result.py model3-w4_phys_res_ptrchase_round2
