node slice on worker7: period 100000 runtime 0 93000 93000 0 
[17:51:15] node rt-k8s-worker-7 (agent rq1-agent-g6hp5), pod rq2/rq2-single-instance0, 1 instance(s), enemy cpus none
[17:51:15] === baseline swap
node slice on worker7: period 100000 runtime 0 93000 93000 0 
note: nodeSelector entries that rt-k8s-worker-7 does not carry are dropped: rq2-role: single-core
[18:08:28] node rt-k8s-worker-7 (agent rq1-agent-g6hp5), pod rq2/rq2-single-instance0, 1 instance(s), enemy cpus none
[18:08:28] === baseline swap
check failed: /home/azureuser/GraduationProject/research-questions/RQ2/procedure/step3_drift_runs/results/seg_single/extra_baselines/swap/instance0.csv has -1 rows (expected 30000)
[18:58:56] attempt 1 failed
    --- pod rq2-single-instance0 at the failure:
    NAME                   READY   STATUS      RESTARTS   AGE   IP              NODE              NOMINATED NODE   READINESS GATES
    rq2-single-instance0   0/1     Completed   0          50m   192.168.68.79   rt-k8s-worker-7   <none>           <none>
    QoS Class:                   BestEffort
    Node-Selectors:              experiment-model=rq2
                                 kubernetes.io/hostname=rt-k8s-worker-7
    Tolerations:                 op=Exists
    Events:
      Type     Reason            Age   From               Message
      ----     ------            ----  ----               -------
      Warning  FailedScheduling  50m   default-scheduler  0/1 nodes are available: 1 waiting for resource driver to allocate resource.
      Normal   Scheduled         50m   default-scheduler  Successfully assigned rq2/rq2-single-instance0 to rt-k8s-worker-7
      Normal   Pulled            50m   kubelet            Container image "pippina2/rq2-seg:v2" already present on machine
      Normal   Created           50m   kubelet            Created container seg
      Normal   Started           50m   kubelet            Started container seg
    --- its logs:
    [0;93m2026-10-08 18:08:32.343834190 [W:onnxruntime:Default, device_discovery.cc:146 GetPciBusId] Skipping pci_bus_id for PCI path at "/sys/devices/LNXSYSTM:00/LNXSYBUS:00/ACPI0004:00/MSFT1000:00/5620e0c7-8062-4dce-aeb7-520c7ef76171" because filename "5620e0c7-8062-4dce-aeb7-520c7ef76171" did not match expected pattern of [0-9a-f]+:[0-9a-f]+:[0-9a-f]+[.][0-9a-f]+[m
    [instance0] 30000 jobs run, 0 skipped; cpu_ms median=43.69 p99=46.42 max=62.19
[18:58:57] baseline swap done -> /home/azureuser/GraduationProject/research-questions/RQ2/procedure/step3_drift_runs/results/seg_single/extra_baselines/swap
[18:59:07] done: /home/azureuser/GraduationProject/research-questions/RQ2/procedure/step3_drift_runs/results/seg_single/extra_baselines/swap
error: pod rq2/rq2-single-instance0 already exists: wait for it or kubectl -n rq2 delete pod rq2-single-instance0
[19:49:24] baseline swap done -> /home/azureuser/GraduationProject/research-questions/RQ2/procedure/step3_drift_runs/results/seg_single/extra_baselines/swap
[19:49:34] done: /home/azureuser/GraduationProject/research-questions/RQ2/procedure/step3_drift_runs/results/seg_single/extra_baselines/swap
note: nodeSelector entries that rt-k8s-worker-7 does not carry are dropped: rq2-role: single-core
[19:49:35] node rt-k8s-worker-7 (agent rq1-agent-g6hp5), pod rq2/rq2-single-instance0, 1 instance(s), enemy cpus 2,3,0
[19:49:35] === stress (paired with swap)
    OK   71056   2 99.7 rq2-enemy
    OK   71057   3 88.6 rq2-enemy
    OK   71058   0 87.6 rq2-enemy
[20:40:11] stress (paired with swap) done -> /home/azureuser/GraduationProject/research-questions/RQ2/procedure/step3_drift_runs/results/seg_single/stress_run
[20:40:21] done: /home/azureuser/GraduationProject/research-questions/RQ2/procedure/step3_drift_runs/results/seg_single/stress_run
